--------- beginning of /dev/log/system
I/ActivityManager(  468): No longer want com.htc.android.mail (pid 29268): hidden #16, adj=15
D/MountService(  468): An IMountServiceListener has died!
D/MountService(  468): An IMountServiceListener has died!
V/ActivityManager(  468): Check provider process: com.htc.launcher for client process: com.htc.idlescreen.shortcut
D/ActivityManager(  468): isProcessAlive /proc/dying_processes found
V/ActivityManager(  468): Delivering to component ComponentInfo{com.htc.reportagent/com.htc.reportagent.receiver.ReportAgentReceiver}: BroadcastRecord{40dc0d08 com.htc.intent.action.BUGREPORT}
D/DropBoxManagerService(  468): Found time mapping 1337118881022 -> 1337118881139
D/DropBoxManagerService(  468): Found time mapping 1337118881022 -> 1337118881139
D/PowerManagerService(  468): acquireWakeLock(40df8408): PARTIAL_WAKE_LOCK , tag=BugReportService, flags=0x1, pid=29343, uid=10131, mUserState=0x3
V/LocationManagerService(  468): getLastKnownLocation: network
V/ActivityManager(  468): Delivering to component ComponentInfo{com.htc.reportagent/com.htc.reportagent.receiver.ReportAgentReceiver}: BroadcastRecord{40dcf538 com.htc.intent.action.BUGREPORT}
V/ActivityManager(  468): Delivering to component ComponentInfo{com.htc.reportagent/com.htc.reportagent.receiver.ReportAgentReceiver}: BroadcastRecord{40ded568 com.htc.intent.action.USER_PROFILING}
D/ConnectivityService(  468): sendStickyBroadcast: action=android.net.conn.CONNECTIVITY_CHANGE
V/ActivityManager(  468): Delivering non-ordered to registered BroadcastFilter{413a4c70 ReceiverList{413a4bf8 468 system/1000 local:413a4a48}}: BroadcastRecord{40d94cc0 android.net.conn.CONNECTIVITY_CHANGE}
I/ActivityManager(  468): Delivering to BroadcastFilter{413a4c70 ReceiverList{413a4bf8 468 system/1000 local:413a4a48}}
V/ActivityManager(  468): Delivering non-ordered to registered BroadcastFilter{40fc0810 ReceiverList{40fc77e8 468 system/1000 local:40fe8678}}: BroadcastRecord{40d94cc0 android.net.conn.CONNECTIVITY_CHANGE}
I/ActivityManager(  468): Delivering to BroadcastFilter{40fc0810 ReceiverList{40fc77e8 468 system/1000 local:40fe8678}}
V/ActivityManager(  468): Delivering non-ordered to registered BroadcastFilter{412cdcc0 ReceiverList{412cdc48 468 system/1000 local:412cda98}}: BroadcastRecord{40d94cc0 android.net.conn.CONNECTIVITY_CHANGE}
I/ActivityManager(  468): Delivering to BroadcastFilter{412cdcc0 ReceiverList{412cdc48 468 system/1000 local:412cda98}}
V/ActivityManager(  468): Delivering non-ordered to registered BroadcastFilter{4153ecd0 ReceiverList{4153ec58 468 system/1000 local:4153ea78}}: BroadcastRecord{40d94cc0 android.net.conn.CONNECTIVITY_CHANGE}
I/ActivityManager(  468): Delivering to BroadcastFilter{4153ecd0 ReceiverList{4153ec58 468 system/1000 local:4153ea78}}
V/ActivityManager(  468): Delivering non-ordered to registered BroadcastFilter{41434a68 ReceiverList{414349f0 468 system/1000 local:41434860}}: BroadcastRecord{40d94cc0 android.net.conn.CONNECTIVITY_CHANGE}
I/ActivityManager(  468): Delivering to BroadcastFilter{41434a68 ReceiverList{414349f0 468 system/1000 local:41434860}}
V/ActivityManager(  468): Delivering non-ordered to registered BroadcastFilter{4116f630 ReceiverList{4116f5b8 468 system/1000 local:415195e0}}: BroadcastRecord{40d94cc0 android.net.conn.CONNECTIVITY_CHANGE}
I/ActivityManager(  468): Delivering to BroadcastFilter{4116f630 ReceiverList{4116f5b8 468 system/1000 local:415195e0}}
V/ActivityManager(  468): Delivering non-ordered to registered BroadcastFilter{415b3950 ReceiverList{415b38d8 653 com.android.systemui/1000 remote:415af360}}: BroadcastRecord{40d94cc0 android.net.conn.CONNECTIVITY_CHANGE}
I/ActivityManager(  468): Delivering to BroadcastFilter{415b3950 ReceiverList{415b38d8 653 com.android.systemui/1000 remote:415af360}}
D/ConnectivityService(  468): sendStickyBroadcast: action=android.net.conn.CONNECTIVITY_CHANGE
V/ActivityManager(  468): Delivering non-ordered to registered BroadcastFilter{41414210 ReceiverList{41414170 1180 com.movial.ipservice/10103 remote:412dab10}}: BroadcastRecord{40d94cc0 android.net.conn.CONNECTIVITY_CHANGE}
I/ActivityManager(  468): Delivering to BroadcastFilter{41414210 ReceiverList{41414170 1180 com.movial.ipservice/10103 remote:412dab10}}
V/ActivityManager(  468): Delivering non-ordered to registered BroadcastFilter{41641918 ReceiverList{41641848 774 sys.Manager/10104 remote:416414c8}}: BroadcastRecord{40d94cc0 android.net.conn.CONNECTIVITY_CHANGE}
I/ActivityManager(  468): Delivering to BroadcastFilter{41641918 ReceiverList{41641848 774 sys.Manager/10104 remote:416414c8}}
V/ActivityManager(  468): Delivering non-ordered to registered BroadcastFilter{4161b360 ReceiverList{415b3018 841 com.google.process.gapps/10017 remote:4142d530}}: BroadcastRecord{40d94cc0 android.net.conn.CONNECTIVITY_CHANGE}
I/ActivityManager(  468): Delivering to BroadcastFilter{4161b360 ReceiverList{415b3018 841 com.google.process.gapps/10017 remote:4142d530}}
V/ActivityManager(  468): Delivering non-ordered to registered BroadcastFilter{4126bd68 ReceiverList{412c2318 17046 javax.microedition.ims:ims_stack/10189 remote:41375718}}: BroadcastRecord{40d94cc0 android.net.conn.CONNECTIVITY_CHANGE}
I/ActivityManager(  468): Delivering to BroadcastFilter{4126bd68 ReceiverList{412c2318 17046 javax.microedition.ims:ims_stack/10189 remote:41375718}}
V/ActivityManager(  468): Delivering non-ordered to registered BroadcastFilter{41988e28 ReceiverList{41988db0 23406 com.google.android.apps.maps/10034 remote:41810868}}: BroadcastRecord{40d94cc0 android.net.conn.CONNECTIVITY_CHANGE}
I/ActivityManager(  468): Delivering to BroadcastFilter{41988e28 ReceiverList{41988db0 23406 com.google.android.apps.maps/10034 remote:41810868}}
D/PhoneStatusBarPolicy(  653): onReceive , action=android.net.conn.CONNECTIVITY_CHANGE
D/PhoneStatusBarPolicy(  653): updateConnectivity , info.getType()=18 , connectionStatus=100
D/ConnectivityService(  468): reportInetCondition for net 1, percentage: 100 by 841/10017
V/ActivityManager(  468): Delivering to component ComponentInfo{com.htc.notes/com.htc.notes.collection.NotesReceiver}: BroadcastRecord{40d94d80 android.net.conn.CONNECTIVITY_CHANGE}
D/LocationManagerService(  468): ConnectivityChange for USBNET:DISCONNECTED
D/ConnectivityService(  468): handleInetConditionChange: net=1, condition=100,mActiveDefaultNetwork=1
D/ConnectivityService(  468): handleInetConditionChange: starting a change hold
I/ActivityManager(  468): Start proc com.movial.ipprovider for content provider com.movial.ipprovider/.IPPhoneProvider: pid=29592 uid=10191 gids={}
V/ActivityManager(  468): Check provider process: com.android.phone for client process: sys.Manager
D/ActivityManager(  468): isProcessAlive /proc/dying_processes found
V/ActivityManager(  468): Delivering non-ordered to registered BroadcastFilter{413a4c70 ReceiverList{413a4bf8 468 system/1000 local:413a4a48}}: BroadcastRecord{40dd8898 android.net.conn.CONNECTIVITY_CHANGE}
I/ActivityManager(  468): Delivering to BroadcastFilter{413a4c70 ReceiverList{413a4bf8 468 system/1000 local:413a4a48}}
V/ActivityManager(  468): Delivering non-ordered to registered BroadcastFilter{40fc0810 ReceiverList{40fc77e8 468 system/1000 local:40fe8678}}: BroadcastRecord{40dd8898 android.net.conn.CONNECTIVITY_CHANGE}
I/ActivityManager(  468): Delivering to BroadcastFilter{40fc0810 ReceiverList{40fc77e8 468 system/1000 local:40fe8678}}
V/ActivityManager(  468): Delivering non-ordered to registered BroadcastFilter{412cdcc0 ReceiverList{412cdc48 468 system/1000 local:412cda98}}: BroadcastRecord{40dd8898 android.net.conn.CONNECTIVITY_CHANGE}
I/ActivityManager(  468): Delivering to BroadcastFilter{412cdcc0 ReceiverList{412cdc48 468 system/1000 local:412cda98}}
V/ActivityManager(  468): Delivering non-ordered to registered BroadcastFilter{4153ecd0 ReceiverList{4153ec58 468 system/1000 local:4153ea78}}: BroadcastRecord{40dd8898 android.net.conn.CONNECTIVITY_CHANGE}
I/ActivityManager(  468): Delivering to BroadcastFilter{4153ecd0 ReceiverList{4153ec58 468 system/1000 local:4153ea78}}
V/ActivityManager(  468): Delivering non-ordered to registered BroadcastFilter{41434a68 ReceiverList{414349f0 468 system/1000 local:41434860}}: BroadcastRecord{40dd8898 android.net.conn.CONNECTIVITY_CHANGE}
I/ActivityManager(  468): Delivering to BroadcastFilter{41434a68 ReceiverList{414349f0 468 system/1000 local:41434860}}
V/ActivityManager(  468): Delivering non-ordered to registered BroadcastFilter{4116f630 ReceiverList{4116f5b8 468 system/1000 local:415195e0}}: BroadcastRecord{40dd8898 android.net.conn.CONNECTIVITY_CHANGE}
I/ActivityManager(  468): Delivering to BroadcastFilter{4116f630 ReceiverList{4116f5b8 468 system/1000 local:415195e0}}
V/ActivityManager(  468): Delivering non-ordered to registered BroadcastFilter{415b3950 ReceiverList{415b38d8 653 com.android.systemui/1000 remote:415af360}}: BroadcastRecord{40dd8898 android.net.conn.CONNECTIVITY_CHANGE}
I/ActivityManager(  468): Delivering to BroadcastFilter{415b3950 ReceiverList{415b38d8 653 com.android.systemui/1000 remote:415af360}}
D/PowerManagerService(  468): acquireWakeLock(417c6090): PARTIAL_WAKE_LOCK , tag=GpsLocationProvider, flags=0x1, pid=468, uid=1000, mUserState=0x3
D/WifiService(  468): forceUpdateRSSI when title bar UI already can get RSSI change intent
V/ActivityManager(  468): Delivering non-ordered to registered BroadcastFilter{41414210 ReceiverList{41414170 1180 com.movial.ipservice/10103 remote:412dab10}}: BroadcastRecord{40dd8898 android.net.conn.CONNECTIVITY_CHANGE}
I/ActivityManager(  468): Delivering to BroadcastFilter{41414210 ReceiverList{41414170 1180 com.movial.ipservice/10103 remote:412dab10}}
V/ActivityManager(  468): Delivering non-ordered to registered BroadcastFilter{41641918 ReceiverList{41641848 774 sys.Manager/10104 remote:416414c8}}: BroadcastRecord{40dd8898 android.net.conn.CONNECTIVITY_CHANGE}
I/ActivityManager(  468): Delivering to BroadcastFilter{41641918 ReceiverList{41641848 774 sys.Manager/10104 remote:416414c8}}
V/ActivityManager(  468): Delivering non-ordered to registered BroadcastFilter{4161b360 ReceiverList{415b3018 841 com.google.process.gapps/10017 remote:4142d530}}: BroadcastRecord{40dd8898 android.net.conn.CONNECTIVITY_CHANGE}
I/ActivityManager(  468): Delivering to BroadcastFilter{4161b360 ReceiverList{415b3018 841 com.google.process.gapps/10017 remote:4142d530}}
V/ActivityManager(  468): Delivering non-ordered to registered BroadcastFilter{4126bd68 ReceiverList{412c2318 17046 javax.microedition.ims:ims_stack/10189 remote:41375718}}: BroadcastRecord{40dd8898 android.net.conn.CONNECTIVITY_CHANGE}
I/ActivityManager(  468): Delivering to BroadcastFilter{4126bd68 ReceiverList{412c2318 17046 javax.microedition.ims:ims_stack/10189 remote:41375718}}
V/ActivityManager(  468): Delivering non-ordered to registered BroadcastFilter{41988e28 ReceiverList{41988db0 23406 com.google.android.apps.maps/10034 remote:41810868}}: BroadcastRecord{40dd8898 android.net.conn.CONNECTIVITY_CHANGE}
I/ActivityManager(  468): Delivering to BroadcastFilter{41988e28 ReceiverList{41988db0 23406 com.google.android.apps.maps/10034 remote:41810868}}
V/ActivityManager(  468): Start app com.cequint.ecid for broadcast BroadcastRecord{40d94d80 android.net.conn.CONNECTIVITY_CHANGE}
D/WifiStateMachine(  468): fetchRssiAndLinkSpeedNative send RSSIChange intent, newSignalLevel =3mLastSignalLevel = -1
D/PhoneStatusBarPolicy(  653): onReceive , action=android.net.conn.CONNECTIVITY_CHANGE
D/PhoneStatusBarPolicy(  653): updateConnectivity , info.getType()=1 , connectionStatus=100
D/PhoneStatusBarPolicy(  653): silentresetvalue = 0, mTimerEnabled = false
D/PhoneStatusBarPolicy(  653): updateSignalStrength(), no service
D/PhoneStatusBar(  653): updateIcon slot=wifi index=17 viewIndex=10 old=StatusBarIcon(pkg=com.android.systemui id=0x7f02026e level=0 visible=true num=0 ) icon=StatusBarIcon(pkg=com.android.systemui id=0x7f02026e level=0 visible=true num=0 )
D/PhoneStatusBar(  653): updateIcon slot=phone_signal index=24 viewIndex=13 old=StatusBarIcon(pkg=com.android.systemui id=0x7f02012e level=0 visible=true num=0 ) icon=StatusBarIcon(pkg=com.android.systemui id=0x7f02012e level=0 visible=true num=0 )
I/ActivityManager(  468): Start proc com.cequint.ecid for broadcast com.cequint.ecid/.WarmSocketReceiver: pid=29601 uid=10026 gids={3003, 1015, 1007}
V/ActivityManager(  468): App com.cequint.ecid started
D/PowerManagerService(  468): acquireWakeLock(4154c0f8): PARTIAL_WAKE_LOCK , tag=AlarmManager, flags=0x1, pid=468, uid=1000, mUserState=0x3
V/AlarmManager(  468): sending alarm PendingIntent{40dab350: PendingIntentRecord{416152b8 com.tmobile.highlight broadcastIntent}}, intent=com.medio.client.android.nervecenter.WIDGET_ROTATE, type=RTC, count=1, when=1337119181801, repeateInterval=300000
V/ActivityManager(  468): Delivering non-ordered to registered BroadcastFilter{415b3950 ReceiverList{415b38d8 653 com.android.systemui/1000 remote:415af360}}: BroadcastRecord{41a90258 android.net.wifi.RSSI_CHANGED}
I/ActivityManager(  468): Delivering to BroadcastFilter{415b3950 ReceiverList{415b38d8 653 com.android.systemui/1000 remote:415af360}}
V/ActivityManager(  468): Delivering non-ordered to registered BroadcastFilter{41414210 ReceiverList{41414170 1180 com.movial.ipservice/10103 remote:412dab10}}: BroadcastRecord{41a90258 android.net.wifi.RSSI_CHANGED}
I/ActivityManager(  468): Delivering to BroadcastFilter{41414210 ReceiverList{41414170 1180 com.movial.ipservice/10103 remote:412dab10}}
D/LocationManagerService(  468): ConnectivityChange for WIFI:CONNECTED
D/PhoneStatusBarPolicy(  653): onReceive , action=android.net.wifi.RSSI_CHANGED
V/AlarmManager(  468): Adding Alarm{4184ecf0 type 0 com.android.providers.htcCheckin} 1337131098930
D/WifiStateMachine(  468): fetchRssiAndLinkSpeedNative send RSSIChange intent, SameSignalLevelCount =1
D/PowerManagerService(  468): acquireWakeLock(416add98): PARTIAL_WAKE_LOCK , tag=SyncLoopWakeLock, flags=0x1, pid=468, uid=1000, mUserState=0x3
D/ConnectivityService(  468): reportInetCondition for net 1, percentage: 100 by 841/10017
D/ConnectivityService(  468): handleInetConditionChange: net=1, condition=100,mActiveDefaultNetwork=1
D/ConnectivityService(  468): handleInetConditionChange: currently in hold - not setting new end evt
V/ActivityManager(  468): Check provider process: com.android.phone for client process: system
D/ActivityManager(  468): isProcessAlive /proc/dying_processes found
D/PowerManagerService(  468): releaseWakeLock(416add98): PARTIAL_WAKE_LOCK , tag=SyncLoopWakeLock, flags=0x1
V/ActivityManager(  468): Delivering to component ComponentInfo{com.cequint.ecid/com.cequint.ecid.WarmSocketReceiver}: BroadcastRecord{40d94d80 android.net.conn.CONNECTIVITY_CHANGE}
V/ActivityManager(  468): Delivering non-ordered to registered BroadcastFilter{415b3950 ReceiverList{415b38d8 653 com.android.systemui/1000 remote:415af360}}: BroadcastRecord{41a8d440 android.net.wifi.RSSI_CHANGED}
I/ActivityManager(  468): Delivering to BroadcastFilter{415b3950 ReceiverList{415b38d8 653 com.android.systemui/1000 remote:415af360}}
V/ActivityManager(  468): Delivering non-ordered to registered BroadcastFilter{41414210 ReceiverList{41414170 1180 com.movial.ipservice/10103 remote:412dab10}}: BroadcastRecord{41a8d440 android.net.wifi.RSSI_CHANGED}
I/ActivityManager(  468): Delivering to BroadcastFilter{41414210 ReceiverList{41414170 1180 com.movial.ipservice/10103 remote:412dab10}}
D/PhoneStatusBarPolicy(  653): onReceive , action=android.net.wifi.RSSI_CHANGED
D/ConnectivityService(  468): ignoring stopUsingNetworkFeature - not a live request: 0/enableHIPRI by 29601/10026
D/PowerManagerService(  468): acquireWakeLock(41383e60): PARTIAL_WAKE_LOCK , tag=SyncLoopWakeLock, flags=0x1, pid=468, uid=1000, mUserState=0x3
D/PowerManagerService(  468): releaseWakeLock(41383e60): PARTIAL_WAKE_LOCK , tag=SyncLoopWakeLock, flags=0x1
I/ActivityManager(  468): No longer want com.htc.android.mail:sync (pid 29284): hidden #16, adj=15
D/Socket_Alarm(29601): registerHTCSocketMonitorCallBack
D/Socket_Alarm(29601): set mSocketMonitor
D/Socket_Alarm(29601): HTCSocketMonitorImpl::HTCSocketMonitorImpl
V/AlarmManager(  468): Adding Alarm{41610f38 type 2 com.cequint.ecid} 143100000
V/ActivityManager(  468): Start app android.process.media for broadcast BroadcastRecord{40d94d80 android.net.conn.CONNECTIVITY_CHANGE}
I/ActivityManager(  468): Start proc android.process.media for broadcast com.android.providers.downloads/.DownloadReceiver: pid=29623 uid=10024 gids={1015, 1023, 1024, 5001, 5002, 2001, 3003, 3007}
V/ActivityManager(  468): App android.process.media started
I/ActivityManager(  468): No longer want com.google.android.apps.maps (pid 23406): hidden #16, adj=15
V/ActivityManager(  468): Delivering to component ComponentInfo{com.android.providers.downloads/com.android.providers.downloads.DownloadReceiver}: BroadcastRecord{40d94d80 android.net.conn.CONNECTIVITY_CHANGE}
D/ConnectivityService(  468): handleInetConditionHoldEnd: net=1, condition=100, published condition=100
D/ConnectivityService(  468): sendStickyBroadcast: action=android.net.conn.INET_CONDITION_ACTION
V/ActivityManager(  468): Delivering non-ordered to registered BroadcastFilter{415b3950 ReceiverList{415b38d8 653 com.android.systemui/1000 remote:415af360}}: BroadcastRecord{417ae130 android.net.conn.INET_CONDITION_ACTION}
I/ActivityManager(  468): Delivering to BroadcastFilter{415b3950 ReceiverList{415b38d8 653 com.android.systemui/1000 remote:415af360}}
D/PhoneStatusBarPolicy(  653): onReceive , action=android.net.conn.INET_CONDITION_ACTION
D/PhoneStatusBarPolicy(  653): updateConnectivity , info.getType()=1 , connectionStatus=100
D/PhoneStatusBarPolicy(  653): silentresetvalue = 0, mTimerEnabled = false
D/PhoneStatusBarPolicy(  653): updateSignalStrength(), no service
D/PhoneStatusBar(  653): updateIcon slot=wifi index=17 viewIndex=10 old=StatusBarIcon(pkg=com.android.systemui id=0x7f02026e level=0 visible=true num=0 ) icon=StatusBarIcon(pkg=com.android.systemui id=0x7f02026e level=0 visible=true num=0 )
D/PhoneStatusBar(  653): updateIcon slot=phone_signal index=24 viewIndex=13 old=StatusBarIcon(pkg=com.android.systemui id=0x7f02012e level=0 visible=true num=0 ) icon=StatusBarIcon(pkg=com.android.systemui id=0x7f02012e level=0 visible=true num=0 )
V/ActivityManager(  468): Check provider process: com.android.phone for client process: system
D/ActivityManager(  468): isProcessAlive /proc/dying_processes found
W/MountService(  468): getVolumeState(/mnt/sdcard/ext_sd): Unknown volume
V/ActivityManager(  468): Start app com.facebook.katana for broadcast BroadcastRecord{40d94d80 android.net.conn.CONNECTIVITY_CHANGE}
D/NotificationService(  468): cancelAllNotificationsInt
I/ActivityManager(  468): Start proc com.facebook.katana for broadcast com.facebook.katana/.binding.UploadManagerConnectivity: pid=29641 uid=10030 gids={3003, 1015}
V/ActivityManager(  468): App com.facebook.katana started
D/PowerManagerService(  468): releaseWakeLock(417c6090): PARTIAL_WAKE_LOCK , tag=GpsLocationProvider, flags=0x1
V/ActivityManager(  468): Delivering to component ComponentInfo{com.facebook.katana/com.facebook.katana.binding.UploadManagerConnectivity}: BroadcastRecord{40d94d80 android.net.conn.CONNECTIVITY_CHANGE}
I/ActivityManager(  468): No longer want com.htc.autobot.cargps.provider (pid 29316): hidden #16, adj=15
V/ActivityManager(  468): Delivering to component ComponentInfo{com.htc.flexnet/com.htc.flexnet.SystemIntentReceiver}: BroadcastRecord{40d94d80 android.net.conn.CONNECTIVITY_CHANGE}
V/ActivityManager(  468): Delivering to component ComponentInfo{com.google.android.gsf/com.google.android.gsf.checkin.CheckinService$Receiver}: BroadcastRecord{40d94d80 android.net.conn.CONNECTIVITY_CHANGE}
D/PowerManagerService(  468): acquireWakeLock(4151fdd0): PARTIAL_WAKE_LOCK , tag=Checkin Handoff, flags=0x1, pid=841, uid=10017, mUserState=0x3
V/ActivityManager(  468): Delivering to component ComponentInfo{com.google.android.gsf/com.google.android.gsf.gtalkservice.ServiceAutoStarter}: BroadcastRecord{40d94d80 android.net.conn.CONNECTIVITY_CHANGE}
D/PowerManagerService(  468): acquireWakeLock(415e3278): PARTIAL_WAKE_LOCK , tag=Checkin Service, flags=0x1, pid=841, uid=10017, mUserState=0x3
D/PowerManagerService(  468): releaseWakeLock(4151fdd0): PARTIAL_WAKE_LOCK , tag=Checkin Handoff, flags=0x1
V/ActivityManager(  468): Delivering to component ComponentInfo{com.google.android.gsf/com.google.android.gsf.usagestats.StatsUploadService$Receiver}: BroadcastRecord{40d94d80 android.net.conn.CONNECTIVITY_CHANGE}
V/ActivityManager(  468): Delivering to component ComponentInfo{com.htc.htclocationservice/com.htc.htclocationservice.AutoSettingReceiver}: BroadcastRecord{40d94d80 android.net.conn.CONNECTIVITY_CHANGE}
V/ActivityManager(  468): Delivering to component ComponentInfo{com.htc.providers.uploads/com.htc.providers.uploads.UploadReceiver}: BroadcastRecord{40d94d80 android.net.conn.CONNECTIVITY_CHANGE}
V/AlarmManager(  468): Adding Alarm{41320b98 type 0 com.google.android.gsf} 1337216191961
V/ActivityManager(  468): Start app com.htc.htcMessageUploader for broadcast BroadcastRecord{40d94d80 android.net.conn.CONNECTIVITY_CHANGE}
I/ActivityManager(  468): Start proc com.htc.htcMessageUploader for broadcast com.htc.htcMessageUploader/.UploadMessageReceiver: pid=29659 uid=10060 gids={3003}
V/ActivityManager(  468): App com.htc.htcMessageUploader started
D/PowerManagerService(  468): releaseWakeLock(415e3278): PARTIAL_WAKE_LOCK , tag=Checkin Service, flags=0x1
V/ActivityManager(  468): Delivering to component ComponentInfo{com.htc.htcMessageUploader/com.htc.htcMessageUploader.UploadMessageReceiver}: BroadcastRecord{40d94d80 android.net.conn.CONNECTIVITY_CHANGE}
D/Socket_Alarm(29659): registerHTCSocketMonitorCallBack
D/Socket_Alarm(29659): set mSocketMonitor
D/Socket_Alarm(29659): HTCSocketMonitorImpl::HTCSocketMonitorImpl
V/ActivityManager(  468): Start app com.htc.notes:NotesService for broadcast BroadcastRecord{40d94d80 android.net.conn.CONNECTIVITY_CHANGE}
I/ActivityManager(  468): Start proc com.htc.notes:NotesService for broadcast com.htc.notes/.provider.notes.NotesReceiver: pid=29674 uid=9996 gids={3003, 1015, 1006, 2001}
V/ActivityManager(  468): App com.htc.notes:NotesService started
I/ActivityManager(  468): No longer want com.google.android.apps.plus (pid 29360): hidden #16, adj=15
V/ActivityManager(  468): Delivering to component ComponentInfo{com.htc.notes/com.htc.notes.provider.notes.NotesReceiver}: BroadcastRecord{40d94d80 android.net.conn.CONNECTIVITY_CHANGE}
V/ActivityManager(  468): Start app com.tmobile.apppack for broadcast BroadcastRecord{40d94d80 android.net.conn.CONNECTIVITY_CHANGE}
I/ActivityManager(  468): Start proc com.tmobile.apppack for broadcast com.tmobile.apppack/com.silentcom.framework.os.impl.OSReceivers: pid=29687 uid=10119 gids={3003, 1007, 1015}
V/ActivityManager(  468): App com.tmobile.apppack started
I/ActivityManager(  468): No longer want com.htc.calendar (pid 29437): hidden #16, adj=15
I/ActivityManager(  468): No longer want com.android.settings:remote (pid 29463): hidden #16, adj=15
V/ActivityManager(  468): Delivering to component ComponentInfo{com.tmobile.apppack/com.silentcom.framework.os.impl.OSReceivers}: BroadcastRecord{40d94d80 android.net.conn.CONNECTIVITY_CHANGE}
I/ActivityManager(  468): Start proc com.tmobile.apppack:downloader for service com.tmobile.apppack/com.silentcom.framework.os.impl.OSEngineProcess: pid=29700 uid=10119 gids={3003, 1007, 1015}
V/ActivityManager(  468): Start app com.google.android.apps.uploader for broadcast BroadcastRecord{40d94d80 android.net.conn.CONNECTIVITY_CHANGE}
I/ActivityManager(  468): Start proc com.google.android.apps.uploader for broadcast com.google.android.apps.uploader/.ConnectivityBroadcastReceiver: pid=29714 uid=10121 gids={3003}
V/ActivityManager(  468): App com.google.android.apps.uploader started
I/ActivityManager(  468): No longer want com.tmobile.highlight (pid 29492): hidden #16, adj=15
V/ActivityManager(  468): Delivering to component ComponentInfo{com.google.android.apps.uploader/com.google.android.apps.uploader.ConnectivityBroadcastReceiver}: BroadcastRecord{40d94d80 android.net.conn.CONNECTIVITY_CHANGE}
V/ActivityManager(  468): Check provider process: com.google.process.gapps for client process: com.google.android.apps.uploader
D/ActivityManager(  468): isProcessAlive /proc/dying_processes found
V/ActivityManager(  468): Delivering to component ComponentInfo{com.htc.cs/com.htc.cs.receiver.PoweronReceiver}: BroadcastRecord{40d94d80 android.net.conn.CONNECTIVITY_CHANGE}
V/ActivityManager(  468): Delivering to component ComponentInfo{com.htc.reportagent/com.htc.reportagent.receiver.ReportAgentReceiver}: BroadcastRecord{40d94d80 android.net.conn.CONNECTIVITY_CHANGE}
V/ActivityManager(  468): Start app com.google.android.apps.plus for broadcast BroadcastRecord{40d94d80 android.net.conn.CONNECTIVITY_CHANGE}
D/Socket_Alarm(29524): registerHTCSocketMonitorCallBack
D/Socket_Alarm(29524): set mSocketMonitor
D/Socket_Alarm(29524): HTCSocketMonitorImpl::HTCSocketMonitorImpl
I/ActivityManager(  468): Start proc com.google.android.apps.plus for broadcast com.google.android.apps.plus/com.google.android.picasasync.ConnectivityReceiver: pid=29737 uid=10140 gids={3003, 3002, 1015, 1006}
V/ActivityManager(  468): App com.google.android.apps.plus started
V/ActivityManager(  468): Delivering to component ComponentInfo{com.google.android.apps.plus/com.google.android.picasasync.ConnectivityReceiver}: BroadcastRecord{40d94d80 android.net.conn.CONNECTIVITY_CHANGE}
I/ActivityManager(  468): No longer want com.htc.bgp (pid 29245): hidden #16, adj=15
I/PackageManager(  468):  setEnabledSetting(), pkgName=com.google.android.apps.plus, clsName=com.google.android.picasasync.PicasaContentProvider, state=0, flag=1, pid=29737, uid=10140
I/PackageManager(  468):  setEnabledSetting(), pkgName=com.google.android.apps.plus, clsName=com.google.android.picasasync.PicasaSyncService, state=0, flag=1, pid=29737, uid=10140
I/PackageManager(  468):  setEnabledSetting(), pkgName=com.google.android.apps.plus, clsName=com.google.android.picasasync.ConnectivityReceiver, state=1, flag=1, pid=29737, uid=10140
I/PackageManager(  468):  setEnabledSetting(), pkgName=com.google.android.apps.plus, clsName=com.google.android.picasasync.BatteryReceiver, state=1, flag=1, pid=29737, uid=10140
V/ActivityManager(  468): Check provider process: android.process.media for client process: com.google.android.apps.plus
D/ActivityManager(  468): isProcessAlive /proc/dying_processes found
V/ActivityManager(  468): Start app com.lookout:ConnectivityReceiver for broadcast BroadcastRecord{40d94d80 android.net.conn.CONNECTIVITY_CHANGE}
I/ActivityManager(  468): Start proc com.lookout:ConnectivityReceiver for broadcast com.lookout/.ConnectivityReceiver: pid=29756 uid=10192 gids={3003, 1007, 1015}
V/ActivityManager(  468): App com.lookout:ConnectivityReceiver started
I/ActivityManager(  468): No longer want com.htc.AutoMotive (pid 29569): hidden #16, adj=15
V/ActivityManager(  468): Delivering to component ComponentInfo{com.lookout/com.lookout.ConnectivityReceiver}: BroadcastRecord{40d94d80 android.net.conn.CONNECTIVITY_CHANGE}
W/ActivityManager(  468): Disable JIT of com.htc.bgp
I/ActivityManager(  468): Start proc com.htc.bgp for content provider com.htc.provider.CustomizationSettings/.CustomizationSettingsProvider: pid=29770 uid=10014 gids={2001, 3003, 1015, 1006, 5001}
V/ActivityManager(  468): Delivering to component ComponentInfo{com.htc.notes/com.htc.notes.collection.NotesReceiver}: BroadcastRecord{40dd8958 android.net.conn.CONNECTIVITY_CHANGE}
V/ActivityManager(  468): Delivering to component ComponentInfo{com.cequint.ecid/com.cequint.ecid.WarmSocketReceiver}: BroadcastRecord{40dd8958 android.net.conn.CONNECTIVITY_CHANGE}
V/ActivityManager(  468): Delivering to component ComponentInfo{com.android.providers.downloads/com.android.providers.downloads.DownloadReceiver}: BroadcastRecord{40dd8958 android.net.conn.CONNECTIVITY_CHANGE}
D/NotificationService(  468): cancelAllNotificationsInt
V/ActivityManager(  468): Delivering to component ComponentInfo{com.facebook.katana/com.facebook.katana.binding.UploadManagerConnectivity}: BroadcastRecord{40dd8958 android.net.conn.CONNECTIVITY_CHANGE}
V/ActivityManager(  468): Delivering to component ComponentInfo{com.htc.flexnet/com.htc.flexnet.SystemIntentReceiver}: BroadcastRecord{40dd8958 android.net.conn.CONNECTIVITY_CHANGE}
V/ActivityManager(  468): Delivering to component ComponentInfo{com.google.android.gsf/com.google.android.gsf.checkin.CheckinService$Receiver}: BroadcastRecord{40dd8958 android.net.conn.CONNECTIVITY_CHANGE}
D/PowerManagerService(  468): acquireWakeLock(417a2f20): PARTIAL_WAKE_LOCK , tag=Checkin Handoff, flags=0x1, pid=841, uid=10017, mUserState=0x3
D/PowerManagerService(  468): acquireWakeLock(4160aef8): PARTIAL_WAKE_LOCK , tag=Checkin Service, flags=0x1, pid=841, uid=10017, mUserState=0x3
V/ActivityManager(  468): Delivering to component ComponentInfo{com.google.android.gsf/com.google.android.gsf.gtalkservice.ServiceAutoStarter}: BroadcastRecord{40dd8958 android.net.conn.CONNECTIVITY_CHANGE}
D/PowerManagerService(  468): releaseWakeLock(417a2f20): PARTIAL_WAKE_LOCK , tag=Checkin Handoff, flags=0x1
V/ActivityManager(  468): Delivering to component ComponentInfo{com.google.android.gsf/com.google.android.gsf.usagestats.StatsUploadService$Receiver}: BroadcastRecord{40dd8958 android.net.conn.CONNECTIVITY_CHANGE}
V/ActivityManager(  468): Delivering to component ComponentInfo{com.htc.htclocationservice/com.htc.htclocationservice.AutoSettingReceiver}: BroadcastRecord{40dd8958 android.net.conn.CONNECTIVITY_CHANGE}
V/ActivityManager(  468): Delivering to component ComponentInfo{com.htc.providers.uploads/com.htc.providers.uploads.UploadReceiver}: BroadcastRecord{40dd8958 android.net.conn.CONNECTIVITY_CHANGE}
V/ActivityManager(  468): Delivering to component ComponentInfo{com.htc.htcMessageUploader/com.htc.htcMessageUploader.UploadMessageReceiver}: BroadcastRecord{40dd8958 android.net.conn.CONNECTIVITY_CHANGE}
V/ActivityManager(  468): Delivering to component ComponentInfo{com.htc.notes/com.htc.notes.provider.notes.NotesReceiver}: BroadcastRecord{40dd8958 android.net.conn.CONNECTIVITY_CHANGE}
V/ActivityManager(  468): Delivering to component ComponentInfo{com.tmobile.apppack/com.silentcom.framework.os.impl.OSReceivers}: BroadcastRecord{40dd8958 android.net.conn.CONNECTIVITY_CHANGE}
V/LocationManagerService(  468): In requestLocationUpdates. provider network minTime: 1000 single shot: false Listener: android.location.ILocationListener$Stub$Proxy@4143b230
V/ActivityManager(  468): Delivering to component ComponentInfo{com.google.android.apps.uploader/com.google.android.apps.uploader.ConnectivityBroadcastReceiver}: BroadcastRecord{40dd8958 android.net.conn.CONNECTIVITY_CHANGE}
V/ActivityManager(  468): Delivering to component ComponentInfo{com.htc.cs/com.htc.cs.receiver.PoweronReceiver}: BroadcastRecord{40dd8958 android.net.conn.CONNECTIVITY_CHANGE}
V/LocationManagerService(  468): _requestLocationUpdates: enableLocationTracking(true)
V/LocationManagerService(  468): _requestLocationUpdates: provider = network listener = Receiver{40dd7848 Listener android.os.BinderProxy@417a0c90}mUpdateRecords: {network=UpdateRecord{417fa500 mProvider: network mUid: 10056}}
D/PowerManagerService(  468): acquireWakeLock(41651100): PARTIAL_WAKE_LOCK , tag=NetworkLocationLocator, flags=0x1, pid=841, uid=10017, mUserState=0x3
V/ActivityManager(  468): Delivering to component ComponentInfo{com.htc.reportagent/com.htc.reportagent.receiver.ReportAgentReceiver}: BroadcastRecord{40dd8958 android.net.conn.CONNECTIVITY_CHANGE}
V/ActivityManager(  468): Delivering to component ComponentInfo{com.google.android.apps.plus/com.google.android.picasasync.ConnectivityReceiver}: BroadcastRecord{40dd8958 android.net.conn.CONNECTIVITY_CHANGE}
V/ActivityManager(  468): Delivering to component ComponentInfo{com.lookout/com.lookout.ConnectivityReceiver}: BroadcastRecord{40dd8958 android.net.conn.CONNECTIVITY_CHANGE}
V/ActivityManager(  468): Start app com.tmobile.highlight for broadcast BroadcastRecord{4154c038 com.medio.client.android.nervecenter.WIDGET_ROTATE}
I/ActivityManager(  468): Start proc com.tmobile.highlight for broadcast com.tmobile.highlight/com.medio.client.android.nervecenter.WidgetProvider: pid=29792 uid=10186 gids={3003, 1015}
V/ActivityManager(  468): App com.tmobile.highlight started
V/AlarmManager(  468): Adding Alarm{417571f8 type 0 com.google.android.gsf} 1337216191961
V/ActivityManager(  468): Delivering to component ComponentInfo{com.tmobile.highlight/com.medio.client.android.nervecenter.WidgetProvider}: BroadcastRecord{4154c038 com.medio.client.android.nervecenter.WIDGET_ROTATE}
D/WifiService(  468): acquireWifiLockLocked: WifiLock{NetworkLocationLocator type=2 binder=android.os.BinderProxy@4142f6b8}
D/WifiService(  468): updateWifiState(): enable and start wifi
V/AlarmManager(  468): Adding Alarm{416fb958 type 2 com.google.android.location} 99969999
D/PowerManagerService(  468): releaseWakeLock(4160aef8): PARTIAL_WAKE_LOCK , tag=Checkin Service, flags=0x1
V/AlarmManager(  468): Adding Alarm{416c9de0 type 2 com.google.android.location} 99970008
D/PowerManagerService(  468): acquireWakeLock(416c5c60): PARTIAL_WAKE_LOCK , tag=RILJ, flags=0x1, pid=744, uid=1001, mUserState=0x3
D/PowerManagerService(  468): releaseWakeLock(416c5c60): PARTIAL_WAKE_LOCK , tag=RILJ, flags=0x1
V/AlarmManager(  468): Adding Alarm{416a6768 type 2 com.google.android.location} 99970008
D/PowerManagerService(  468): acquireWakeLock(41698738): PARTIAL_WAKE_LOCK , tag=RILJ, flags=0x1, pid=744, uid=1001, mUserState=0x3
D/PowerManagerService(  468): releaseWakeLock(41698738): PARTIAL_WAKE_LOCK , tag=RILJ, flags=0x1
V/AlarmManager(  468): Adding Alarm{416827c8 type 2 com.google.android.location} 99970008
V/UsbDeviceManager(  468): [USBNET] USB UEVENT: {USB_STATE=CONFIGURED, SUBSYSTEM=android_usb, DEVPATH=/devices/virtual/android_usb/android0, SEQNUM=58311, ACTION=change}
W/Vold    (  201): USB connected
W/Vold    (  201): Share method ums now available
D/VoldConnector(  468): listenToSocket read--: (35,0)
D/VoldConnector(  468): RCV <- {620 Share method ums now available}
I/MountService(  468): onEvent:: raw= 620 Share method ums now available cooked =  620 Share method ums now available
D/PowerManagerService(  468): releaseWakeLock(4154c0f8): PARTIAL_WAKE_LOCK , tag=AlarmManager, flags=0x1
D/MountService(  468): sharing = 0 
I/StorageNotification(  653): UMS connection changed to true (media state mounted)
V/UsbDeviceManager(  468): [USBNET] USB UEVENT: {SUBSYSTEM=switch, SWITCH_STATE=1, DEVPATH=/devices/virtual/switch/usb_connect2pc, SEQNUM=58312, ACTION=change, SWITCH_NAME=usb_connect2pc}
D/UsbDeviceManager(  468): [USBNET] update2: 5,0
D/UsbDeviceManager(  468): [USBNET] handleMessage: 0; mConnected=true, mConfiguration=false
D/UsbDeviceManager(  468): sendStickyBroadcast ACTION_USB_STATE: true,true
V/ActivityManager(  468): Delivering non-ordered to registered BroadcastFilter{40e72d88 ReceiverList{40f351d8 468 system/1000 local:40f3bff8}}: BroadcastRecord{41711f70 android.hardware.usb.action.USB_STATE}
I/ActivityManager(  468): Delivering to BroadcastFilter{40e72d88 ReceiverList{40f351d8 468 system/1000 local:40f3bff8}}
V/ActivityManager(  468): Delivering non-ordered to registered BroadcastFilter{41293d18 ReceiverList{41294628 468 system/1000 local:412b3fe8}}: BroadcastRecord{41711f70 android.hardware.usb.action.USB_STATE}
I/ActivityManager(  468): Delivering to BroadcastFilter{41293d18 ReceiverList{41294628 468 system/1000 local:412b3fe8}}
D/UsbDeviceManager(  468): [USBNET] handleMessage: 5; mConnected=true, mConfiguration=true
V/ActivityManager(  468): Delivering to component ComponentInfo{com.android.providers.media/com.android.providers.media.UsbReceiver}: BroadcastRecord{4170f230 android.hardware.usb.action.USB_STATE}
D/UsbDeviceManager(  468): [USBNET] sendStickyBroadcast ACTION_USB_CONNECT2PC: 1
V/ActivityManager(  468): Delivering to component ComponentInfo{com.htc.android.psclient/com.htc.android.psclient.UsbConnectedReceiver}: BroadcastRecord{4170f230 android.hardware.usb.action.USB_STATE}
I/ActivityManager(  468): No longer want com.htc.idlescreen.base (pid 29506): hidden #16, adj=15
D/Socket_Alarm(29770): registerHTCSocketMonitorCallBack
D/Socket_Alarm(29770): set mSocketMonitor
D/Socket_Alarm(29770): HTCSocketMonitorImpl::HTCSocketMonitorImpl
V/ActivityManager(  468): Delivering to component ComponentInfo{com.htc.android.psclient/com.htc.android.psclient.UsbConnectedReceiver}: BroadcastRecord{416aca40 android.hardware.usb.action.USB_CONNECT2PC}
V/ActivityManager(  468): Start app com.android.settings for broadcast BroadcastRecord{416935c8 com.htc.usb.change}
W/CpuWake (  468): >>acquireCpuPerfWakeLock!
W/CpuWake (  468): <<acquireCpuPerfWakeLock!
I/ActivityManager(  468): Start proc com.android.settings for broadcast com.android.settings/.MLReceiver: pid=29817 uid=1000 gids={1015, 3002, 3001, 3003, 5001, 5004, -1, 3007, 3006, 1006, 1023, 1007, 2001}
V/ActivityManager(  468): App com.android.settings started
I/ActivityManager(  468): START {flg=0x10000000 cmp=com.htc.android.psclient/.UsbConnectionSettings} from pid 29770
I/ActivityManager(  468): [GhostScreen][startActivityUncheckedLockedImpl] ghostScreenIntentFlag: 0
I/WindowManager(  468): addStartingWindow, packageName=com.htc.android.psclient
D/WindowManager(  468): windowAnimations(before)=0
D/WindowManager(  468): windowAnimations(after)=16974565
D/WindowManager(  468): RecentApps, w=270, h=480, appToken=Token{41359b48 ActivityRecord{41359a18 com.android.htccontacts/.DialerTabActivity}}
D/WindowManager(  468): computeForcedAppOrientationLocked(), req=5, mForcedAppOrientation=5
D/WindowManager(  468): RecentApps, w=270, h=480, rot=0, scale=0.5
D/PowerManagerService(  468): acquireWakeLock(4125b920): PARTIAL_WAKE_LOCK , tag=ActivityManager-Launch, flags=0x1, pid=468, uid=1000, mUserState=0x3
V/ActivityManager(  468): Delivering to component ComponentInfo{com.android.settings/com.android.settings.MLReceiver}: BroadcastRecord{416935c8 com.htc.usb.change}
D/WindowManager(  468): computeForcedAppOrientationLocked(), req=-1, mForcedAppOrientation=5
I/ActivityManager(  468): [GhostScreen][isIntentFromStatusBar] ghostScreenIntentFlag: 0
V/WindowManager(  468): No wallpaper target
D/WindowManager(  468): computeForcedAppOrientationLocked(), req=-1, mForcedAppOrientation=-1
V/WindowManager(  468): Starting animation in AppWindowToken{41429f68 token=Token{41359b48 ActivityRecord{41359a18 com.android.htccontacts/.DialerTabActivity}}} @ 46432562: dw=540 dh=960 scale=1.0 allDrawn=true animating=false
V/WindowManager(  468): Starting animation in AppWindowToken{4178cb98 token=Token{41073350 ActivityRecord{40db6520 com.htc.android.psclient/.UsbConnectionSettings}}} @ 46432562: dw=540 dh=960 scale=1.0 allDrawn=false animating=false
V/WindowManager(  468): Finished animation in AppWindowToken{4178cb98 token=Token{41073350 ActivityRecord{40db6520 com.htc.android.psclient/.UsbConnectionSettings}}} @ 46432562
V/ActivityManager(  468): Delivering non-ordered to registered BroadcastFilter{412b49f8 ReceiverList{412c1988 653 com.android.systemui/1000 remote:411bdac8}}: BroadcastRecord{41644c28 android.intent.action.UPDATE_NAV_BAR_HEIGHT}
I/ActivityManager(  468): Delivering to BroadcastFilter{412b49f8 ReceiverList{412c1988 653 com.android.systemui/1000 remote:411bdac8}}
V/ActivityManager(  468): Delivering non-ordered to registered BroadcastFilter{41090118 ReceiverList{41091220 725 com.htc.android.htcime/10045 remote:40fef488}}: BroadcastRecord{41644c28 android.intent.action.UPDATE_NAV_BAR_HEIGHT}
I/ActivityManager(  468): Delivering to BroadcastFilter{41090118 ReceiverList{41091220 725 com.htc.android.htcime/10045 remote:40fef488}}
V/ActivityManager(  468): Delivering non-ordered to registered BroadcastFilter{416c99f0 ReceiverList{416c9998 859 com.htc.idlescreen.shortcut/10187 remote:415f09c0}}: BroadcastRecord{41644c28 android.intent.action.UPDATE_NAV_BAR_HEIGHT}
I/ActivityManager(  468): Delivering to BroadcastFilter{416c99f0 ReceiverList{416c9998 859 com.htc.idlescreen.shortcut/10187 remote:415f09c0}}
D/ConnectivityService(  468): onUidRulesChanged(uid=10014, uidRules=0)
I/ActivityManager(  468): [windowsDrawn][GhostScreen] this: ActivityRecord{40db6520 com.htc.android.psclient/.UsbConnectionSettings}
I/ActivityManager(  468): [windowsDrawn][GhostScreen] collapseScrollbar: true
I/ActivityManager(  468): [windowsDrawn][GhostScreen] iFlag: 0
V/ActivityManager(  468): Delivering to component ComponentInfo{com.android.settings/com.android.settings.NSReceiver}: BroadcastRecord{416935c8 com.htc.usb.change}
V/ActivityManager(  468): Delivering to component ComponentInfo{com.android.settings/com.android.settings.PSReceiver}: BroadcastRecord{416935c8 com.htc.usb.change}
I/ActivityManager(  468): No longer want com.movial.ipprovider (pid 29592): hidden #16, adj=15
D/NetworkManagementService(  468): [USBNET] stopIptDhcp
D/NetdConnector(  468): SND -> {tether stop_ipt} {null}
D/NetdConnector(  468): already send Command (Wait Response)
D/NetdConnector(  468): listenToSocket read--: (31,0)
D/NetdConnector(  468): RCV <- {200 Tether operation succeeded}
D/NetdConnector(  468): RSP <- {200 Tether operation succeeded}
D/NetdConnector(  468): No Resp times=0
D/NetdConnector(  468): finish send Command (complete)
D/NetworkManagementService(  468): [USBNET] startIptMode 0
D/NetdConnector(  468): SND -> {usb iptmode 0} {null}
D/NetdConnector(  468): already send Command (Wait Response)
D/NetdConnector(  468): listenToSocket read--: (28,0)
D/NetdConnector(  468): RCV <- {200 Usb operation succeeded}
D/NetdConnector(  468): RSP <- {200 Usb operation succeeded}
D/NetdConnector(  468): No Resp times=0
D/NetdConnector(  468): finish send Command (complete)
D/NetworkManagementService(  468): [USBNET] SwitchUsbFunc 0
D/NetdConnector(  468): SND -> {usb funcswitch 0} {null}
D/NetdConnector(  468): already send Command (Wait Response)
D/NetdConnector(  468): listenToSocket read--: (28,0)
D/NetdConnector(  468): RCV <- {200 Usb operation succeeded}
D/NetdConnector(  468): RSP <- {200 Usb operation succeeded}
D/NetdConnector(  468): No Resp times=0
D/NetdConnector(  468): finish send Command (complete)
V/ActivityManager(  468): Delivering non-ordered to registered BroadcastFilter{40e72d88 ReceiverList{40f351d8 468 system/1000 local:40f3bff8}}: BroadcastRecord{41548c08 com.htc.net.usbnet.STATE_NOTIFY}
I/ActivityManager(  468): Delivering to BroadcastFilter{40e72d88 ReceiverList{40f351d8 468 system/1000 local:40f3bff8}}
D/ConnectivityService(  468): [embedded] ConnectivityChange for USBNET/: DISCONNECTED/DISCONNECTED, default=1
D/ConnectivityService(  468): ConnectivityChange for USBNET/: DISCONNECTED/DISCONNECTED
D/ConnSrv_Debug(  468): getMobileDataEnabled returning true; and in database is true
D/ConnSrv_Debug(  468): failover 18 try : -1/010000000000000000000000000000000, pref=18, mobile=true
D/NetdConnector(  468): SND -> {resolver setifdns wlan0 192.168.24.1} {null}
D/NetdConnector(  468): already send Command (Wait Response)
D/NetdConnector(  468): listenToSocket read--: (31,0)
D/NetdConnector(  468): RCV <- {200 Resolver command succeeded}
D/NetdConnector(  468): RSP <- {200 Resolver command succeeded}
D/NetdConnector(  468): No Resp times=0
D/NetdConnector(  468): finish send Command (complete)
D/ConnectivityService(  468): handleConnectivityChange: changed linkProperty[18]: doReset=true resetMask=3
D/ConnectivityService(  468):   curLp=null
D/ConnectivityService(  468):   newLp= null
D/ConnectivityService(  468): sendStickyBroadcast: action=android.net.conn.CONNECTIVITY_CHANGE_IMMEDIATE
V/ActivityManager(  468): Delivering non-ordered to registered BroadcastFilter{412ab7d0 ReceiverList{412b1fc8 468 system/1000 local:411afe58}}: BroadcastRecord{41578598 android.net.conn.CONNECTIVITY_CHANGE_IMMEDIATE}
I/ActivityManager(  468): Delivering to BroadcastFilter{412ab7d0 ReceiverList{412b1fc8 468 system/1000 local:411afe58}}
V/ActivityManager(  468): Delivering non-ordered to registered BroadcastFilter{41449148 ReceiverList{41412ad8 468 system/1000 local:41336550}}: BroadcastRecord{41578598 android.net.conn.CONNECTIVITY_CHANGE_IMMEDIATE}
I/ActivityManager(  468): Delivering to BroadcastFilter{41449148 ReceiverList{41412ad8 468 system/1000 local:41336550}}
V/ActivityManager(  468): Delivering non-ordered to registered BroadcastFilter{412300a0 ReceiverList{41230028 468 system/1000 local:4122e1c8}}: BroadcastRecord{41578598 android.net.conn.CONNECTIVITY_CHANGE_IMMEDIATE}
D/PowerManagerService(  468): acquireWakeLock(40da3df0): PARTIAL_WAKE_LOCK , tag=NetworkStats, flags=0x1, pid=468, uid=1000, mUserState=0x3
V/NetworkStats(  468): updateIfacesLocked()
V/NetworkStats(  468): performPollLocked(flags=0x1)
I/ActivityManager(  468): Delivering to BroadcastFilter{412300a0 ReceiverList{41230028 468 system/1000 local:4122e1c8}}
D/ConnectivityService(  468): sendStickyBroadcastDelayed: delayMs=3000, action=android.net.conn.CONNECTIVITY_CHANGE
D/ConnectivityService(  468): sendStickyBroadcast: action=android.net.conn.CONNECTIVITY_CHANGE_IMMEDIATE
V/ActivityManager(  468): Delivering non-ordered to registered BroadcastFilter{412ab7d0 ReceiverList{412b1fc8 468 system/1000 local:411afe58}}: BroadcastRecord{41340f88 android.net.conn.CONNECTIVITY_CHANGE_IMMEDIATE}
I/ActivityManager(  468): Delivering to BroadcastFilter{412ab7d0 ReceiverList{412b1fc8 468 system/1000 local:411afe58}}
V/NetworkPolicy(  468): ensureActiveMobilePolicyLocked()
V/NetworkPolicy(  468): updateNetworkEnabledLocked()
V/ActivityManager(  468): Delivering non-ordered to registered BroadcastFilter{41449148 ReceiverList{41412ad8 468 system/1000 local:41336550}}: BroadcastRecord{41340f88 android.net.conn.CONNECTIVITY_CHANGE_IMMEDIATE}
I/ActivityManager(  468): Delivering to BroadcastFilter{41449148 ReceiverList{41412ad8 468 system/1000 local:41336550}}
V/ActivityManager(  468): Delivering non-ordered to registered BroadcastFilter{412300a0 ReceiverList{41230028 468 system/1000 local:4122e1c8}}: BroadcastRecord{41340f88 android.net.conn.CONNECTIVITY_CHANGE_IMMEDIATE}
I/ActivityManager(  468): Delivering to BroadcastFilter{412300a0 ReceiverList{41230028 468 system/1000 local:4122e1c8}}
D/ConnectivityService(  468): sendStickyBroadcastDelayed: delayMs=3000, action=android.net.conn.CONNECTIVITY_CHANGE
D/ConnSrv_Debug(  468): setPolicyDataEnable( 0/0, true) - 468/1000
D/ConnSrv_Debug(  468): setPolicyDataEnable( 6/6, true) - 468/1000
V/NetworkPolicy(  468): updateIfacesLocked()
V/NetworkPolicy(  468): updateNotificationsLocked()
D/ConnSrv_Debug(  468): handleSetPolicyDataEnable 0 to true
D/MobileDataStateTracker(  468): default: setPolicyDataEnable(enabled=true)
D/ConnSrv_Debug(  468): handleSetPolicyDataEnable 6 to true
V/NetworkStats(  468): performPollLocked() took 17ms
V/ActivityManager(  468): Delivering non-ordered to registered BroadcastFilter{41244ed0 ReceiverList{41244e58 468 system/1000 local:41243d58}}: BroadcastRecord{416e8f08 com.android.server.action.NETWORK_STATS_UPDATED}
I/ActivityManager(  468): Delivering to BroadcastFilter{41244ed0 ReceiverList{41244e58 468 system/1000 local:41243d58}}
D/WindowManager(  468): computeForcedAppOrientationLocked(), req=-1, mForcedAppOrientation=-1
D/PowerManagerService(  468): releaseWakeLock(40da3df0): PARTIAL_WAKE_LOCK , tag=NetworkStats, flags=0x1
V/NetworkPolicy(  468): ensureActiveMobilePolicyLocked()
D/PowerManagerService(  468): acquireWakeLock(40de47a0): PARTIAL_WAKE_LOCK , tag=NetworkStats, flags=0x1, pid=468, uid=1000, mUserState=0x3
V/NetworkStats(  468): updateIfacesLocked()
V/NetworkStats(  468): performPollLocked(flags=0x1)
V/NetworkPolicy(  468): updateNetworkEnabledLocked()
D/ConnSrv_Debug(  468): setPolicyDataEnable( 0/0, true) - 468/1000
D/ConnSrv_Debug(  468): setPolicyDataEnable( 6/6, true) - 468/1000
V/NetworkPolicy(  468): updateIfacesLocked()
D/ConnSrv_Debug(  468): handleSetPolicyDataEnable 0 to true
D/MobileDataStateTracker(  468): default: setPolicyDataEnable(enabled=true)
D/ConnSrv_Debug(  468): handleSetPolicyDataEnable 6 to true
V/NetworkPolicy(  468): updateNotificationsLocked()
V/NetworkStats(  468): performPollLocked() took 14ms
V/ActivityManager(  468): Delivering non-ordered to registered BroadcastFilter{41244ed0 ReceiverList{41244e58 468 system/1000 local:41243d58}}: BroadcastRecord{416b7b90 com.android.server.action.NETWORK_STATS_UPDATED}
I/ActivityManager(  468): Delivering to BroadcastFilter{41244ed0 ReceiverList{41244e58 468 system/1000 local:41243d58}}
V/WindowManager(  468): Finished animation in AppWindowToken{41429f68 token=Token{41359b48 ActivityRecord{41359a18 com.android.htccontacts/.DialerTabActivity}}} @ 46432793
V/WindowManager(  468): No wallpaper target
D/PowerManagerService(  468): releaseWakeLock(40de47a0): PARTIAL_WAKE_LOCK , tag=NetworkStats, flags=0x1
D/ConnectivityService(  468): onMeteredIfacesChanged(ifaces=[])
V/NetworkPolicy(  468): updateNetworkEnabledLocked()
D/ConnSrv_Debug(  468): setPolicyDataEnable( 0/0, true) - 468/1000
D/ConnSrv_Debug(  468): setPolicyDataEnable( 6/6, true) - 468/1000
V/NetworkPolicy(  468): updateNotificationsLocked()
D/ConnectivityService(  468): onMeteredIfacesChanged(ifaces=[])
V/NetworkPolicy(  468): updateNetworkEnabledLocked()
D/ConnSrv_Debug(  468): handleSetPolicyDataEnable 0 to true
D/MobileDataStateTracker(  468): default: setPolicyDataEnable(enabled=true)
D/ConnSrv_Debug(  468): handleSetPolicyDataEnable 6 to true
D/ConnSrv_Debug(  468): setPolicyDataEnable( 0/0, true) - 468/1000
D/ConnSrv_Debug(  468): setPolicyDataEnable( 6/6, true) - 468/1000
V/NetworkPolicy(  468): updateNotificationsLocked()
D/ConnSrv_Debug(  468): handleSetPolicyDataEnable 0 to true
