D/CHTCPluginManager(  205): CHTCPluginManager::setAnimation libzoomTransition.so for 329
D/CHTCPluginManager(  205): CHTCPluginManager::setAttributes, tag = 329
D/MLTransition(  205): DoSetAttributes screen size: 540, 960
D/MLTransition(  205): DoSetAttributes1[0] = zoomTransition
D/MLTransition(  205): DoSetAttributes1[1] = close
D/MLTransition(  205): DoSetAttributes1[2] = exit
D/MLTransition(  205): DoSetAttributes1[3] = PORTRAIT
D/MLTransition(  205): DoSetAttributes1[4] = true
D/MLTransition(  205): DoSetAttributes1[5] = 38
D/MLTransition(  205): DoSetAttributes2[0] = 270
D/MLTransition(  205): DoSetAttributes2[1] = 480
D/MLTransition(  205): System Property Color: 0, 160, Position: -1.000000, 1.200000, 1.500000, Enable: 1
D/CHTCPluginManager(  205): -CHTCPluginManager::setAttributes, tag = 329
D/MLTransition(  205): MLTransition ResetAnimation
D/SurfaceFlinger(  205): [GLAnimation]Step: 329, 1.000000
D/CHTCPluginManager(  205): CHTCPluginManager::draw, tag = 330
D/MLTransition(  205): AnimData: 0x100ffcf8, m_pAnimData: 0x100ffcf8, Texture: 0x100ffd68, m_pTexture: 0x100ffd68
D/MLTransition(  205): Draw: Progress: 1.000000, Enter: 1, Main: 0, Bottom: 1, Alpha: 255, Texture: 0 0 540 960
D/MLTransition(  205): Regenerate rectangle from 0, 38, 540, 922 0, 0, 540, 922 to 0, 0, 540, 960 38
D/MLTransition(  205): Before access texture...m_pAnimData: 0x100ffcf8, m_pTexture: 0x100ffd68
D/MLTransition(  205): ~After access texture...m_pAnimData: 0x100ffcf8, m_pTexture: 0x100ffd68
D/MLTransition(  205): Texture Ready: 1, ID: 284, Format: 4, Opaque: 1, Anim alpha: 1.000000
D/CHTCPluginManager(  205): CHTCPluginManager::draw, tag = 329
D/MLTransition(  205): AnimData: 0x100ffcf8, m_pAnimData: 0x100ffcf8, Texture: 0x100ffd68, m_pTexture: 0x100ffd68
D/MLTransition(  205): Draw: Progress: 1.000000, Enter: 0, Main: 1, Bottom: 1, Alpha: 255, Texture: 0 0 540 960
D/MLTransition(  205): Regenerate rectangle from 0, 38, 540, 922 0, 0, 540, 922 to 0, 0, 540, 960 38
D/MLTransition(  205): Before access texture...m_pAnimData: 0x100ffcf8, m_pTexture: 0x100ffd68
D/MLTransition(  205): ~After access texture...m_pAnimData: 0x100ffcf8, m_pTexture: 0x100ffd68
D/MLTransition(  205): Texture Ready: 1, ID: 283, Format: 1, Opaque: 1, Anim alpha: 0.000000
D/WindowManager(  468): computeForcedAppOrientationLocked(), req=5, mForcedAppOrientation=5
V/WindowManager(  468): Starting animation in AppWindowToken{41429f68 token=Token{41359b48 ActivityRecord{41359a18 com.android.htccontacts/.DialerTabActivity}}} @ 46445207: dw=540 dh=960 scale=1.0 allDrawn=true animating=false
V/WindowManager(  468): Starting animation in AppWindowToken{41581b90 token=Token{4143dc78 ActivityRecord{4117aec0 com.htc.launcher/.Launcher}}} @ 46445207: dw=540 dh=960 scale=1.0 allDrawn=true animating=false
D/SurfaceComposerClient(  468): SurfaceComposerClient::destroy3DAnimation SurfaceID=55
D/SurfaceComposerClient(  468): SurfaceComposerClient::destroy3DAnimation SurfaceID=95
D/SurfaceComposerClient(  468): SurfaceComposerClient::destroy3DAnimation SurfaceID=96
I/Adreno200-EGLSUB(  205): <CreateImage:813>: Android Image
I/Adreno200-EGLSUB(  205): <GetImageAttributes:1008>: RGB_565
I/Adreno200-EGLSUB(  205): <CreateImage:813>: Android Image
I/Adreno200-EGLSUB(  205): <GetImageAttributes:1022>: RGBA_8888
D/Performance(  468): [AutoProf](130) Window animation stop, record=AppWindowToken{41429f68 token=Token{41359b48 ActivityRecord{41359a18 com.android.htccontacts/.DialerTabActivity}}}
D/Performance(  468): [AutoProf](130) Window animation stop, record=AppWindowToken{41581b90 token=Token{4143dc78 ActivityRecord{4117aec0 com.htc.launcher/.Launcher}}}
D/Performance(  468): [AutoProf](130) Window animation stop, record=AppWindowToken{41581b90 token=Token{4143dc78 ActivityRecord{4117aec0 com.htc.launcher/.Launcher}}}
D/CHTCPluginManager(  205): CHTCPluginManager::draw, tag = 330
D/MLTransition(  205): AnimData: 0x100ffcf8, m_pAnimData: 0x100ffcf8, Texture: 0x100ffd68, m_pTexture: 0x100ffd68
D/MLTransition(  205): Draw: Progress: 1.000000, Enter: 1, Main: 0, Bottom: 1, Alpha: 255, Texture: 0 0 540 960
D/MLTransition(  205): Before access texture...m_pAnimData: 0x100ffcf8, m_pTexture: 0x100ffd68
D/MLTransition(  205): ~After access texture...m_pAnimData: 0x100ffcf8, m_pTexture: 0x100ffd68
D/MLTransition(  205): Texture Ready: 1, ID: 284, Format: 4, Opaque: 1, Anim alpha: 1.000000
D/CHTCPluginManager(  205): CHTCPluginManager::draw, tag = 329
D/MLTransition(  205): AnimData: 0x100ffcf8, m_pAnimData: 0x100ffcf8, Texture: 0x100ffd68, m_pTexture: 0x100ffd68
D/MLTransition(  205): Draw: Progress: 1.000000, Enter: 0, Main: 1, Bottom: 1, Alpha: 255, Texture: 0 0 540 960
D/MLTransition(  205): Before access texture...m_pAnimData: 0x100ffcf8, m_pTexture: 0x100ffd68
D/MLTransition(  205): ~After access texture...m_pAnimData: 0x100ffcf8, m_pTexture: 0x100ffd68
D/MLTransition(  205): Texture Ready: 1, ID: 283, Format: 1, Opaque: 1, Anim alpha: 0.000000
D/SurfaceFlinger(  205): [GLAnimation]Destroy: 330
D/SurfaceFlinger(  205): [GLAnimation]Destroy: 331
D/SurfaceFlinger(  205): [GLAnimation]Destroy: 329
D/InputDispatcher(  468): Focus entered window: Window{416083b0 com.htc.launcher/com.htc.launcher.Launcher paused=false}
D/CHTCPluginManager(  205): CHTCPluginManager::setAnimation (null) for 329
D/CHTCPluginManager(  205): CHTCPluginManager::setAnimation (null) for 330
D/CHTCPluginManager(  205): CHTCPluginManager::setAnimation (null) for 331
D/memalloc(  205): ion: Freeing buffer base:0x43d72000 size:2088960 fd:147
D/memalloc(  205): ion: Unmapping buffer  base:0x43d72000 size:2088960
D/Performance( 1193): [AutoProf](111) Finish drawing com.htc.launcher.Launcher@40e19138, label=HTC Sense
D/WindowManager(  468): computeForcedAppOrientationLocked(), req=5, mForcedAppOrientation=5
V/WindowManager(  468): Finished animation in AppWindowToken{41429f68 token=Token{41359b48 ActivityRecord{41359a18 com.android.htccontacts/.DialerTabActivity}}} @ 46445233
V/WindowManager(  468): Finished animation in AppWindowToken{41581b90 token=Token{4143dc78 ActivityRecord{4117aec0 com.htc.launcher/.Launcher}}} @ 46445233
V/WindowManager(  468): No wallpaper target
D/PhoneStatusBar(  653): hiding the MENU button
V/BatteryStatsImpl(  468): release partial wakelock, name=ActivityManager-Launch, pid=468
V/Performance(  759): >>com.android.htccontacts.BrowseLayerCarouselActivity@40ebd5e8 performSaveInstanceState
V/FragmentManager(  759): Saved state of BrowseLayerCarouselFragment{40f1acb0 #0 id=0x36f8056f}: Bundle[{BrowseLayerCarouselFragment.globalId=i0phgw.BrowseLayerCarouselFragment.1, BrowseLayerCarouselFragment.drawerOpened=false, BrowseLayerCarouselFragment.tabs=[Ljava.lang.String;@40e99010, BrowseLayerCarouselFragment.currentTab=PEOPLE_DIALER, android:view_state=android.util.SparseArray@40e20e78}]
V/InputMethodService(  725): unbindInput(): binding=InputBinding{android.os.BinderProxy@40e72a98 / uid 10018 / pid 759} ic=com.android.internal.view.InputConnectionWrapper@40ec4fa0
V/InputMethodService(  725): bindInput(): binding=InputBinding{android.os.BinderProxy@40e88ce8 / uid 9999 / pid 1193} ic=com.android.internal.view.InputConnectionWrapper@40e765a0
V/InputMethodService(  725): startInput(): editor=android.view.inputmethod.EditorInfo@40e6e6c0
V/InputMethodService(  725): CALL: onStartInput
V/FragmentManager(  759): Saved state of Dialer{40ec18a0 #1 id=0x40000001 i0phgw.BrowseLayerCarouselFragment.1.PEOPLE_DIALER}: Bundle[{android:view_state=android.util.SparseArray@40e04300}]
V/FragmentManager(  759): saveAllState: adding fragment #0: BrowseLayerCarouselFragment{40f1acb0 #0 id=0x36f8056f}
V/FragmentManager(  759): saveAllState: adding fragment #1: Dialer{40ec18a0 #1 id=0x40000001 i0phgw.BrowseLayerCarouselFragment.1.PEOPLE_DIALER}
D/MfLog   (  759): remove instance state : android:fragments
V/Performance(  759): <<com.android.htccontacts.BrowseLayerCarouselActivity@40ebd5e8 performSaveInstanceState, 6ms
V/FragmentManager(  759): movefrom STARTED: BrowseLayerCarouselFragment{40f1acb0 #0 id=0x36f8056f}
D/PowerManagerService(  468): releaseWakeLock(4167d808): PARTIAL_WAKE_LOCK , tag=ActivityManager-Launch, flags=0x1
V/MfLog   (  759): BrowseLayerCarouselFragment{40f1acb0 #0 id=0x36f8056f}, onStop
V/FragmentManager(  759): movefrom STARTED: Dialer{40ec18a0 #1 id=0x40000001 i0phgw.BrowseLayerCarouselFragment.1.PEOPLE_DIALER}
V/MfLog   (  759): Dialer{40ec18a0 #1 id=0x40000001 i0phgw.BrowseLayerCarouselFragment.1.PEOPLE_DIALER}, onStop
V/Performance(  759): >>com.android.htccontacts.BrowseLayerCarouselActivity@40ebd5e8 onStop
D/BrowseLayerCarouselActivity(  759): trim acore memory
D/OpenGLRenderer(  759): Flushing caches (mode 2)
V/Performance(  759): <<com.android.htccontacts.BrowseLayerCarouselActivity@40ebd5e8 onStop, 4ms
W/InputManagerService(  468): Starting input on non-focused client com.android.internal.view.IInputMethodClient$Stub$Proxy@4160d640 (uid=10018 pid=759)
D/BatteryService(  468): [<<<] 759:android.process.acore/10018, RefC = 444
D/ConnectivityService(  468): onUidRulesChanged(uid=10018, uidRules=0)
D/ClockWidget( 1193): WHAT_ON_RESUME_DELAY
I/ClockWidget( 1193): checkLocEnable enable:true
D/WSPPUtility( 1193): getCurrentDataStatus() - strTtimezone = America/Los_Angeles
D/WSPPUtility( 1193): convertHourMinute() - strTime = 5:30 AM - 5:30
D/WSPPUtility( 1193): convertHourMinute() - strTime = 8:41 PM - 20:41
D/WSPPUtility( 1193): isOverdue() - current_time = 1337118896649, lastUpdateTime = 1337105317415, interval = 3600000, current_time - lastUpdateTime = 13579234
D/WSPPUtility( 1193): isOverDue() - true
I/WSPPUtility( 1193): beforeToday() - now is 14h, 54m, 56s, timezone = America/Los_Angeles
D/WSPPUtility( 1193): convertHourMinute() - strTime = 5:30 AM - 5:30
D/WSPPUtility( 1193): convertHourMinute() - strTime = 8:41 PM - 20:41
D/WSPPUtility( 1193): getTimeStatus() - time = 1454, sunrise = 530, sunset = 2041, status = 1
I/WSPPUtility( 1193): getCurrentDataStatus() - offset = 0, statusCur = 1
D/WSPPUtility( 1193): getCurrentDataStatus() - result = { 0, 0, 1, 7 }
I/ClockWidget( 1193): updateForecastDateNow~ mFSTNow:com.htc.clock.util.location.WeatherForecast@412593c0
I/ClockWidget( 1193): forceUpdateIfNoData~
I/ClockWidget( 1193): isNeedUpdate~ updateInterval:363
I/ClockWidget( 1193): isNeedUpdate~ current):15:2:54
I/ClockWidget( 1193): isNeedUpdate~ updateTime):15:11:8
I/ClockWidget( 1193): isNeedUpdate~ nextAutoSyncTime):15:5:11
I/ClockWidget( 1193): isNeedUpdate~ false
D/UEventObserver(  468): @# << next event:remove@/devices/system/cpu/cpu1/cpufreqACTION=removeDEVPATH=/devices/system/cpu/cpu1/cpufreqSUBSYSTEM=cpuSEQNUM=58338
D/UEventObserver(  468): @# >> wait for event:
E/HDMIDaemon(  238): mAcceptedConnection 13
E/HDMIDaemon(  238): mAcceptedConnection 13
D/UEventObserver(  468): @# << next event:offline@/devices/system/cpu/cpu1ACTION=offlineDEVPATH=/devices/system/cpu/cpu1SUBSYSTEM=cpuSEQNUM=58339
D/UEventObserver(  468): @# >> wait for event:
D/PhoneStatusBar(  653): STATUS_BAR_BACKGROUND_TRANSPARENT
I/wpa_supplicant(  638): [SeamLess] current RSSI is -49
D/WifiStateMachine(  468): ConnectedState{ what=131155 when=-1ms arg1=140 }
D/WifiStateMachine(  468): fetchRssiAndLinkSpeedNative RSSI = -49
V/Performance(  653): >>com.android.systemui.statusbar.phone.PhoneStatusBarPolicy$2@40dc8018 onReceive:Intent { act=android.net.wifi.RSSI_CHANGED flg=0x10000010 (has extras) }, tid=653
V/Performance(  653): <<com.android.systemui.statusbar.phone.PhoneStatusBarPolicy$2@40dc8018 onReceive, 1ms
V/Performance( 1180): >>com.movial.ipservice.IPPolicy$3@40d82cc0 onReceive:Intent { act=android.net.wifi.RSSI_CHANGED flg=0x10000010 (has extras) }, tid=1180
D/IPPolicy( 1180): onReceive: android.net.wifi.RSSI_CHANGED
D/WifiStateMachine(  468): fetchRssiAndLinkSpeedNative send RSSIChange intent, SameSignalLevelCount =1
V/ActivityManager(  468): Delivering non-ordered to registered BroadcastFilter{415b3950 ReceiverList{415b38d8 653 com.android.systemui/1000 remote:415af360}}: BroadcastRecord{40de0608 android.net.wifi.RSSI_CHANGED}
I/ActivityManager(  468): Delivering to BroadcastFilter{415b3950 ReceiverList{415b38d8 653 com.android.systemui/1000 remote:415af360}}
V/ActivityManager(  468): Delivering non-ordered to registered BroadcastFilter{41414210 ReceiverList{41414170 1180 com.movial.ipservice/10103 remote:412dab10}}: BroadcastRecord{40de0608 android.net.wifi.RSSI_CHANGED}
I/ActivityManager(  468): Delivering to BroadcastFilter{41414210 ReceiverList{41414170 1180 com.movial.ipservice/10103 remote:412dab10}}
D/PhoneStatusBarPolicy(  653): onReceive , action=android.net.wifi.RSSI_CHANGED
D/InputDispatcher(  468): notifyKey - eventTime=46445891899000, deviceId=8, source=0x101, policyFlags=0x100, action=0x0, flags=0x8, keyCode=0x4, scanCode=0x9e, metaState=0x0, downTime=46445891899000
D/WindowManager(  468): performHapticFeedbackLw: effectId:1, pattern[] len:4
V/BatteryStatsImpl(  468): hold partial wakelock, name=*vibrator*, pid=468
D/PowerManagerService(  468): acquireWakeLock(41709180): PARTIAL_WAKE_LOCK , tag=*vibrator*, flags=0x1, pid=468, uid=1000, mUserState=0x3
D/IPPolicy( 1180): notifyRssiChange. connected: true, original: -49, new: -49
V/Performance( 1180): <<com.movial.ipservice.IPPolicy$3@40d82cc0 onReceive, 26ms
D/WindowManager(  468): VirtualKey ActionDown keycode=4, performHapticFeedbackLw()
D/WindowManager(  468): interceptKeyBeforeQueue keycode=4 screenIsOn=true keyguardActive=false policyFlags=33554688 repeat count: 0
I/PowerManagerService-JNI(  468): [Stability] PowerManagerService_userActivity JNI pass power key event to PowerManagerService userActivity()
D/WindowManager(  468): interceptKeyBeforeDispatch keyCode=4, keyName=4, down=true repeatCount=0
D/WindowManager(  468):    keyguardOn=false mHomePressed=false
D/InputDispatcher(  468): interceptKeyResult, delay: 0
D/InputDispatcher(  468): findFocusedWindow finished: injectionResult=0, timeSpendWaitingForApplication=0.0ms
D/InputDispatcher(  468): Dispatch KeyEvent [keyCode=4, action=0] ToCurrentInputTarget: 416083b0 com.htc.launcher/com.htc.launcher.Launcher (server)
D/PowerManagerService(  468): setTimeoutLocked: now=46445891, timeoutOverride=-1, nextState=0x3, when=46451891 (mKeylightDelay=6000, mDimDelay=47000, mScreenOffDelay=7000)
V/BatteryStatsImpl(  468): release partial wakelock, name=*vibrator*, pid=468
D/PowerManagerService(  468): releaseWakeLock(41709180): PARTIAL_WAKE_LOCK , tag=*vibrator*, flags=0x1
D/InputDispatcher(  468): notifyKey - eventTime=46446110150000, deviceId=8, source=0x101, policyFlags=0x100, action=0x1, flags=0x8, keyCode=0x4, scanCode=0x9e, metaState=0x0, downTime=46445891899000
D/WindowManager(  468): interceptKeyBeforeQueue keycode=4 screenIsOn=true keyguardActive=false policyFlags=33554688 repeat count: 0
D/WindowManager(  468): interceptKeyBeforeDispatch keyCode=4, keyName=4, down=false repeatCount=0
D/WindowManager(  468):    keyguardOn=false mHomePressed=false
D/InputDispatcher(  468): interceptKeyResult, delay: 0
D/InputDispatcher(  468): findFocusedWindow finished: injectionResult=0, timeSpendWaitingForApplication=0.0ms
D/InputDispatcher(  468): Dispatch KeyEvent [keyCode=4, action=1] ToCurrentInputTarget: 416083b0 com.htc.launcher/com.htc.launcher.Launcher (server)
D/Performance( 1193): [AutoProf](112) Back key triggered
D/CAT     (  744): CatService: Return current sInstance
D/HtcTelephonyInternal(  744): notifyKeyEvent keyCode=4
I/HTCIMEService(  725): onKeyUp, keyCode=4,mbUseHWkeyboard=false,mbReadyForInput=false,getEZSIP()=null
D/Process (30347): killProcess, pid=30347
D/Process (30347): dalvik.system.VMStack.getThreadStackTrace(Native Method)
D/Process (30347): java.lang.Thread.getStackTrace(Thread.java:599)
D/Process (30347): android.os.Process.killProcess(Process.java:807)
D/Process (30347): com.lookout.d.run(ConnectivityReceiver.java:53)
D/Process (30347): android.os.Handler.handleCallback(Handler.java:607)
D/Process (30347): android.os.Handler.dispatchMessage(Handler.java:92)
D/Process (30347): android.os.Looper.loop(Looper.java:156)
D/Process (30347): android.app.ActivityThread.main(ActivityThread.java:5008)
D/Process (30347): java.lang.reflect.Method.invokeNative(Native Method)
D/Process (30347): java.lang.reflect.Method.invoke(Method.java:511)
D/Process (30347): com.android.internal.os.ZygoteInit$MethodAndArgsCaller.run(ZygoteInit.java:784)
D/Process (30347): com.android.internal.os.ZygoteInit.main(ZygoteInit.java:551)
D/Process (30347): dalvik.system.NativeStart.main(Native Method)
I/Process (30347): Sending signal. PID: 30347 SIG: 9
D/BrowseLayerCarouselActivity(  759): EVENT_ON_PAUSED_MESSAGE
D/BrowseLayerCarouselActivity(  759): intent onPause Broadcast
V/HtcAppUsageStats(  468): noteAppDied pid=30347
I/ActivityManager(  468): Process com.lookout:ConnectivityReceiver (pid 30347) has died.
D/HtcDeviceInfoManager(  468): KILL_PROC com.lookout:ConnectivityReceiver
D/HtcDeviceInfoManager(  468): UPDATE null fg=com.htc.launcher
I/HtcModeClient(29329): handler message = 4009
I/HtcModeClient(29329): start to setup the connection
D/InputDispatcher(  468): notifyKey - eventTime=46446302733000, deviceId=8, source=0x101, policyFlags=0x100, action=0x0, flags=0x8, keyCode=0x4, scanCode=0x9e, metaState=0x0, downTime=46446302733000
D/WindowManager(  468): performHapticFeedbackLw: effectId:1, pattern[] len:4
V/BatteryStatsImpl(  468): hold partial wakelock, name=*vibrator*, pid=468
D/WindowManager(  468): VirtualKey ActionDown keycode=4, performHapticFeedbackLw()
D/WindowManager(  468): interceptKeyBeforeQueue keycode=4 screenIsOn=true keyguardActive=false policyFlags=33554688 repeat count: 0
D/WindowManager(  468): interceptKeyBeforeDispatch keyCode=4, keyName=4, down=true repeatCount=0
D/PowerManagerService(  468): acquireWakeLock(41567f18): PARTIAL_WAKE_LOCK , tag=*vibrator*, flags=0x1, pid=468, uid=1000, mUserState=0x3
D/WindowManager(  468):    keyguardOn=false mHomePressed=false
D/InputDispatcher(  468): interceptKeyResult, delay: 0
D/InputDispatcher(  468): findFocusedWindow finished: injectionResult=0, timeSpendWaitingForApplication=0.0ms
D/InputDispatcher(  468): Dispatch KeyEvent [keyCode=4, action=0] ToCurrentInputTarget: 416083b0 com.htc.launcher/com.htc.launcher.Launcher (server)
V/BatteryStatsImpl(  468): release partial wakelock, name=*vibrator*, pid=468
D/PowerManagerService(  468): releaseWakeLock(41567f18): PARTIAL_WAKE_LOCK , tag=*vibrator*, flags=0x1
D/dalvikvm(17046): GC_FOR_ALLOC freed 630K, 24% free 6936K/9059K, paused 75ms
I/PowerManagerService-JNI(  468): [Stability] PowerManagerService_userActivity JNI pass power key event to PowerManagerService userActivity()
D/WindowManager(  468): interceptKeyBeforeDispatch keyCode=4, keyName=4, down=true repeatCount=1
D/WindowManager(  468):    keyguardOn=false mHomePressed=false
D/InputDispatcher(  468): interceptKeyResult, delay: 0
D/InputDispatcher(  468): findFocusedWindow finished: injectionResult=0, timeSpendWaitingForApplication=0.0ms
D/InputDispatcher(  468): Dispatch KeyEvent [keyCode=4, action=0] ToCurrentInputTarget: 416083b0 com.htc.launcher/com.htc.launcher.Launcher (server)
D/PowerManagerService(  468): setPowerState: mPowerState=0x3, newState=0x3, ScreenOn=true->true, ScreenBright=true->true, ButtonBright=false->false, KeyboardBright=false->false, BatteryLow=false->false (repeat:10)
D/PowerManagerService(  468): setTimeoutLocked: now=46446803, timeoutOverride=-1, nextState=0x3, when=46452803 (mKeylightDelay=6000, mDimDelay=47000, mScreenOffDelay=7000)
D/WindowManager(  468): interceptKeyBeforeDispatch keyCode=4, keyName=4, down=true repeatCount=2
D/WindowManager(  468):    keyguardOn=false mHomePressed=false
D/InputDispatcher(  468): interceptKeyResult, delay: 0
D/InputDispatcher(  468): findFocusedWindow finished: injectionResult=0, timeSpendWaitingForApplication=0.0ms
D/InputDispatcher(  468): Dispatch KeyEvent [keyCode=4, action=0] ToCurrentInputTarget: 416083b0 com.htc.launcher/com.htc.launcher.Launcher (server)
D/WindowManager(  468): interceptKeyBeforeDispatch keyCode=4, keyName=4, down=true repeatCount=3
D/WindowManager(  468):    keyguardOn=false mHomePressed=false
D/InputDispatcher(  468): interceptKeyResult, delay: 0
D/InputDispatcher(  468): findFocusedWindow finished: injectionResult=0, timeSpendWaitingForApplication=0.0ms
D/InputDispatcher(  468): Dispatch KeyEvent [keyCode=4, action=0] ToCurrentInputTarget: 416083b0 com.htc.launcher/com.htc.launcher.Launcher (server)
D/WindowManager(  468): interceptKeyBeforeDispatch keyCode=4, keyName=4, down=true repeatCount=4
D/WindowManager(  468):    keyguardOn=false mHomePressed=false
D/InputDispatcher(  468): interceptKeyResult, delay: 0
D/InputDispatcher(  468): findFocusedWindow finished: injectionResult=0, timeSpendWaitingForApplication=0.0ms
D/InputDispatcher(  468): Dispatch KeyEvent [keyCode=4, action=0] ToCurrentInputTarget: 416083b0 com.htc.launcher/com.htc.launcher.Launcher (server)
D/WindowManager(  468): interceptKeyBeforeDispatch keyCode=4, keyName=4, down=true repeatCount=5
D/WindowManager(  468):    keyguardOn=false mHomePressed=false
D/InputDispatcher(  468): interceptKeyResult, delay: 0
D/InputDispatcher(  468): findFocusedWindow finished: injectionResult=0, timeSpendWaitingForApplication=0.0ms
D/InputDispatcher(  468): Dispatch KeyEvent [keyCode=4, action=0] ToCurrentInputTarget: 416083b0 com.htc.launcher/com.htc.launcher.Launcher (server)
D/WindowManager(  468): interceptKeyBeforeDispatch keyCode=4, keyName=4, down=true repeatCount=6
D/WindowManager(  468):    keyguardOn=false mHomePressed=false
D/InputDispatcher(  468): interceptKeyResult, delay: 0
D/InputDispatcher(  468): findFocusedWindow finished: injectionResult=0, timeSpendWaitingForApplication=0.0ms
D/InputDispatcher(  468): Dispatch KeyEvent [keyCode=4, action=0] ToCurrentInputTarget: 416083b0 com.htc.launcher/com.htc.launcher.Launcher (server)
D/Pomelo  (29343): After HttpClient.execute()
D/WindowManager(  468): interceptKeyBeforeDispatch keyCode=4, keyName=4, down=true repeatCount=7
D/WindowManager(  468):    keyguardOn=false mHomePressed=false
D/InputDispatcher(  468): interceptKeyResult, delay: 0
D/InputDispatcher(  468): findFocusedWindow finished: injectionResult=0, timeSpendWaitingForApplication=0.0ms
D/InputDispatcher(  468): Dispatch KeyEvent [keyCode=4, action=0] ToCurrentInputTarget: 416083b0 com.htc.launcher/com.htc.launcher.Launcher (server)
I/global  (29343): call socket shutdown in SocketHttpClientConnection, catch exception.
I/global  (29343): call socket shutdown, tmpsocket=SSL socket over Socket[address=/50.19.242.147,port=443,localPort=53035], tmpsocket.getSoLinger()=-1
D/Pomelo  (29343): statusCode=[200,OK], responseBody=[]
D/Pomelo  (29343): Set Http stuff as null
D/Pomelo  (29343): HttpStatus=200
D/Pomelo  (29343): Pomelo max: 50331648, total: 6131680, free:853936, occupied:5277744
I/MyReportAgent(29343): CSUploader returned value : 200
D/WindowManager(  468): interceptKeyBeforeDispatch keyCode=4, keyName=4, down=true repeatCount=8
D/WindowManager(  468):    keyguardOn=false mHomePressed=false
D/InputDispatcher(  468): interceptKeyResult, delay: 0
D/InputDispatcher(  468): findFocusedWindow finished: injectionResult=0, timeSpendWaitingForApplication=0.0ms
D/InputDispatcher(  468): Dispatch KeyEvent [keyCode=4, action=0] ToCurrentInputTarget: 416083b0 com.htc.launcher/com.htc.launcher.Launcher (server)
V/BatteryStatsImpl(  468): release partial wakelock, name=ReportUploader, pid=29343
V/MyReportAgent(29343): Utils getType(): 1, getSubtype: 0
D/MyReportAgent(29343): Utils isNetworkAllowed: true, isUSBNETTypeAccepted: true, isTypeWifiAccepted: true, isType2GAccepted: false, isTypeOthersAccepted: true, isUSBNETAllowed: false, isWifiAllowed: true, is2GAllowed: false, isOthersAllowed: false
D/MyReportAgent(29343): ReportUploader Start upload resuming queue files. file count: 0
D/MyReportAgent(29343): Utils [uploadErrorReport after upload(envelope, tag)] max: 50331648, total: 6131680, free:807304
D/MyReportAgent(29343): ReportServiceHandler [##] send STOPSELF message, startId = 3, return true
I/MyReportAgent(29343): ReportServiceHandler.onHandleIntent() intent is com.htc.intent.action.BUGREPORT
D/MyReportAgent(29343): found = true, str = 1.84.531.1
D/MyReportAgent(29343): isRomVersionLegal = true, isUnlockedDevice = false, isHackedSN = false => isSecure = true
D/MyReportAgent(29343): Utils isDebuggingRom: true ,ulog.enable_s3_uploader: true
D/MyReportAgent(29343): ReportServiceHandler from dropbox,true(if true means from regular upload)
D/MyReportAgent(29343): ReportServiceHandler the tag HTC_UP
D/PowerManagerService(  468): releaseWakeLock(4185bb78): PARTIAL_WAKE_LOCK , tag=ReportUploader, flags=0x1
D/DropBoxManagerService(  468): Found time mapping 1337118881206 -> 1337118881217
V/BatteryStatsImpl(  468): hold partial wakelock, name=BugReportService, pid=29343
D/MyReportAgent(29343): DeviceInfoHelper [getCurrentLocation] Location: Location[mProvider=network,mTime=1337118885615,mLatitude=47.5779609,mLongitude=-122.1664841,mHasAltitude=false,mAltitude=0.0,mHasSpeed=false,mSpeed=0.0,mHasBearing=false,mBearing=0.0,mHasAccuracy=true,mAccuracy=20.0,mExtras=Bundle[mParcelledData.dataSize=148]]
D/DropBoxManagerService(  468): Found time mapping 1337118881206 -> 1337118881217
D/PowerManagerService(  468): acquireWakeLock(414ebc68): PARTIAL_WAKE_LOCK , tag=BugReportService, flags=0x1, pid=29343, uid=10131, mUserState=0x3
V/LocationManagerService(  468): getLastKnownLocation: network
I/System.out(  841): [INFO:99982107]: LogSource: Running flush
D/WindowManager(  468): interceptKeyBeforeDispatch keyCode=4, keyName=4, down=true repeatCount=9
D/WindowManager(  468):    keyguardOn=false mHomePressed=false
D/InputDispatcher(  468): interceptKeyResult, delay: 0
D/InputDispatcher(  468): findFocusedWindow finished: injectionResult=0, timeSpendWaitingForApplication=0.0ms
D/InputDispatcher(  468): Dispatch KeyEvent [keyCode=4, action=0] ToCurrentInputTarget: 416083b0 com.htc.launcher/com.htc.launcher.Launcher (server)
I/System.out(  841): [INFO:99982114]: LogSource: Sending payload [bytes=245]
I/AndroidHttpClient$2(  841): execute()#started   target=https://www.google.com   request=POST https://www.google.com/loc/m/api HTTP/1.1
I/APACHE HTTP (thCr=52) - NafHttpAuthStrategyDefault(  841): (thUse=53)    cached value : gbaSupportIsPossible=false
I/APACHE HTTP (thCr=52) - NafHttpAuthStrategyDefault(  841): (thUse=53) It is impossible to support GBA now (many possible reasons: no Android Context, current client is GBA service, etc.), then it will be just usual HTTP.
I/APACHE HTTP (thCr=53) - NafRequestExecutorWrapperRedirectionHandler(  841): (thUse=53)    It isn't GBA flow, redirection responses are not handled.
I/AndroidHttpClient$2(  841): executeRequestSending()#started   >>>>>   nafRequestWrapper=NafRequestWrapper [currentHttpRequest=POST https://www.google.com/loc/m/api HTTP/1.1, currentHttpHost=https://www.google.com]
I/AndroidHttpClient$2(  841): executeRequestSending()   director.getClass()=class org.apache.http.impl.client.DefaultRequestDirector
D/WindowManager(  468): interceptKeyBeforeDispatch keyCode=4, keyName=4, down=true repeatCount=10
D/WindowManager(  468):    keyguardOn=false mHomePressed=false
D/InputDispatcher(  468): interceptKeyResult, delay: 0
D/InputDispatcher(  468): findFocusedWindow finished: injectionResult=0, timeSpendWaitingForApplication=0.0ms
D/InputDispatcher(  468): Dispatch KeyEvent [keyCode=4, action=0] ToCurrentInputTarget: 416083b0 com.htc.launcher/com.htc.launcher.Launcher (server)
I/PowerManagerService-JNI(  468): [Stability] PowerManagerService_userActivity JNI pass power key event to PowerManagerService userActivity()
D/WindowManager(  468): interceptKeyBeforeDispatch keyCode=4, keyName=4, down=true repeatCount=11
D/WindowManager(  468):    keyguardOn=false mHomePressed=false
D/InputDispatcher(  468): interceptKeyResult, delay: 0
D/InputDispatcher(  468): findFocusedWindow finished: injectionResult=0, timeSpendWaitingForApplication=0.0ms
D/InputDispatcher(  468): Dispatch KeyEvent [keyCode=4, action=0] ToCurrentInputTarget: 416083b0 com.htc.launcher/com.htc.launcher.Launcher (server)
D/PowerManagerService(  468): setTimeoutLocked: now=46447310, timeoutOverride=-1, nextState=0x3, when=46453310 (mKeylightDelay=6000, mDimDelay=47000, mScreenOffDelay=7000)
D/WindowManager(  468): interceptKeyBeforeDispatch keyCode=4, keyName=4, down=true repeatCount=12
D/WindowManager(  468):    keyguardOn=false mHomePressed=false
D/InputDispatcher(  468): interceptKeyResult, delay: 0
D/InputDispatcher(  468): findFocusedWindow finished: injectionResult=0, timeSpendWaitingForApplication=0.0ms
D/InputDispatcher(  468): Dispatch KeyEvent [keyCode=4, action=0] ToCurrentInputTarget: 416083b0 com.htc.launcher/com.htc.launcher.Launcher (server)
D/WindowManager(  468): interceptKeyBeforeDispatch keyCode=4, keyName=4, down=true repeatCount=13
D/WindowManager(  468):    keyguardOn=false mHomePressed=false
D/InputDispatcher(  468): interceptKeyResult, delay: 0
D/InputDispatcher(  468): findFocusedWindow finished: injectionResult=0, timeSpendWaitingForApplication=0.0ms
D/InputDispatcher(  468): Dispatch KeyEvent [keyCode=4, action=0] ToCurrentInputTarget: 416083b0 com.htc.launcher/com.htc.launcher.Launcher (server)
D/WindowManager(  468): interceptKeyBeforeDispatch keyCode=4, keyName=4, down=true repeatCount=14
D/WindowManager(  468):    keyguardOn=false mHomePressed=false
D/InputDispatcher(  468): interceptKeyResult, delay: 0
D/InputDispatcher(  468): findFocusedWindow finished: injectionResult=0, timeSpendWaitingForApplication=0.0ms
D/InputDispatcher(  468): Dispatch KeyEvent [keyCode=4, action=0] ToCurrentInputTarget: 416083b0 com.htc.launcher/com.htc.launcher.Launcher (server)
D/WindowManager(  468): interceptKeyBeforeDispatch keyCode=4, keyName=4, down=true repeatCount=15
D/WindowManager(  468):    keyguardOn=false mHomePressed=false
D/InputDispatcher(  468): interceptKeyResult, delay: 0
D/InputDispatcher(  468): findFocusedWindow finished: injectionResult=0, timeSpendWaitingForApplication=0.0ms
D/InputDispatcher(  468): Dispatch KeyEvent [keyCode=4, action=0] ToCurrentInputTarget: 416083b0 com.htc.launcher/com.htc.launcher.Launcher (server)
D/WindowManager(  468): interceptKeyBeforeDispatch keyCode=4, keyName=4, down=true repeatCount=16
D/WindowManager(  468):    keyguardOn=false mHomePressed=false
D/InputDispatcher(  468): interceptKeyResult, delay: 0
D/InputDispatcher(  468): findFocusedWindow finished: injectionResult=0, timeSpendWaitingForApplication=0.0ms
D/InputDispatcher(  468): Dispatch KeyEvent [keyCode=4, action=0] ToCurrentInputTarget: 416083b0 com.htc.launcher/com.htc.launcher.Launcher (server)
D/WindowManager(  468): interceptKeyBeforeDispatch keyCode=4, keyName=4, down=true repeatCount=17
D/WindowManager(  468):    keyguardOn=false mHomePressed=false
D/InputDispatcher(  468): interceptKeyResult, delay: 0
D/InputDispatcher(  468): findFocusedWindow finished: injectionResult=0, timeSpendWaitingForApplication=0.0ms
D/InputDispatcher(  468): Dispatch KeyEvent [keyCode=4, action=0] ToCurrentInputTarget: 416083b0 com.htc.launcher/com.htc.launcher.Launcher (server)
D/WindowManager(  468): interceptKeyBeforeDispatch keyCode=4, keyName=4, down=true repeatCount=18
D/WindowManager(  468):    keyguardOn=false mHomePressed=false
D/InputDispatcher(  468): interceptKeyResult, delay: 0
D/InputDispatcher(  468): findFocusedWindow finished: injectionResult=0, timeSpendWaitingForApplication=0.0ms
D/InputDispatcher(  468): Dispatch KeyEvent [keyCode=4, action=0] ToCurrentInputTarget: 416083b0 com.htc.launcher/com.htc.launcher.Launcher (server)
D/WindowManager(  468): interceptKeyBeforeDispatch keyCode=4, keyName=4, down=true repeatCount=19
D/WindowManager(  468):    keyguardOn=false mHomePressed=false
D/InputDispatcher(  468): interceptKeyResult, delay: 0
D/InputDispatcher(  468): findFocusedWindow finished: injectionResult=0, timeSpendWaitingForApplication=0.0ms
D/InputDispatcher(  468): Dispatch KeyEvent [keyCode=4, action=0] ToCurrentInputTarget: 416083b0 com.htc.launcher/com.htc.launcher.Launcher (server)
I/AndroidHttpClient$2(  841): executeRequestSending()#finished   <<<<<   nafResponseWrapper=NafResponseWrapper [httpResponse=HTTP/1.1 200 OK, usedCipherSuiteAndroidName=TLS_ECDHE_RSA_WITH_RC4_128_SHA]
I/AndroidHttpClient$2(  841): execute()   finalHttpResponse.getStatusLine()=HTTP/1.1 200 OK
I/AndroidHttpClient$2(  841): execute()#finished
I/System.out(  841): [INFO:99982639]: LogSource: Response [http=200,length=214]
I/System.out(  841): [INFO:99982641]: LogSource: Read id 61, status code 200
I/wpa_supplicant(  638): [SeamLess] current RSSI is -50
D/MyReportAgent(29343): DeviceInfoHelper [getCityByLocation] city: {"Locality":"Bellevue","AdminArea":"Washington"}
D/WindowManager(  468): interceptKeyBeforeDispatch keyCode=4, keyName=4, down=true repeatCount=20
D/WindowManager(  468):    keyguardOn=false mHomePressed=false
D/InputDispatcher(  468): interceptKeyResult, delay: 0
D/InputDispatcher(  468): findFocusedWindow finished: injectionResult=0, timeSpendWaitingForApplication=0.0ms
D/InputDispatcher(  468): Dispatch KeyEvent [keyCode=4, action=0] ToCurrentInputTarget: 416083b0 com.htc.launcher/com.htc.launcher.Launcher (server)
D/dalvikvm(29343): GC_CONCURRENT freed 2115K, 43% free 3429K/5987K, paused 2ms+2ms
D/MyReportAgent(29343): BugReportService [getPhoneNum] phonenum: 597EEBFD1FAC304CF15AA050EFFBC78602EC41C2C5CA7FF66B5AF1F19D97606EFE03A7F5AE99EF125ED0AA827102C1337FC1DBAF70F9F8173C0CB1CE7049ADAFB487507E74ABBBBCC98D4540056D2CA83996573044BE8FAA4F383B27D5F71EA6DA215A96F85598C83F0380B6E4A9F42FFE72541725DC5992223661693BB538DC792973AE629650D26D79403D65D763E7B4BDDE67004305D5F6D35B668A0C4EDD0803E296921A1390265E36D21616D4FAD9C979E838937CCB89C19771DC2E10DA847531C1B98EEEAE8AF15A01BDE8D6B34AFD04B5DAB463B6DC9F13A3DAAD9D56F1B0BC7035566E8CB529CE2ADDC07B91E9B7CD2E399A346376C1BFC3B34C61A2
D/MyReportAgent(29343): BugReportService {position=, model=HTC VLE_U, tag=HTC_UP, aid=6bf6e2c9fad2a579, city={"Locality":"Bellevue","AdminArea":"Washington"}, deviceid=004402260167170, unique_msg=unknown, unlocked_device=0, revision=3, fingerprint=tmous/ville/ville:4.0.3/IML74K/63329.1:userdebug/test-keys, time=1337118898460, builddateid=1336668987, serialno=HT22WW400912, sense_version=4.0, buildtype=userdebug, rom=1.84.531.1 CL63329 test-keys, free_data_storage=2083557376, changelist=63329, cid=11111111, phonetype=1, product=ville, message=Sync user behavior logs, keyset=test-keys, project=ville, apaccount={"vnd.tmobileus.contact.phone":"MobileLife Contacts"}, devicepid=597EEBFD1FAC304CF15AA050EFFBC78602EC41C2C5CA7FF66B5AF1F19D97606EFE03A7F5AE99EF125ED0AA827102C1337FC1DBAF70F9F8173C0CB1CE7049ADAFB487507E74ABBBBCC98D4540056D2CA83996573044BE8FAA4F383B27D5F71EA6DA215A96F85598C83F0380B6E4A9F42FFE72541725DC5992223661693BB538DC792973AE629650D26D79403D65D763E7B4BDDE67004305D5F6D35B668A0C4EDD0803E296921A1390265E36D21616D4FAD9C979E838937CCB89C19771DC2E10DA847531C1B98EEEAE8AF15A01BDE8D6B34AFD04B5DAB463B6DC9F13A3DAAD9D56F1B0BC7035566E8CB529CE2ADDC07B91E9B7CD2E399A346376C1BFC3B34C61A2, buildidentify=Ville_U:260723, frameworkversion=4.0.3, account=unknown, radio=0.16.31501S.16_2_10.22.31501S.10L}
D/MyReportAgent(29343): BugReportService position 0 has no cache file
I/PowerManagerService-JNI(  468): [Stability] PowerManagerService_userActivity JNI pass power key event to PowerManagerService userActivity()
D/WindowManager(  468): interceptKeyBeforeDispatch keyCode=4, keyName=4, down=true repeatCount=21
D/PowerManagerService(  468): setTimeoutLocked: now=46447818, timeoutOverride=-1, nextState=0x3, when=46453818 (mKeylightDelay=6000, mDimDelay=47000, mScreenOffDelay=7000)
D/WindowManager(  468):    keyguardOn=false mHomePressed=false
D/InputDispatcher(  468): interceptKeyResult, delay: 0
D/InputDispatcher(  468): findFocusedWindow finished: injectionResult=0, timeSpendWaitingForApplication=0.0ms
D/InputDispatcher(  468): Dispatch KeyEvent [keyCode=4, action=0] ToCurrentInputTarget: 416083b0 com.htc.launcher/com.htc.launcher.Launcher (server)
D/MyReportAgent(29343): BugReportService Start upload
D/MyReportAgent(29343): BugReportService The size of uploaded file is: 2375(bytes)
D/MyReportAgent(29343): [isNetworkAllowed] tag: HTC_UP, rom desc: 1.84.531.1 CL63329 test-keys, file size: 2375, isDebuggingRom: true, isMobileAcceptableByUser: true
D/MyReportAgent(29343): found 999 = false, str = 
D/MyReportAgent(29343): [isNetworkAllowed][engineering] UP/UB case
V/MyReportAgent(29343): Utils getType(): 1, getSubtype: 0
D/MyReportAgent(29343): Utils isNetworkAllowed: true, isUSBNETTypeAccepted: true, isTypeWifiAccepted: true, isType2GAccepted: false, isTypeOthersAccepted: true, isUSBNETAllowed: false, isWifiAllowed: true, is2GAllowed: false, isOthersAllowed: false
V/MyReportAgent(29343): S3Uploader {S/N=HT22WW400912, TAG=HTC_UP} key=HTC_UP-HT22WW400912-347ca6c4-fa6c-46ef-8dfa-70cfa5855eaf.zip
I/APACHE HTTP (thCr=2965) - NafHttpAuthStrategyDefault(29343): (thUse=2965) NafHttpAuthStrategyDefault()
I/APACHE HTTP (thCr=2965) - GbaSupportIndicatorRequestUpdaterDefault(29343): (thUse=2965) GbaSupportIndicatorRequestUpdaterAbstract()   userHeaderPredefined=null
I/APACHE HTTP (thCr=2965) - NafHttpAuthStrategyDefault(29343): (thUse=2965)    cached value : gbaSupportIsPossible=null
I/APACHE HTTP (thCr=2965) - NafHttpAuthStrategyDefault(29343): (thUse=2965)    The current context is NOT a context of GBA service.
I/APACHE HTTP (thCr=2965) - GbaSupportPermissionRequestCheckerImpl(29343): (thUse=2965) isCurrentProcessRequestedGba()#finished   result=false
I/APACHE HTTP (thCr=2965) - GbaSupportPermissionRequestCheckerImpl(29343): (thUse=2965) isCurrentProcessAllowedToUseGba()#started   result=false
I/APACHE HTTP (thCr=2965) - NafHttpAuthStrategyDefault(29343): (thUse=2965)    The GBA permission wasn't requested for this process.
I/APACHE HTTP (thCr=2965) - NafHttpAuthStrategyDefault(29343): (thUse=2965) It is impossible to support GBA now (many possible reasons: no Android Context, current client is GBA service, etc.), then it will be just usual HTTP.
I/APACHE HTTP (thCr=2965) - NafRequestExecutorWrapperRedirectionHandler(29343): (thUse=2965)    It isn't GBA flow, redirection responses are not handled.
I/global  (29343): In close() at SocketHttpClientConnection
D/WindowManager(  468): interceptKeyBeforeDispatch keyCode=4, keyName=4, down=true repeatCount=22
D/WindowManager(  468):    keyguardOn=false mHomePressed=false
D/InputDispatcher(  468): interceptKeyResult, delay: 0
D/InputDispatcher(  468): findFocusedWindow finished: injectionResult=0, timeSpendWaitingForApplication=0.0ms
D/InputDispatcher(  468): Dispatch KeyEvent [keyCode=4, action=0] ToCurrentInputTarget: 416083b0 com.htc.launcher/com.htc.launcher.Launcher (server)
D/dalvikvm(17046): GC_FOR_ALLOC freed 627K, 24% free 6936K/9059K, paused 33ms
D/WindowManager(  468): interceptKeyBeforeDispatch keyCode=4, keyName=4, down=true repeatCount=23
D/WindowManager(  468):    keyguardOn=false mHomePressed=false
D/InputDispatcher(  468): interceptKeyResult, delay: 0
D/InputDispatcher(  468): findFocusedWindow finished: injectionResult=0, timeSpendWaitingForApplication=0.0ms
D/InputDispatcher(  468): Dispatch KeyEvent [keyCode=4, action=0] ToCurrentInputTarget: 416083b0 com.htc.launcher/com.htc.launcher.Launcher (server)
D/WindowManager(  468): interceptKeyBeforeDispatch keyCode=4, keyName=4, down=true repeatCount=24
D/WindowManager(  468):    keyguardOn=false mHomePressed=false
D/InputDispatcher(  468): interceptKeyResult, delay: 0
D/InputDispatcher(  468): findFocusedWindow finished: injectionResult=0, timeSpendWaitingForApplication=0.0ms
D/InputDispatcher(  468): Dispatch KeyEvent [keyCode=4, action=0] ToCurrentInputTarget: 416083b0 com.htc.launcher/com.htc.launcher.Launcher (server)
D/WindowManager(  468): interceptKeyBeforeDispatch keyCode=4, keyName=4, down=true repeatCount=25
D/WindowManager(  468):    keyguardOn=false mHomePressed=false
D/InputDispatcher(  468): interceptKeyResult, delay: 0
D/InputDispatcher(  468): findFocusedWindow finished: injectionResult=0, timeSpendWaitingForApplication=0.0ms
D/InputDispatcher(  468): Dispatch KeyEvent [keyCode=4, action=0] ToCurrentInputTarget: 416083b0 com.htc.launcher/com.htc.launcher.Launcher (server)
D/WindowManager(  468): interceptKeyBeforeDispatch keyCode=4, keyName=4, down=true repeatCount=26
D/WindowManager(  468):    keyguardOn=false mHomePressed=false
D/InputDispatcher(  468): interceptKeyResult, delay: 0
D/InputDispatcher(  468): findFocusedWindow finished: injectionResult=0, timeSpendWaitingForApplication=0.0ms
D/InputDispatcher(  468): Dispatch KeyEvent [keyCode=4, action=0] ToCurrentInputTarget: 416083b0 com.htc.launcher/com.htc.launcher.Launcher (server)
D/WindowManager(  468): interceptKeyBeforeDispatch keyCode=4, keyName=4, down=true repeatCount=27
D/WindowManager(  468):    keyguardOn=false mHomePressed=false
D/InputDispatcher(  468): interceptKeyResult, delay: 0
D/InputDispatcher(  468): findFocusedWindow finished: injectionResult=0, timeSpendWaitingForApplication=0.0ms
D/InputDispatcher(  468): Dispatch KeyEvent [keyCode=4, action=0] ToCurrentInputTarget: 416083b0 com.htc.launcher/com.htc.launcher.Launcher (server)
D/WindowManager(  468): interceptKeyBeforeDispatch keyCode=4, keyName=4, down=true repeatCount=28
D/WindowManager(  468):    keyguardOn=false mHomePressed=false
D/InputDispatcher(  468): interceptKeyResult, delay: 0
D/InputDispatcher(  468): findFocusedWindow finished: injectionResult=0, timeSpendWaitingForApplication=0.0ms
D/InputDispatcher(  468): Dispatch KeyEvent [keyCode=4, action=0] ToCurrentInputTarget: 416083b0 com.htc.launcher/com.htc.launcher.Launcher (server)
D/WindowManager(  468): interceptKeyBeforeDispatch keyCode=4, keyName=4, down=true repeatCount=29
D/WindowManager(  468):    keyguardOn=false mHomePressed=false
D/InputDispatcher(  468): interceptKeyResult, delay: 0
D/InputDispatcher(  468): findFocusedWindow finished: injectionResult=0, timeSpendWaitingForApplication=0.0ms
D/InputDispatcher(  468): Dispatch KeyEvent [keyCode=4, action=0] ToCurrentInputTarget: 416083b0 com.htc.launcher/com.htc.launcher.Launcher (server)
D/WindowManager(  468): interceptKeyBeforeDispatch keyCode=4, keyName=4, down=true repeatCount=30
D/WindowManager(  468):    keyguardOn=false mHomePressed=false
D/InputDispatcher(  468): interceptKeyResult, delay: 0
D/InputDispatcher(  468): findFocusedWindow finished: injectionResult=0, timeSpendWaitingForApplication=0.0ms
D/InputDispatcher(  468): Dispatch KeyEvent [keyCode=4, action=0] ToCurrentInputTarget: 416083b0 com.htc.launcher/com.htc.launcher.Launcher (server)
I/PowerManagerService-JNI(  468): [Stability] PowerManagerService_userActivity JNI pass power key event to PowerManagerService userActivity()
D/WindowManager(  468): interceptKeyBeforeDispatch keyCode=4, keyName=4, down=true repeatCount=31
D/WindowManager(  468):    keyguardOn=false mHomePressed=false
D/InputDispatcher(  468): interceptKeyResult, delay: 0
D/InputDispatcher(  468): findFocusedWindow finished: injectionResult=0, timeSpendWaitingForApplication=0.0ms
D/InputDispatcher(  468): Dispatch KeyEvent [keyCode=4, action=0] ToCurrentInputTarget: 416083b0 com.htc.launcher/com.htc.launcher.Launcher (server)
D/PowerManagerService(  468): setTimeoutLocked: now=46448325, timeoutOverride=-1, nextState=0x3, when=46454325 (mKeylightDelay=6000, mDimDelay=47000, mScreenOffDelay=7000)
D/WindowManager(  468): interceptKeyBeforeDispatch keyCode=4, keyName=4, down=true repeatCount=32
D/WindowManager(  468):    keyguardOn=false mHomePressed=false
D/InputDispatcher(  468): interceptKeyResult, delay: 0
D/InputDispatcher(  468): findFocusedWindow finished: injectionResult=0, timeSpendWaitingForApplication=0.0ms
D/InputDispatcher(  468): Dispatch KeyEvent [keyCode=4, action=0] ToCurrentInputTarget: 416083b0 com.htc.launcher/com.htc.launcher.Launcher (server)
I/ClockWidget( 1193): LocationCtrl~ getLocName:Bellevue
I/ClockWidget( 1193): stateToLog~ state:START
I/ClockWidget( 1193): stateToLog~ locState:OK
I/ClockWidget( 1193): stateToLog~ weather update time:1337105317415 stateToLog~ weather locCode: locName:Bellevue (lat,lng):(47.57,-122.16) stateToLog~ LocConditionId:04
I/ClockWidget( 1193): stateToLog~ listen timezone changed:true mReceiverRegistered:true used timezone:America/Los_Angeles
I/ClockWidget( 1193): ---start last weather receive log---
I/ClockWidget( 1193): mBOnReceiveWeatherData:true sonReceive~ weatherdata:11:8
I/ClockWidget( 1193): onReceive~ normal
I/ClockWidget( 1193): onReceiverWeatherData~ data:type: 1, param1: , param2: , update: Tue May 15 11:08:37 PDT 2012, param2: , curTempC: 15, curTempF: 59, curConditionId: 07, fstName: [Tuesday, Wednesday, Thursday, Friday, Saturday, Sunday, Monday, Tuesday, Wednesday], fstDate: [5/15/2012, 5/16/2012, 5/17/2012, 5/18/2012, 5/19/2012, 5/20/2012, 5/21/2012, 5/22/2012, 5/23/2012], fstConditionId: [04, 02, 03, 04, 03, 06, 18, 18, 12], fstHighTempC: [23, 19, 17, 16, 18, 19, 17, 18, 14], fstHighTempF: [74, 66, 62, 61, 65, 67, 62, 65, 58], fstLowTempC: [9, 7, 6, 6, 8, 11, 11, 8, 9], fstLowTempF: [49, 44, 42, 42, 47, 52, 51, 47, 48], curLocLat: 47.57, curLocLng: -122.16, curLocLatTrim: 47.57, curLocLngTrim: -122.16, curLocName: Bellevue, curLocState: Washington, curLocCountry: United States, curLocTimezoneId: America/Los_Angeles
I/ClockWidget( 1193): ---end last weather receive log---
D/WindowManager(  468): interceptKeyBeforeDispatch keyCode=4, keyName=4, down=true repeatCount=33
D/WindowManager(  468):    keyguardOn=false mHomePressed=false
D/InputDispatcher(  468): interceptKeyResult, delay: 0
D/InputDispatcher(  468): findFocusedWindow finished: injectionResult=0, timeSpendWaitingForApplication=0.0ms
D/InputDispatcher(  468): Dispatch KeyEvent [keyCode=4, action=0] ToCurrentInputTarget: 416083b0 com.htc.launcher/com.htc.launcher.Launcher (server)
D/WindowManager(  468): interceptKeyBeforeDispatch keyCode=4, keyName=4, down=true repeatCount=34
D/WindowManager(  468):    keyguardOn=false mHomePressed=false
D/InputDispatcher(  468): interceptKeyResult, delay: 0
D/InputDispatcher(  468): findFocusedWindow finished: injectionResult=0, timeSpendWaitingForApplication=0.0ms
D/InputDispatcher(  468): Dispatch KeyEvent [keyCode=4, action=0] ToCurrentInputTarget: 416083b0 com.htc.launcher/com.htc.launcher.Launcher (server)
D/WindowManager(  468): interceptKeyBeforeDispatch keyCode=4, keyName=4, down=true repeatCount=35
D/WindowManager(  468):    keyguardOn=false mHomePressed=false
D/InputDispatcher(  468): interceptKeyResult, delay: 0
D/InputDispatcher(  468): findFocusedWindow finished: injectionResult=0, timeSpendWaitingForApplication=0.0ms
D/InputDispatcher(  468): Dispatch KeyEvent [keyCode=4, action=0] ToCurrentInputTarget: 416083b0 com.htc.launcher/com.htc.launcher.Launcher (server)
D/WindowManager(  468): interceptKeyBeforeDispatch keyCode=4, keyName=4, down=true repeatCount=36
D/WindowManager(  468):    keyguardOn=false mHomePressed=false
D/InputDispatcher(  468): interceptKeyResult, delay: 0
D/InputDispatcher(  468): findFocusedWindow finished: injectionResult=0, timeSpendWaitingForApplication=0.0ms
D/InputDispatcher(  468): Dispatch KeyEvent [keyCode=4, action=0] ToCurrentInputTarget: 416083b0 com.htc.launcher/com.htc.launcher.Launcher (server)
D/MyReportAgent(29343):  statusCode=[200], responseStatus=[HTTP/1.1 200 OK], response Description=[]
V/MyReportAgent(29343): BugReportService Upload Done
D/MyReportAgent(29343): BugReportService Start upload resuming queue files.
D/MyReportAgent(29343): BugReportService Start upload resuming queue files.Totl file count is 0
V/BatteryStatsImpl(  468): release partial wakelock, name=BugReportService, pid=29343
D/Pomelo  (29343): Pomelo max: 50331648, total: 6131680, free:2156736, occupied:3974944
D/Pomelo  (29343): LogLibStore has VERSIONKEY.
D/Pomelo  (29343): LogLibStore version is 1.1
D/PowerManagerService(  468): releaseWakeLock(414ebc68): PARTIAL_WAKE_LOCK , tag=BugReportService, flags=0x1
D/Pomelo  (29343): Load setting from preference in LogLib constructor
D/UPolicy (29343): [canLogUserProfiling] enabled in engineering
D/UPolicy (29343): settings_error_report value: true
D/[isSecondSwitchOfErrorReportEnabled, ver >= 4.0] UPolicy(29343): second_switch_of_error_report value: true
D/MyReportAgent(29343): ReportUploader [onUpload] tag: 'HTC_UP' isn't in policy list or setting is disabled!
D/MyReportAgent(29343): ReportServiceHandler [##] send STOPSELF message, startId = 4, return true
I/MyReportAgent(29343): ReportServiceHandler.onHandleIntent() intent is com.htc.intent.action.USER_PROFILING
D/MyReportAgent(29343): found = true, str = 1.84.531.1
D/MyReportAgent(29343): isRomVersionLegal = true, isUnlockedDevice = false, isHackedSN = false => isSecure = true
D/UPolicy (29343): [canLogUserProfiling] enabled in engineering
D/ULog.util(29343): ulog.enable_debugging_policy: true
D/MyReportAgent(29343): ReportUploader [onUpload] tag: HTC_ULOGDATA, time: 1337114342191 tag: HTC_ULOGDATA, time: 1337118880407 
D/WindowManager(  468): interceptKeyBeforeDispatch keyCode=4, keyName=4, down=true repeatCount=37
D/WindowManager(  468):    keyguardOn=false mHomePressed=false
D/InputDispatcher(  468): interceptKeyResult, delay: 0
D/InputDispatcher(  468): findFocusedWindow finished: injectionResult=0, timeSpendWaitingForApplication=0.0ms
D/InputDispatcher(  468): Dispatch KeyEvent [keyCode=4, action=0] ToCurrentInputTarget: 416083b0 com.htc.launcher/com.htc.launcher.Launcher (server)
D/LogStream(29343): version: 1, isEncrypted: true, reserved1: 0, reserved2: 0
D/WindowManager(  468): interceptKeyBeforeDispatch keyCode=4, keyName=4, down=true repeatCount=38
D/WindowManager(  468):    keyguardOn=false mHomePressed=false
D/InputDispatcher(  468): interceptKeyResult, delay: 0
D/InputDispatcher(  468): findFocusedWindow finished: injectionResult=0, timeSpendWaitingForApplication=0.0ms
