D/IdleScreen_base(30530): SettingDB: updateDBCache mId :28 mTitle :Mail mIcon :android.graphics.Bitmap@40d99250 mItemType :0 mCellX :1 mIntent :Intent { act=android.intent.action.MAIN cat=[android.intent.category.LAUNCHER] flg=0x10200000 cmp=com.htc.android.mail/.MultipleActivitiesMain } mResPackageName :#Intent;action=android.intent.action.MAIN;category=android.intent.category.LAUNCHER;launchFlags=0x10200000;component=com.htc.android.mail/.MultipleActivitiesMain;end mIconRes :null mCount :0ICONPACKAGE :null
D/IdleScreen_base(30530): ShortcutReceiver:  ~setCount count is:0
D/IdleScreen_base(30530): SettingDB: updateDBCache mId :29 mTitle :Messages mIcon :android.graphics.Bitmap@40da14a8 mItemType :0 mCellX :2 mIntent :Intent { act=android.intent.action.MAIN cat=[android.intent.category.LAUNCHER] flg=0x10200000 cmp=com.android.mms/.ui.ConversationList } mResPackageName :#Intent;action=android.intent.action.MAIN;category=android.intent.category.LAUNCHER;launchFlags=0x10200000;component=com.android.mms/.ui.ConversationList;end mIconRes :null mCount :1ICONPACKAGE :null
D/IdleScreen_base(30530): ShortcutReceiver:  ~setCount count is:1
D/IdleScreen_base(30530): SettingDB: updateDBCache mId :30 mTitle :Camera mIcon :android.graphics.Bitmap@40daa1f0 mItemType :0 mCellX :3 mIntent :Intent { act=android.intent.action.MAIN cat=[android.intent.category.LAUNCHER] flg=0x10200000 cmp=com.android.camera/.CameraEntry } mResPackageName :#Intent;action=android.intent.action.MAIN;category=android.intent.category.LAUNCHER;launchFlags=0x10200000;component=com.android.camera/.CameraEntry;end mIconRes :null mCount :0ICONPACKAGE :null
D/IdleScreen_base(30530): ShortcutReceiver:  ~setCount count is:0
D/ContentProviderProxy(  468): bulkCursor: null
D/UserBehaviorLoggingService(  468): [flush4CS] flush to dropbox
D/UPolicy (  468): key: enable, value: 1, due date: -1, current time: 1337118906888, default value: null
D/UserBehaviorLoggingService(  468): [[flush4CS]][S3][policy is passed] flush to dropbox
D/UserBehaviorLoggingService(  468): [writeULogStat2DropBox4CS] This function didn't be enabled
D/UserBehaviorLoggingService(  468): sync count=1
D/UserBehaviorLoggingService(  468): merge 1 UB logs
D/UserBehaviorLoggingService(  468): handle HTC_UB@1337118906800
D/UserBehaviorLoggingService(  468): sync HTC_UB@1337118906931
V/Performance(29343): >>com.htc.reportagent.receiver.ReportAgentReceiver@40f7ce80 onReceive:Intent { act=com.htc.intent.action.BUGREPORT flg=0x10 cmp=com.htc.reportagent/.receiver.ReportAgentReceiver (has extras) }, tid=29343
I/MyReportAgent(29343): ReportAgentReceiver [onReceive] com.htc.intent.action.BUGREPORT
V/Performance(29343): <<com.htc.reportagent.receiver.ReportAgentReceiver@40f7ce80 onReceive, 0ms
V/ActivityManager(  468): Delivering to component ComponentInfo{com.htc.reportagent/com.htc.reportagent.receiver.ReportAgentReceiver}: BroadcastRecord{416e2588 com.htc.intent.action.BUGREPORT}
V/MyReportAgent(29343): ReportAgentReceiver Recv Intent: Intent { act=com.htc.intent.action.BUGREPORT flg=0x10 cmp=com.htc.reportagent/.receiver.ReportAgentReceiver (has extras) }
D/MyReportAgent(29343): com.htc.intent.action.BUGREPORT
V/Performance(29343): >>com.htc.reportagent.ReportService@40d77558 onStartCommand:Intent { act=com.htc.intent.action.BUGREPORT flg=0x10 cmp=com.htc.reportagent/.ReportService (has extras) }
D/MyReportAgent(29343): ReportService [##] onStartCommand(), flags = 2, startId = 16, intent = Intent { act=com.htc.intent.action.BUGREPORT flg=0x10 cmp=com.htc.reportagent/.ReportService (has extras) }, this = com.htc.reportagent.ReportService@40d77558
V/Performance(29343): <<com.htc.reportagent.ReportService@40d77558 onStartCommand, 1ms
I/MyReportAgent(29343): ReportServiceHandler.onHandleIntent() intent is com.htc.intent.action.BUGREPORT
D/MyReportAgent(29343): found = true, str = 1.84.531.1
D/MyReportAgent(29343): isRomVersionLegal = true, isUnlockedDevice = false, isHackedSN = false => isSecure = true
D/MyReportAgent(29343): Utils isDebuggingRom: true ,ulog.enable_s3_uploader: true
D/MyReportAgent(29343): ReportServiceHandler from dropbox,true(if true means from regular upload)
D/MyReportAgent(29343): ReportServiceHandler the tag HTC_UB
V/BatteryStatsImpl(  468): hold partial wakelock, name=BugReportService, pid=29343
D/DropBoxManagerService(  468): Found time mapping 1337118906931 -> 1337118906941
D/DropBoxManagerService(  468): Found time mapping 1337118906931 -> 1337118906941
D/PowerManagerService(  468): acquireWakeLock(4106d5c8): PARTIAL_WAKE_LOCK , tag=BugReportService, flags=0x1, pid=29343, uid=10131, mUserState=0x3
D/MyReportAgent(29343): DeviceInfoHelper [getCurrentLocation] Location: Location[mProvider=network,mTime=1337118885615,mLatitude=47.5779609,mLongitude=-122.1664841,mHasAltitude=false,mAltitude=0.0,mHasSpeed=false,mSpeed=0.0,mHasBearing=false,mBearing=0.0,mHasAccuracy=true,mAccuracy=20.0,mExtras=Bundle[mParcelledData.dataSize=148]]
D/UserBehaviorLoggingService(  468): where clause : tag = ?, where args : HTC_UB
D/SqliteDatabaseCpp(  468): DB info: close db, path = /data/system/userbehavior.db, handle = 0x2174198, type = w, r/w = (0, 0)
D/SqliteDatabaseCpp(  468): DB info: open db, path = /data/system/userbehavior.db, flag = 6, file size = 14336
D/SqliteDatabaseCpp(  468): DB info: path = /data/system/userbehavior.db, handle: 0x20317c8, type: w, r/w: (0,1), mode: truncate, disk free size: 1987 M
D/SQLiteOpenHelper(  468): sforceWriteAheadLogging:false
D/SQLiteOpenHelper(  468): shouldForceWriteAheadLogging: false, path:userbehavior.db
D/UserBehaviorLoggingService(  468): sync count=1
D/UserBehaviorLoggingService(  468): merge 1 UB logs
D/UserBehaviorLoggingService(  468): handle HTC_UP@1337118906888
V/LocationManagerService(  468): getLastKnownLocation: network
I/System.out(  841): [INFO:99990601]: LogSource: Running flush
I/System.out(  841): [INFO:99990602]: LogSource: Sending payload [bytes=245]
I/AndroidHttpClient$2(  841): execute()#started   target=https://www.google.com   request=POST https://www.google.com/loc/m/api HTTP/1.1
I/APACHE HTTP (thCr=52) - NafHttpAuthStrategyDefault(  841): (thUse=54)    cached value : gbaSupportIsPossible=false
I/APACHE HTTP (thCr=52) - NafHttpAuthStrategyDefault(  841): (thUse=54) It is impossible to support GBA now (many possible reasons: no Android Context, current client is GBA service, etc.), then it will be just usual HTTP.
I/APACHE HTTP (thCr=54) - NafRequestExecutorWrapperRedirectionHandler(  841): (thUse=54)    It isn't GBA flow, redirection responses are not handled.
I/AndroidHttpClient$2(  841): executeRequestSending()#started   >>>>>   nafRequestWrapper=NafRequestWrapper [currentHttpRequest=POST https://www.google.com/loc/m/api HTTP/1.1, currentHttpHost=https://www.google.com]
I/AndroidHttpClient$2(  841): executeRequestSending()   director.getClass()=class org.apache.http.impl.client.DefaultRequestDirector
D/UserBehaviorLoggingService(  468): sync HTC_UP@1337118906967
V/Performance(29343): >>com.htc.reportagent.receiver.ReportAgentReceiver@40f84f90 onReceive:Intent { act=com.htc.intent.action.BUGREPORT flg=0x10 cmp=com.htc.reportagent/.receiver.ReportAgentReceiver (has extras) }, tid=29343
I/MyReportAgent(29343): ReportAgentReceiver [onReceive] com.htc.intent.action.BUGREPORT
V/MyReportAgent(29343): ReportAgentReceiver Recv Intent: Intent { act=com.htc.intent.action.BUGREPORT flg=0x10 cmp=com.htc.reportagent/.receiver.ReportAgentReceiver (has extras) }
D/MyReportAgent(29343): com.htc.intent.action.BUGREPORT
V/Performance(29343): <<com.htc.reportagent.receiver.ReportAgentReceiver@40f84f90 onReceive, 0ms
V/Performance(29343): >>com.htc.reportagent.ReportService@40d77558 onStartCommand:Intent { act=com.htc.intent.action.BUGREPORT flg=0x10 cmp=com.htc.reportagent/.ReportService (has extras) }
D/MyReportAgent(29343): ReportService [##] onStartCommand(), flags = 2, startId = 17, intent = Intent { act=com.htc.intent.action.BUGREPORT flg=0x10 cmp=com.htc.reportagent/.ReportService (has extras) }, this = com.htc.reportagent.ReportService@40d77558
V/Performance(29343): <<com.htc.reportagent.ReportService@40d77558 onStartCommand, 0ms
V/ActivityManager(  468): Delivering to component ComponentInfo{com.htc.reportagent/com.htc.reportagent.receiver.ReportAgentReceiver}: BroadcastRecord{4168e170 com.htc.intent.action.BUGREPORT}
D/UserBehaviorLoggingService(  468): where clause : tag = ?, where args : HTC_UP
D/SqliteDatabaseCpp(  468): DB info: close db, path = /data/system/userbehavior.db, handle = 0x20317c8, type = w, r/w = (0, 0)
D/SqliteDatabaseCpp(  468): DB info: open db, path = /data/system/userbehavior.db, flag = 6, file size = 14336
D/SqliteDatabaseCpp(  468): DB info: path = /data/system/userbehavior.db, handle: 0x2174198, type: w, r/w: (0,1), mode: truncate, disk free size: 1987 M
D/SQLiteOpenHelper(  468): sforceWriteAheadLogging:false
D/SQLiteOpenHelper(  468): shouldForceWriteAheadLogging: false, path:userbehavior.db
D/UserBehaviorLoggingService(  468): [To CS] sync HTC_ULOGDATA@1337118906865
V/Performance(29343): >>com.htc.reportagent.receiver.ReportAgentReceiver@40f88ca0 onReceive:Intent { act=com.htc.intent.action.USER_PROFILING flg=0x10 cmp=com.htc.reportagent/.receiver.ReportAgentReceiver (has extras) }, tid=29343
I/MyReportAgent(29343): ReportAgentReceiver [onReceive] com.htc.intent.action.USER_PROFILING
V/Performance(29343): <<com.htc.reportagent.receiver.ReportAgentReceiver@40f88ca0 onReceive, 0ms
V/MyReportAgent(29343): ReportAgentReceiver Recv Intent: Intent { act=com.htc.intent.action.USER_PROFILING flg=0x10 cmp=com.htc.reportagent/.receiver.ReportAgentReceiver (has extras) }
D/MyReportAgent(29343): com.htc.intent.action.USER_PROFILING
V/Performance(29343): >>com.htc.reportagent.ReportService@40d77558 onStartCommand:Intent { act=com.htc.intent.action.USER_PROFILING flg=0x10 cmp=com.htc.reportagent/.ReportService (has extras) }
D/MyReportAgent(29343): ReportService [##] onStartCommand(), flags = 2, startId = 18, intent = Intent { act=com.htc.intent.action.USER_PROFILING flg=0x10 cmp=com.htc.reportagent/.ReportService (has extras) }, this = com.htc.reportagent.ReportService@40d77558
V/Performance(29343): <<com.htc.reportagent.ReportService@40d77558 onStartCommand, 1ms
V/ActivityManager(  468): Delivering to component ComponentInfo{com.htc.reportagent/com.htc.reportagent.receiver.ReportAgentReceiver}: BroadcastRecord{41676fa0 com.htc.intent.action.USER_PROFILING}
D/UserBehaviorLoggingService(  468): where clause : tag = ?, where args : HTC_ULOGDATA
D/SqliteDatabaseCpp(  468): DB info: close db, path = /data/system/userbehavior.db, handle = 0x2174198, type = w, r/w = (0, 0)
I/wpa_supplicant(  638): [SeamLess] current RSSI is -48
I/AndroidHttpClient$2(  841): executeRequestSending()#finished   <<<<<   nafResponseWrapper=NafResponseWrapper [httpResponse=HTTP/1.1 200 OK, usedCipherSuiteAndroidName=TLS_ECDHE_RSA_WITH_RC4_128_SHA]
I/AndroidHttpClient$2(  841): execute()   finalHttpResponse.getStatusLine()=HTTP/1.1 200 OK
I/AndroidHttpClient$2(  841): execute()#finished
I/System.out(  841): [INFO:99990730]: LogSource: Response [http=200,length=214]
I/System.out(  841): [INFO:99990731]: LogSource: Read id 63, status code 200
D/MyReportAgent(29343): DeviceInfoHelper [getCityByLocation] city: {"Locality":"Bellevue","AdminArea":"Washington"}
D/PowerManagerService(  468): setPowerState: mPowerState=0x3, newState=0x3, noChangeLights=false, reason=3, force=false, mProximitySensorActive=false, mBootCompleted=true, mUseSoftwareAutoBrightness=true
D/PowerManagerService(  468): setTimeoutLocked: now=46455854, timeoutOverride=-1, nextState=0x1, when=46502854 (mKeylightDelay=6000, mDimDelay=47000, mScreenOffDelay=7000)
D/dalvikvm(29343): GC_CONCURRENT freed 1722K, 41% free 3550K/5987K, paused 1ms+2ms
I/global  (29343): call socket shutdown in SocketHttpClientConnection, catch exception.
D/MyReportAgent(29343): BugReportService [getPhoneNum] phonenum: 597EEBFD1FAC304CF15AA050EFFBC78602EC41C2C5CA7FF66B5AF1F19D97606EFE03A7F5AE99EF125ED0AA827102C1337FC1DBAF70F9F8173C0CB1CE7049ADAFB487507E74ABBBBCC98D4540056D2CA83996573044BE8FAA4F383B27D5F71EA6DA215A96F85598C83F0380B6E4A9F42FFE72541725DC5992223661693BB538DC792973AE629650D26D79403D65D763E7B4BDDE67004305D5F6D35B668A0C4EDD0803E296921A1390265E36D21616D4FAD9C979E838937CCB89C19771DC2E10DA847531C1B98EEEAE8AF15A01BDE8D6B34AFD04B5DAB463B6DC9F13A3DAAD9D56F1B0BC7035566E8CB529CE2ADDC07B91E9B7CD2E399A346376C1BFC3B34C61A2
I/global  (29343): call socket shutdown, tmpsocket=SSL socket over Socket[address=/207.171.163.196,port=443,localPort=59182], tmpsocket.getSoLinger()=-1
D/MyReportAgent(29343): BugReportService {position=, model=HTC VLE_U, tag=HTC_UB, aid=6bf6e2c9fad2a579, city={"Locality":"Bellevue","AdminArea":"Washington"}, deviceid=004402260167170, unique_msg=unknown, unlocked_device=0, revision=3, fingerprint=tmous/ville/ville:4.0.3/IML74K/63329.1:userdebug/test-keys, time=1337118906954, builddateid=1336668987, serialno=HT22WW400912, sense_version=4.0, buildtype=userdebug, rom=1.84.531.1 CL63329 test-keys, free_data_storage=2083528704, changelist=63329, cid=11111111, phonetype=1, product=ville, message=Sync user behavior logs, keyset=test-keys, project=ville, apaccount={"vnd.tmobileus.contact.phone":"MobileLife Contacts"}, devicepid=597EEBFD1FAC304CF15AA050EFFBC78602EC41C2C5CA7FF66B5AF1F19D97606EFE03A7F5AE99EF125ED0AA827102C1337FC1DBAF70F9F8173C0CB1CE7049ADAFB487507E74ABBBBCC98D4540056D2CA83996573044BE8FAA4F383B27D5F71EA6DA215A96F85598C83F0380B6E4A9F42FFE72541725DC5992223661693BB538DC792973AE629650D26D79403D65D763E7B4BDDE67004305D5F6D35B668A0C4EDD0803E296921A1390265E36D21616D4FAD9C979E838937CCB89C19771DC2E10DA847531C1B98EEEAE8AF15A01BDE8D6B34AFD04B5DAB463B6DC9F13A3DAAD9D56F1B0BC7035566E8CB529CE2ADDC07B91E9B7CD2E399A346376C1BFC3B34C61A2, buildidentify=Ville_U:260723, frameworkversion=4.0.3, account=unknown, radio=0.16.31501S.16_2_10.22.31501S.10L}
D/MyReportAgent(29343): BugReportService position 0 has no cache file
D/MyReportAgent(29343): BugReportService Start upload
D/MyReportAgent(29343): BugReportService The size of uploaded file is: 4745(bytes)
D/MyReportAgent(29343): [isNetworkAllowed] tag: HTC_UB, rom desc: 1.84.531.1 CL63329 test-keys, file size: 4745, isDebuggingRom: true, isMobileAcceptableByUser: true
D/MyReportAgent(29343): found 999 = false, str = 
D/MyReportAgent(29343): [isNetworkAllowed][engineering] UP/UB case
V/MyReportAgent(29343): Utils getType(): 1, getSubtype: 0
D/MyReportAgent(29343): Utils isNetworkAllowed: true, isUSBNETTypeAccepted: true, isTypeWifiAccepted: true, isType2GAccepted: false, isTypeOthersAccepted: true, isUSBNETAllowed: false, isWifiAllowed: true, is2GAllowed: false, isOthersAllowed: false
V/MyReportAgent(29343): S3Uploader {S/N=HT22WW400912, TAG=HTC_UB} key=HTC_UB-HT22WW400912-d6f48299-c0fb-4363-9e1e-7f5b34634779.zip
I/APACHE HTTP (thCr=2965) - NafHttpAuthStrategyDefault(29343): (thUse=2965) NafHttpAuthStrategyDefault()
I/APACHE HTTP (thCr=2965) - GbaSupportIndicatorRequestUpdaterDefault(29343): (thUse=2965) GbaSupportIndicatorRequestUpdaterAbstract()   userHeaderPredefined=null
I/APACHE HTTP (thCr=2965) - NafHttpAuthStrategyDefault(29343): (thUse=2965)    cached value : gbaSupportIsPossible=null
I/APACHE HTTP (thCr=2965) - NafHttpAuthStrategyDefault(29343): (thUse=2965)    The current context is NOT a context of GBA service.
I/APACHE HTTP (thCr=2965) - GbaSupportPermissionRequestCheckerImpl(29343): (thUse=2965) isCurrentProcessRequestedGba()#finished   result=false
I/APACHE HTTP (thCr=2965) - GbaSupportPermissionRequestCheckerImpl(29343): (thUse=2965) isCurrentProcessAllowedToUseGba()#started   result=false
I/APACHE HTTP (thCr=2965) - NafHttpAuthStrategyDefault(29343): (thUse=2965)    The GBA permission wasn't requested for this process.
I/APACHE HTTP (thCr=2965) - NafHttpAuthStrategyDefault(29343): (thUse=2965) It is impossible to support GBA now (many possible reasons: no Android Context, current client is GBA service, etc.), then it will be just usual HTTP.
I/APACHE HTTP (thCr=2965) - NafRequestExecutorWrapperRedirectionHandler(29343): (thUse=2965)    It isn't GBA flow, redirection responses are not handled.
I/global  (29343): In close() at SocketHttpClientConnection
D/dalvikvm(17046): GC_FOR_ALLOC freed 627K, 24% free 6936K/9059K, paused 66ms
E/HDMIDaemon(  238): mAcceptedConnection 13
D/UEventObserver(  468): @# << next event:remove@/devices/system/cpu/cpu1/cpufreqACTION=removeDEVPATH=/devices/system/cpu/cpu1/cpufreqSUBSYSTEM=cpuSEQNUM=58350
D/UEventObserver(  468): @# >> wait for event:
E/HDMIDaemon(  238): mAcceptedConnection 13
D/UEventObserver(  468): @# << next event:offline@/devices/system/cpu/cpu1ACTION=offlineDEVPATH=/devices/system/cpu/cpu1SUBSYSTEM=cpuSEQNUM=58351
D/UEventObserver(  468): @# >> wait for event:
D/MyReportAgent(29343):  statusCode=[200], responseStatus=[HTTP/1.1 200 OK], response Description=[]
V/MyReportAgent(29343): BugReportService Upload Done
D/MyReportAgent(29343): BugReportService Start upload resuming queue files.
D/MyReportAgent(29343): BugReportService Start upload resuming queue files.Totl file count is 0
V/BatteryStatsImpl(  468): release partial wakelock, name=BugReportService, pid=29343
D/Pomelo  (29343): Pomelo max: 50331648, total: 6131680, free:1943336, occupied:4188344
D/Pomelo  (29343): LogLibStore has VERSIONKEY.
D/Pomelo  (29343): LogLibStore version is 1.1
D/PowerManagerService(  468): releaseWakeLock(4106d5c8): PARTIAL_WAKE_LOCK , tag=BugReportService, flags=0x1
D/Pomelo  (29343): Load setting from preference in LogLib constructor
D/UPolicy (29343): [canLogUserProfiling] enabled in engineering
D/UPolicy (29343): settings_error_report value: true
D/[isSecondSwitchOfErrorReportEnabled, ver >= 4.0] UPolicy(29343): second_switch_of_error_report value: true
D/UPolicy (29343): [canLog] category: HTC_UB, enable: true, due date: -1, current time: 1337118907800, default value: null
D/MyReportAgent(29343): ReportUploader [onUpload] tag: HTC_UB, msg: Sync user behavior logs, fromDropBox: true, time: 1337118906931, file: null, position: 
D/MyReportAgent(29343): ReportUploader [getDeviceInfoStringWithJSONStyle]{"position":"","buildtype":"userdebug","uploaded_count":0,"free_data_storage":"2083524608","changelist":"63329","message":"Sync user behavior logs","unlocked_device":"0","project":"ville","fingerprint":"tmous\/ville\/ville:4.0.3\/IML74K\/63329.1:userdebug\/test-keys","keyset":"test-keys","buildidentify":"Ville_U:260723","builddateid":"1336668987","frameworkversion":"4.0.3","radio":"0.16.31501S.16_2_10.22.31501S.10L"}
D/DropBoxManagerService(  468): Found time mapping 1337118906931 -> 1337118906941
D/MyReportAgent(29343): ReportUploader initialized OutputStream size: 131072 Bytes
D/MyReportAgent(29343): ReportUploader file size: 7620
D/UPolicy (29343): [canLogUserProfiling] enabled in engineering
D/DropBoxManagerService(  468): Found time mapping 1337118906931 -> 1337118906941
D/UPolicy (29343): key: enable, value: 1, due date: -1, current time: 1337118907816, default value: null
D/UPolicy (29343): key: enable, value: 1, due date: -1, current time: 1337118907817, default value: null
D/MyReportAgent(29343): DeviceInfoHelper [getCurrentLocation] Location: Location[mProvider=network,mTime=1337118885615,mLatitude=47.5779609,mLongitude=-122.1664841,mHasAltitude=false,mAltitude=0.0,mHasSpeed=false,mSpeed=0.0,mHasBearing=false,mBearing=0.0,mHasAccuracy=true,mAccuracy=20.0,mExtras=Bundle[mParcelledData.dataSize=148]]
V/LocationManagerService(  468): getLastKnownLocation: network
I/System.out(  841): [INFO:99991469]: LogSource: Running flush
I/System.out(  841): [INFO:99991472]: LogSource: Sending payload [bytes=245]
I/AndroidHttpClient$2(  841): execute()#started   target=https://www.google.com   request=POST https://www.google.com/loc/m/api HTTP/1.1
I/APACHE HTTP (thCr=52) - NafHttpAuthStrategyDefault(  841): (thUse=53)    cached value : gbaSupportIsPossible=false
I/APACHE HTTP (thCr=52) - NafHttpAuthStrategyDefault(  841): (thUse=53) It is impossible to support GBA now (many possible reasons: no Android Context, current client is GBA service, etc.), then it will be just usual HTTP.
I/APACHE HTTP (thCr=53) - NafRequestExecutorWrapperRedirectionHandler(  841): (thUse=53)    It isn't GBA flow, redirection responses are not handled.
I/AndroidHttpClient$2(  841): executeRequestSending()#started   >>>>>   nafRequestWrapper=NafRequestWrapper [currentHttpRequest=POST https://www.google.com/loc/m/api HTTP/1.1, currentHttpHost=https://www.google.com]
I/AndroidHttpClient$2(  841): executeRequestSending()   director.getClass()=class org.apache.http.impl.client.DefaultRequestDirector
I/AndroidHttpClient$2(  841): executeRequestSending()#finished   <<<<<   nafResponseWrapper=NafResponseWrapper [httpResponse=HTTP/1.1 200 OK, usedCipherSuiteAndroidName=TLS_ECDHE_RSA_WITH_RC4_128_SHA]
I/AndroidHttpClient$2(  841): execute()   finalHttpResponse.getStatusLine()=HTTP/1.1 200 OK
I/AndroidHttpClient$2(  841): execute()#finished
I/System.out(  841): [INFO:99992143]: LogSource: Response [http=200,length=214]
I/System.out(  841): [INFO:99992144]: LogSource: Read id 64, status code 200
D/MyReportAgent(29343): DeviceInfoHelper [getCityByLocation] city: {"Locality":"Bellevue","AdminArea":"Washington"}
D/UPolicy (29343): key: enable, value: 1, due date: -1, current time: 1337118908521, default value: null
D/UPolicy (29343): key: enable, value: 1, due date: -1, current time: 1337118908522, default value: null
D/UPolicy (29343): key: enable, value: 1, due date: -1, current time: 1337118908523, default value: null
D/UPolicy (29343): key: enable, value: 1, due date: -1, current time: 1337118908524, default value: null
D/UPolicy (29343): key: enable, value: 1, due date: -1, current time: 1337118908525, default value: null
D/UPolicy (29343): key: enable, value: 1, due date: -1, current time: 1337118908525, default value: null
D/UPolicy (29343): key: enable, value: 1, due date: -1, current time: 1337118908528, default value: null
D/UPolicy (29343): key: enable, value: 1, due date: -1, current time: 1337118908529, default value: null
D/HandsetLogCreator(29343): envelope SN: 36
D/MyReportAgent(29343): Utils [uploadErrorReport before upload(envelope, tag)] max: 50331648, total: 6131680, free:1706184
V/MyReportAgent(29343): Utils getType(): 1, getSubtype: 0
D/MyReportAgent(29343): Utils isNetworkAllowed: true, isUSBNETTypeAccepted: true, isTypeWifiAccepted: true, isType2GAccepted: false, isTypeOthersAccepted: true, isUSBNETAllowed: false, isWifiAllowed: true, is2GAllowed: false, isOthersAllowed: false
I/MyReportAgent(29343): BudgetManager.isAvailableByCurrentNetwork() is OTHER
D/UPolicy (29343): key: period, value: 720, due date: -1, current time: 1337118908588, default value: null
D/UPolicy (29343): key: other_total, value: -1, due date: -1, current time: 1337118908588, default value: null
D/UPolicy (29343): key: other_UL, value: -1, due date: -1, current time: 1337118908588, default value: null
D/UPolicy (29343): key: other_DL, value: -1, due date: -1, current time: 1337118908588, default value: null
D/UPolicy (29343): key: other_calc_unit, value: 1, due date: -1, current time: 1337118908589, default value: null
I/MyReportAgent(29343): OtherNetwork.isAvailableByBytes() OtherFlowTotal:true OtherFlowDL:true OtherFlowUL:true
D/UPolicy (29343): key: period, value: 720, due date: -1, current time: 1337118908589, default value: null
D/UPolicy (29343): key: all_total, value: -1, due date: -1, current time: 1337118908589, default value: null
D/UPolicy (29343): key: all_UL, value: -1, due date: -1, current time: 1337118908590, default value: null
D/UPolicy (29343): key: all_DL, value: -1, due date: -1, current time: 1337118908590, default value: null
D/UPolicy (29343): key: all_calc_unit, value: 1, due date: -1, current time: 1337118908590, default value: null
I/MyReportAgent(29343): AllNetwork.isAvailableByBytes() AllFlowTotal:true AllFlowDL:true AllFlowUL:true
I/MyReportAgent(29343): BudgetManager.isAvailable() type=OTHER result=true DL=1 UL=8292
D/UPolicy (29343): key: retry, value: 1, due date: -1, current time: 1337118908591, default value: null
I/MyReportAgent(29343): Utils.getRetryTimes() retry string in policy: 1, adjusted retry is 1
V/BatteryStatsImpl(  468): hold partial wakelock, name=ReportUploader, pid=29343
D/MyReportAgent(29343): ReportUploader [upload] run 0
D/PowerManagerService(  468): acquireWakeLock(41526f50): PARTIAL_WAKE_LOCK , tag=ReportUploader, flags=0x1, pid=29343, uid=10131, mUserState=0x3
D/MyReportAgent(29343): CSUploader [envelope header]
D/MyReportAgent(29343): region: "us"
D/MyReportAgent(29343): city: "{\"Locality\":\"Bellevue\",\"AdminArea\":\"Washington\"}"
D/MyReportAgent(29343): time_zone: -25200000
D/MyReportAgent(29343): model_id: "debug_ville"
D/MyReportAgent(29343): device_id: "004402260167170"
D/MyReportAgent(29343): device_SN: "HT22WW400912"
D/MyReportAgent(29343): cid: "11111111"
D/MyReportAgent(29343): rom_version: "1.84.531.1 CL63329 test-keys"
D/MyReportAgent(29343): sense_version: "4.0"
D/MyReportAgent(29343): privacy_statement_version: "1.0"
D/MyReportAgent(29343): [Previous 2 payloads of envelope] Note, data field is ignored.
D/MyReportAgent(29343): => AppId : com.htc.feedback
D/MyReportAgent(29343):    Category : HTC_UB
D/MyReportAgent(29343):    Timestamp : 1337118907815
D/MyReportAgent(29343):    Data : {"position":"","buildtype":"userdebug","uploaded_count":0,"free_data_storage":"2083524608","changelist":"63329","message":"Sync user behavior logs","unlocked_device":"0","project":"ville","fingerprint":"tmous\/ville\/ville:4.0.3\/IML74K\/63329.1:userdebug\/test-keys","keyset":"test-keys","buildidentify":"Ville_U:260723","builddateid":"1336668987","frameworkversion":"4.0.3","radio":"0.16.31501S.16_2_10.22.31501S.10L"}
D/MyReportAgent(29343): => AppId : com.htc.reportagent
D/MyReportAgent(29343):    Category : info
D/MyReportAgent(29343):    Timestamp : 1337118908542
D/MyReportAgent(29343):    Data : {"SN":36}
D/Pomelo  (29343): Pomelo max: 50331648, total: 6131680, free:1638064, occupied:4493616
D/Pomelo  (29343): LogLibStore has VERSIONKEY.
D/Pomelo  (29343): LogLibStore version is 1.1
D/Pomelo  (29343): Load setting from preference in LogLib constructor
D/Pomelo  (29343): inBytes=[8292]
D/Pomelo  (29343): outBytes.length=[4136]
D/Pomelo  (29343): Host=https://nc-pomelo.htcsense.com:443
I/APACHE HTTP (thCr=2965) - NafHttpAuthStrategyDefault(29343): (thUse=2965) NafHttpAuthStrategyDefault()
I/APACHE HTTP (thCr=2965) - GbaSupportIndicatorRequestUpdaterDefault(29343): (thUse=2965) GbaSupportIndicatorRequestUpdaterAbstract()   userHeaderPredefined=null
D/Pomelo  (29343): Before HttpClient.execute()
I/APACHE HTTP (thCr=2965) - NafHttpAuthStrategyDefault(29343): (thUse=2965)    cached value : gbaSupportIsPossible=null
I/APACHE HTTP (thCr=2965) - NafHttpAuthStrategyDefault(29343): (thUse=2965)    The current context is NOT a context of GBA service.
I/APACHE HTTP (thCr=2965) - GbaSupportPermissionRequestCheckerImpl(29343): (thUse=2965) isCurrentProcessRequestedGba()#finished   result=false
I/APACHE HTTP (thCr=2965) - GbaSupportPermissionRequestCheckerImpl(29343): (thUse=2965) isCurrentProcessAllowedToUseGba()#started   result=false
I/APACHE HTTP (thCr=2965) - NafHttpAuthStrategyDefault(29343): (thUse=2965)    The GBA permission wasn't requested for this process.
I/APACHE HTTP (thCr=2965) - NafHttpAuthStrategyDefault(29343): (thUse=2965) It is impossible to support GBA now (many possible reasons: no Android Context, current client is GBA service, etc.), then it will be just usual HTTP.
I/APACHE HTTP (thCr=2965) - NafRequestExecutorWrapperRedirectionHandler(29343): (thUse=2965)    It isn't GBA flow, redirection responses are not handled.
I/global  (29343): In close() at SocketHttpClientConnection
D/dalvikvm(17046): GC_FOR_ALLOC freed 627K, 24% free 6936K/9059K, paused 46ms
I/wpa_supplicant(  638): [SeamLess] current RSSI is -48
D/WifiStateMachine(  468): ConnectedState{ what=131155 when=-4ms arg1=140 }
D/WifiStateMachine(  468): fetchRssiAndLinkSpeedNative RSSI = -50
D/Pomelo  (29343): After HttpClient.execute()
I/global  (29343): call socket shutdown in SocketHttpClientConnection, catch exception.
I/global  (29343): call socket shutdown, tmpsocket=SSL socket over Socket[address=/50.19.242.147,port=443,localPort=50887], tmpsocket.getSoLinger()=-1
D/Pomelo  (29343): statusCode=[200,OK], responseBody=[]
D/Pomelo  (29343): Set Http stuff as null
D/Pomelo  (29343): HttpStatus=200
D/Pomelo  (29343): Pomelo max: 50331648, total: 6131680, free:1348168, occupied:4783512
I/MyReportAgent(29343): CSUploader returned value : 200
V/BatteryStatsImpl(  468): release partial wakelock, name=ReportUploader, pid=29343
V/MyReportAgent(29343): Utils getType(): 1, getSubtype: 0
D/MyReportAgent(29343): Utils isNetworkAllowed: true, isUSBNETTypeAccepted: true, isTypeWifiAccepted: true, isType2GAccepted: false, isTypeOthersAccepted: true, isUSBNETAllowed: false, isWifiAllowed: true, is2GAllowed: false, isOthersAllowed: false
D/MyReportAgent(29343): ReportUploader Start upload resuming queue files. file count: 0
D/MyReportAgent(29343): Utils [uploadErrorReport after upload(envelope, tag)] max: 50331648, total: 6131680, free:1306232
D/MyReportAgent(29343): ReportServiceHandler [##] send STOPSELF message, startId = 16, return true
I/MyReportAgent(29343): ReportServiceHandler.onHandleIntent() intent is com.htc.intent.action.BUGREPORT
D/MyReportAgent(29343): found = true, str = 1.84.531.1
D/MyReportAgent(29343): isRomVersionLegal = true, isUnlockedDevice = false, isHackedSN = false => isSecure = true
D/MyReportAgent(29343): Utils isDebuggingRom: true ,ulog.enable_s3_uploader: true
D/MyReportAgent(29343): ReportServiceHandler from dropbox,true(if true means from regular upload)
D/MyReportAgent(29343): ReportServiceHandler the tag HTC_UP
V/BatteryStatsImpl(  468): hold partial wakelock, name=BugReportService, pid=29343
D/PowerManagerService(  468): releaseWakeLock(41526f50): PARTIAL_WAKE_LOCK , tag=ReportUploader, flags=0x1
D/DropBoxManagerService(  468): Found time mapping 1337118906967 -> 1337118906997
D/DropBoxManagerService(  468): Found time mapping 1337118906967 -> 1337118906997
D/PowerManagerService(  468): acquireWakeLock(415db778): PARTIAL_WAKE_LOCK , tag=BugReportService, flags=0x1, pid=29343, uid=10131, mUserState=0x3
D/MyReportAgent(29343): DeviceInfoHelper [getCurrentLocation] Location: Location[mProvider=network,mTime=1337118885615,mLatitude=47.5779609,mLongitude=-122.1664841,mHasAltitude=false,mAltitude=0.0,mHasSpeed=false,mSpeed=0.0,mHasBearing=false,mBearing=0.0,mHasAccuracy=true,mAccuracy=20.0,mExtras=Bundle[mParcelledData.dataSize=148]]
V/LocationManagerService(  468): getLastKnownLocation: network
I/System.out(  841): [INFO:99993603]: LogSource: Running flush
I/System.out(  841): [INFO:99993604]: LogSource: Sending payload [bytes=245]
I/AndroidHttpClient$2(  841): execute()#started   target=https://www.google.com   request=POST https://www.google.com/loc/m/api HTTP/1.1
I/APACHE HTTP (thCr=52) - NafHttpAuthStrategyDefault(  841): (thUse=52)    cached value : gbaSupportIsPossible=false
I/APACHE HTTP (thCr=52) - NafHttpAuthStrategyDefault(  841): (thUse=52) It is impossible to support GBA now (many possible reasons: no Android Context, current client is GBA service, etc.), then it will be just usual HTTP.
I/APACHE HTTP (thCr=52) - NafRequestExecutorWrapperRedirectionHandler(  841): (thUse=52)    It isn't GBA flow, redirection responses are not handled.
I/AndroidHttpClient$2(  841): executeRequestSending()#started   >>>>>   nafRequestWrapper=NafRequestWrapper [currentHttpRequest=POST https://www.google.com/loc/m/api HTTP/1.1, currentHttpHost=https://www.google.com]
I/AndroidHttpClient$2(  841): executeRequestSending()   director.getClass()=class org.apache.http.impl.client.DefaultRequestDirector
D/dalvikvm(17046): GC_FOR_ALLOC freed 627K, 24% free 6936K/9059K, paused 41ms
I/AndroidHttpClient$2(  841): executeRequestSending()#finished   <<<<<   nafResponseWrapper=NafResponseWrapper [httpResponse=HTTP/1.1 200 OK, usedCipherSuiteAndroidName=TLS_ECDHE_RSA_WITH_RC4_128_SHA]
I/AndroidHttpClient$2(  841): execute()   finalHttpResponse.getStatusLine()=HTTP/1.1 200 OK
I/AndroidHttpClient$2(  841): execute()#finished
I/System.out(  841): [INFO:99994197]: LogSource: Response [http=200,length=214]
I/System.out(  841): [INFO:99994199]: LogSource: Read id 65, status code 200
D/MyReportAgent(29343): DeviceInfoHelper [getCityByLocation] city: {"Locality":"Bellevue","AdminArea":"Washington"}
D/MyReportAgent(29343): BugReportService [getPhoneNum] phonenum: 597EEBFD1FAC304CF15AA050EFFBC78602EC41C2C5CA7FF66B5AF1F19D97606EFE03A7F5AE99EF125ED0AA827102C1337FC1DBAF70F9F8173C0CB1CE7049ADAFB487507E74ABBBBCC98D4540056D2CA83996573044BE8FAA4F383B27D5F71EA6DA215A96F85598C83F0380B6E4A9F42FFE72541725DC5992223661693BB538DC792973AE629650D26D79403D65D763E7B4BDDE67004305D5F6D35B668A0C4EDD0803E296921A1390265E36D21616D4FAD9C979E838937CCB89C19771DC2E10DA847531C1B98EEEAE8AF15A01BDE8D6B34AFD04B5DAB463B6DC9F13A3DAAD9D56F1B0BC7035566E8CB529CE2ADDC07B91E9B7CD2E399A346376C1BFC3B34C61A2
D/MyReportAgent(29343): BugReportService {position=, model=HTC VLE_U, tag=HTC_UP, aid=6bf6e2c9fad2a579, city={"Locality":"Bellevue","AdminArea":"Washington"}, deviceid=004402260167170, unique_msg=unknown, unlocked_device=0, revision=3, fingerprint=tmous/ville/ville:4.0.3/IML74K/63329.1:userdebug/test-keys, time=1337118909956, builddateid=1336668987, serialno=HT22WW400912, sense_version=4.0, buildtype=userdebug, rom=1.84.531.1 CL63329 test-keys, free_data_storage=2083516416, changelist=63329, cid=11111111, phonetype=1, product=ville, message=Sync user behavior logs, keyset=test-keys, project=ville, apaccount={"vnd.tmobileus.contact.phone":"MobileLife Contacts"}, devicepid=597EEBFD1FAC304CF15AA050EFFBC78602EC41C2C5CA7FF66B5AF1F19D97606EFE03A7F5AE99EF125ED0AA827102C1337FC1DBAF70F9F8173C0CB1CE7049ADAFB487507E74ABBBBCC98D4540056D2CA83996573044BE8FAA4F383B27D5F71EA6DA215A96F85598C83F0380B6E4A9F42FFE72541725DC5992223661693BB538DC792973AE629650D26D79403D65D763E7B4BDDE67004305D5F6D35B668A0C4EDD0803E296921A1390265E36D21616D4FAD9C979E838937CCB89C19771DC2E10DA847531C1B98EEEAE8AF15A01BDE8D6B34AFD04B5DAB463B6DC9F13A3DAAD9D56F1B0BC7035566E8CB529CE2ADDC07B91E9B7CD2E399A346376C1BFC3B34C61A2, buildidentify=Ville_U:260723, frameworkversion=4.0.3, account=unknown, radio=0.16.31501S.16_2_10.22.31501S.10L}
D/MyReportAgent(29343): BugReportService position 0 has no cache file
D/MyReportAgent(29343): BugReportService Start upload
D/MyReportAgent(29343): BugReportService The size of uploaded file is: 1576(bytes)
D/MyReportAgent(29343): [isNetworkAllowed] tag: HTC_UP, rom desc: 1.84.531.1 CL63329 test-keys, file size: 1576, isDebuggingRom: true, isMobileAcceptableByUser: true
D/MyReportAgent(29343): found 999 = false, str = 
D/MyReportAgent(29343): [isNetworkAllowed][engineering] UP/UB case
V/MyReportAgent(29343): Utils getType(): 1, getSubtype: 0
D/MyReportAgent(29343): Utils isNetworkAllowed: true, isUSBNETTypeAccepted: true, isTypeWifiAccepted: true, isType2GAccepted: false, isTypeOthersAccepted: true, isUSBNETAllowed: false, isWifiAllowed: true, is2GAllowed: false, isOthersAllowed: false
V/MyReportAgent(29343): S3Uploader {S/N=HT22WW400912, TAG=HTC_UP} key=HTC_UP-HT22WW400912-01664659-ab96-4b29-8def-925720345e5e.zip
I/APACHE HTTP (thCr=2965) - NafHttpAuthStrategyDefault(29343): (thUse=2965) NafHttpAuthStrategyDefault()
I/APACHE HTTP (thCr=2965) - GbaSupportIndicatorRequestUpdaterDefault(29343): (thUse=2965) GbaSupportIndicatorRequestUpdaterAbstract()   userHeaderPredefined=null
I/APACHE HTTP (thCr=2965) - NafHttpAuthStrategyDefault(29343): (thUse=2965)    cached value : gbaSupportIsPossible=null
I/APACHE HTTP (thCr=2965) - NafHttpAuthStrategyDefault(29343): (thUse=2965)    The current context is NOT a context of GBA service.
I/APACHE HTTP (thCr=2965) - GbaSupportPermissionRequestCheckerImpl(29343): (thUse=2965) isCurrentProcessRequestedGba()#finished   result=false
I/APACHE HTTP (thCr=2965) - GbaSupportPermissionRequestCheckerImpl(29343): (thUse=2965) isCurrentProcessAllowedToUseGba()#started   result=false
I/APACHE HTTP (thCr=2965) - NafHttpAuthStrategyDefault(29343): (thUse=2965)    The GBA permission wasn't requested for this process.
I/APACHE HTTP (thCr=2965) - NafHttpAuthStrategyDefault(29343): (thUse=2965) It is impossible to support GBA now (many possible reasons: no Android Context, current client is GBA service, etc.), then it will be just usual HTTP.
I/APACHE HTTP (thCr=2965) - NafRequestExecutorWrapperRedirectionHandler(29343): (thUse=2965)    It isn't GBA flow, redirection responses are not handled.
I/global  (29343): In close() at SocketHttpClientConnection
I/HtcModeClient(29329): handler message = 4011
E/HtcModeClient(29329): Check connection and retry 4 times.
D/dalvikvm(29343): GC_CONCURRENT freed 1684K, 39% free 3688K/5987K, paused 5ms+2ms
I/global  (29343): call socket shutdown in SocketHttpClientConnection, catch exception.
I/global  (29343): call socket shutdown, tmpsocket=SSL socket over Socket[address=/72.21.211.171,port=443,localPort=51331], tmpsocket.getSoLinger()=-1
I/global  (29343): call socket shutdown in SocketHttpClientConnection, catch exception.
I/global  (29343): call socket shutdown, tmpsocket=SSL socket over Socket[address=/72.21.211.171,port=443,localPort=56785], tmpsocket.getSoLinger()=-1
I/wpa_supplicant(  638): [SeamLess] current RSSI is -50
D/dalvikvm(17046): GC_FOR_ALLOC freed 627K, 24% free 6936K/9059K, paused 69ms
D/MyReportAgent(29343):  statusCode=[200], responseStatus=[HTTP/1.1 200 OK], response Description=[]
V/MyReportAgent(29343): BugReportService Upload Done
D/MyReportAgent(29343): BugReportService Start upload resuming queue files.
D/MyReportAgent(29343): BugReportService Start upload resuming queue files.Totl file count is 0
V/BatteryStatsImpl(  468): release partial wakelock, name=BugReportService, pid=29343
D/PowerManagerService(  468): releaseWakeLock(415db778): PARTIAL_WAKE_LOCK , tag=BugReportService, flags=0x1
D/Pomelo  (29343): Pomelo max: 50331648, total: 6131680, free:2194488, occupied:3937192
D/Pomelo  (29343): LogLibStore has VERSIONKEY.
D/Pomelo  (29343): LogLibStore version is 1.1
D/Pomelo  (29343): Load setting from preference in LogLib constructor
D/UPolicy (29343): [canLogUserProfiling] enabled in engineering
D/UPolicy (29343): settings_error_report value: true
D/[isSecondSwitchOfErrorReportEnabled, ver >= 4.0] UPolicy(29343): second_switch_of_error_report value: true
D/MyReportAgent(29343): ReportUploader [onUpload] tag: 'HTC_UP' isn't in policy list or setting is disabled!
D/MyReportAgent(29343): ReportServiceHandler [##] send STOPSELF message, startId = 17, return true
I/MyReportAgent(29343): ReportServiceHandler.onHandleIntent() intent is com.htc.intent.action.USER_PROFILING
D/MyReportAgent(29343): found = true, str = 1.84.531.1
D/MyReportAgent(29343): isRomVersionLegal = true, isUnlockedDevice = false, isHackedSN = false => isSecure = true
D/UPolicy (29343): [canLogUserProfiling] enabled in engineering
D/ULog.util(29343): ulog.enable_debugging_policy: true
D/MyReportAgent(29343): ReportUploader [onUpload] tag: HTC_ULOGDATA, time: 1337118906865 
D/LogStream(29343): version: 1, isEncrypted: true, reserved1: 0, reserved2: 0
D/MyReportAgent(29343): ReportUploader run: 0, current total size: 0, new size: 1395, max size: 786432
D/UPolicy (29343): [canLogUserProfiling] enabled in engineering
D/UPolicy (29343): key: enable, value: 1, due date: -1, current time: 1337118911582, default value: null
D/UPolicy (29343): key: enable, value: 1, due date: -1, current time: 1337118911582, default value: null
D/MyReportAgent(29343): DeviceInfoHelper [getCurrentLocation] Location: Location[mProvider=network,mTime=1337118885615,mLatitude=47.5779609,mLongitude=-122.1664841,mHasAltitude=false,mAltitude=0.0,mHasSpeed=false,mSpeed=0.0,mHasBearing=false,mBearing=0.0,mHasAccuracy=true,mAccuracy=20.0,mExtras=Bundle[mParcelledData.dataSize=148]]
V/LocationManagerService(  468): getLastKnownLocation: network
I/System.out(  841): [INFO:99995228]: LogSource: Running flush
I/System.out(  841): [INFO:99995230]: LogSource: Sending payload [bytes=245]
I/AndroidHttpClient$2(  841): execute()#started   target=https://www.google.com   request=POST https://www.google.com/loc/m/api HTTP/1.1
I/APACHE HTTP (thCr=52) - NafHttpAuthStrategyDefault(  841): (thUse=54)    cached value : gbaSupportIsPossible=false
I/APACHE HTTP (thCr=52) - NafHttpAuthStrategyDefault(  841): (thUse=54) It is impossible to support GBA now (many possible reasons: no Android Context, current client is GBA service, etc.), then it will be just usual HTTP.
I/APACHE HTTP (thCr=54) - NafRequestExecutorWrapperRedirectionHandler(  841): (thUse=54)    It isn't GBA flow, redirection responses are not handled.
I/AndroidHttpClient$2(  841): executeRequestSending()#started   >>>>>   nafRequestWrapper=NafRequestWrapper [currentHttpRequest=POST https://www.google.com/loc/m/api HTTP/1.1, currentHttpHost=https://www.google.com]
I/AndroidHttpClient$2(  841): executeRequestSending()   director.getClass()=class org.apache.http.impl.client.DefaultRequestDirector
I/AndroidHttpClient$2(  841): executeRequestSending()#finished   <<<<<   nafResponseWrapper=NafResponseWrapper [httpResponse=HTTP/1.1 200 OK, usedCipherSuiteAndroidName=TLS_ECDHE_RSA_WITH_RC4_128_SHA]
I/AndroidHttpClient$2(  841): execute()   finalHttpResponse.getStatusLine()=HTTP/1.1 200 OK
I/AndroidHttpClient$2(  841): execute()#finished
I/System.out(  841): [INFO:99995433]: LogSource: Response [http=200,length=214]
I/System.out(  841): [INFO:99995435]: LogSource: Read id 66, status code 200
D/MyReportAgent(29343): DeviceInfoHelper [getCityByLocation] city: {"Locality":"Bellevue","AdminArea":"Washington"}
D/UPolicy (29343): key: enable, value: 1, due date: -1, current time: 1337118911812, default value: null
D/UPolicy (29343): key: enable, value: 1, due date: -1, current time: 1337118911813, default value: null
D/UPolicy (29343): key: enable, value: 1, due date: -1, current time: 1337118911813, default value: null
D/UPolicy (29343): key: enable, value: 1, due date: -1, current time: 1337118911813, default value: null
D/UPolicy (29343): key: enable, value: 1, due date: -1, current time: 1337118911813, default value: null
D/UPolicy (29343): key: enable, value: 1, due date: -1, current time: 1337118911813, default value: null
D/UPolicy (29343): key: enable, value: 1, due date: -1, current time: 1337118911815, default value: null
D/UPolicy (29343): key: enable, value: 1, due date: -1, current time: 1337118911815, default value: null
D/HandsetLogCreator(29343): envelope SN: 37
D/MyReportAgent(29343): ReportUploader file size: 1591
V/MyReportAgent(29343): Utils getType(): 1, getSubtype: 0
D/MyReportAgent(29343): Utils isNetworkAllowed: true, isUSBNETTypeAccepted: true, isTypeWifiAccepted: true, isType2GAccepted: false, isTypeOthersAccepted: true, isUSBNETAllowed: false, isWifiAllowed: true, is2GAllowed: false, isOthersAllowed: false
I/MyReportAgent(29343): BudgetManager.isAvailableByCurrentNetwork() is OTHER
D/UPolicy (29343): key: period, value: 720, due date: -1, current time: 1337118911858, default value: null
D/UPolicy (29343): key: other_total, value: -1, due date: -1, current time: 1337118911858, default value: null
D/UPolicy (29343): key: other_UL, value: -1, due date: -1, current time: 1337118911858, default value: null
D/UPolicy (29343): key: other_DL, value: -1, due date: -1, current time: 1337118911859, default value: null
D/UPolicy (29343): key: other_calc_unit, value: 1, due date: -1, current time: 1337118911859, default value: null
I/MyReportAgent(29343): OtherNetwork.isAvailableByBytes() OtherFlowTotal:true OtherFlowDL:true OtherFlowUL:true
D/UPolicy (29343): key: period, value: 720, due date: -1, current time: 1337118911859, default value: null
D/UPolicy (29343): key: all_total, value: -1, due date: -1, current time: 1337118911859, default value: null
D/UPolicy (29343): key: all_UL, value: -1, due date: -1, current time: 1337118911860, default value: null
D/UPolicy (29343): key: all_DL, value: -1, due date: -1, current time: 1337118911860, default value: null
D/UPolicy (29343): key: all_calc_unit, value: 1, due date: -1, current time: 1337118911860, default value: null
V/BatteryStatsImpl(  468): hold partial wakelock, name=AlarmManager, pid=468
V/AlarmManager(  468): Alarm triggering: Alarm{4151cc90 type 0 javax.microedition.ims}
D/PowerManagerService(  468): acquireWakeLock(41641d30): PARTIAL_WAKE_LOCK , tag=AlarmManager, flags=0x1, pid=468, uid=1000, mUserState=0x3
V/AlarmManager(  468): sending alarm PendingIntent{41759e98: PendingIntentRecord{4151cbf0 javax.microedition.ims broadcastIntent}}, intent=ACTION_IMS_ALARM_SCHEDULE_SERVICE, type=RTC_WAKEUP, count=1, when=1337118911861, repeateInterval=0
V/ActivityManager(  468): Delivering ordered to registered BroadcastFilter{413b1150 ReceiverList{413b16f0 17046 javax.microedition.ims:ims_stack/10189 remote:413b36b0}}: BroadcastRecord{41633180 ACTION_IMS_ALARM_SCHEDULE_SERVICE}
I/ActivityManager(  468): Delivering to BroadcastFilter{413b1150 ReceiverList{413b16f0 17046 javax.microedition.ims:ims_stack/10189 remote:413b36b0}}
I/MyReportAgent(29343): AllNetwork.isAvailableByBytes() AllFlowTotal:true AllFlowDL:true AllFlowUL:true
I/MyReportAgent(29343): BudgetManager.isAvailable() type=OTHER result=true DL=1 UL=1591
D/UPolicy (29343): key: retry, value: 1, due date: -1, current time: 1337118911879, default value: null
I/MyReportAgent(29343): Utils.getRetryTimes() retry string in policy: 1, adjusted retry is 1
V/BatteryStatsImpl(  468): hold partial wakelock, name=ReportUploader, pid=29343
D/MyReportAgent(29343): ReportUploader [upload] run 0
D/PowerManagerService(  468): acquireWakeLock(40ded310): PARTIAL_WAKE_LOCK , tag=ReportUploader, flags=0x1, pid=29343, uid=10131, mUserState=0x3
D/dalvikvm(17046): GC_FOR_ALLOC freed 769K, 23% free 7012K/9059K, paused 38ms
