D/MobileDataStateTracker(  468): default: setPolicyDataEnable(enabled=true)
D/ConnSrv_Debug(  468): handleSetPolicyDataEnable 6 to true
I/ActivityManager(  468): No longer want com.htc.notes (pid 29539): hidden #16, adj=15
D/WindowManager(  468): computeForcedAppOrientationLocked(), req=-1, mForcedAppOrientation=-1
D/PhoneStatusBar(  653): hiding the MENU button
W/InputManagerService(  468): Starting input on non-focused client com.android.internal.view.IInputMethodClient$Stub$Proxy@4160d640 (uid=10018 pid=759)
I/ActivityManager(  468): [windowsDrawn][GhostScreen] this: ActivityRecord{40db6520 com.htc.android.psclient/.UsbConnectionSettings}
I/ActivityManager(  468): [windowsDrawn][GhostScreen] collapseScrollbar: false
I/ActivityManager(  468): [windowsDrawn][GhostScreen] iFlag: 0
D/PowerManagerService(  468): releaseWakeLock(4125b920): PARTIAL_WAKE_LOCK , tag=ActivityManager-Launch, flags=0x1
D/ConnectivityService(  468): onUidRulesChanged(uid=10018, uidRules=0)
V/ActivityManager(  468): Start app com.htc.calendar for broadcast BroadcastRecord{4198e628 android.intent.action.PROVIDER_CHANGED}
I/ActivityManager(  468): Start proc com.htc.calendar for broadcast com.htc.calendar/.app.widget.CalendarAppWidgetService$CalendarFactory: pid=29845 uid=10014 gids={2001, 3003, 1015, 1006, 5001}
V/ActivityManager(  468): App com.htc.calendar started
V/ActivityManager(  468): Delivering to component ComponentInfo{com.htc.calendar/com.htc.calendar.app.widget.CalendarAppWidgetService$CalendarFactory}: BroadcastRecord{4198e628 android.intent.action.PROVIDER_CHANGED}
I/ActivityManager(  468): No longer want com.cequint.ecid (pid 29601): hidden #16, adj=15
D/Socket_Alarm(29845): registerHTCSocketMonitorCallBack
D/Socket_Alarm(29845): set mSocketMonitor
D/Socket_Alarm(29845): HTCSocketMonitorImpl::HTCSocketMonitorImpl
V/ActivityManager(  468): Delivering to component ComponentInfo{com.htc.calendar/com.htc.calendar.app.widget.CalendarAppWidgetProvider}: BroadcastRecord{4144bfe0 com.htc.calendar.APPWIDGET_UPDATE}
D/WifiStateMachine(  468): fetchRssiAndLinkSpeedNative send RSSIChange intent, SameSignalLevelCount =2
V/ActivityManager(  468): Delivering non-ordered to registered BroadcastFilter{415b3950 ReceiverList{415b38d8 653 com.android.systemui/1000 remote:415af360}}: BroadcastRecord{4192eb60 android.net.wifi.RSSI_CHANGED}
I/ActivityManager(  468): Delivering to BroadcastFilter{415b3950 ReceiverList{415b38d8 653 com.android.systemui/1000 remote:415af360}}
V/ActivityManager(  468): Delivering non-ordered to registered BroadcastFilter{41414210 ReceiverList{41414170 1180 com.movial.ipservice/10103 remote:412dab10}}: BroadcastRecord{4192eb60 android.net.wifi.RSSI_CHANGED}
I/ActivityManager(  468): Delivering to BroadcastFilter{41414210 ReceiverList{41414170 1180 com.movial.ipservice/10103 remote:412dab10}}
D/PhoneStatusBarPolicy(  653): onReceive , action=android.net.wifi.RSSI_CHANGED
I/ActivityManager(  468): Start proc com.movial.ipprovider for content provider com.movial.ipprovider/.IPPhoneProvider: pid=29864 uid=10191 gids={}
I/ActivityManager(  468): No longer want com.facebook.katana (pid 29641): hidden #16, adj=15
V/ActivityManager(  468): Delivering non-ordered to registered BroadcastFilter{413f32a8 ReceiverList{413f3230 468 system/1000 local:413f30b0}}: BroadcastRecord{41aa3a78 android.net.wifi.SCAN_RESULTS}
I/ActivityManager(  468): Delivering to BroadcastFilter{413f32a8 ReceiverList{413f3230 468 system/1000 local:413f30b0}}
V/ActivityManager(  468): Delivering non-ordered to registered BroadcastFilter{4134a180 ReceiverList{413545f0 468 system/1000 local:412b3938}}: BroadcastRecord{41aa3a78 android.net.wifi.SCAN_RESULTS}
I/ActivityManager(  468): Delivering to BroadcastFilter{4134a180 ReceiverList{413545f0 468 system/1000 local:412b3938}}
V/ActivityManager(  468): Delivering non-ordered to registered BroadcastFilter{41167e78 ReceiverList{4116ab58 841 com.google.process.gapps/10017 remote:410d3dd8}}: BroadcastRecord{41aa3a78 android.net.wifi.SCAN_RESULTS}
I/ActivityManager(  468): Delivering to BroadcastFilter{41167e78 ReceiverList{4116ab58 841 com.google.process.gapps/10017 remote:410d3dd8}}
V/ActivityManager(  468): Delivering to component ComponentInfo{com.android.settings/com.android.settings.wifi.WifiOffloadRequest}: BroadcastRecord{41aa3b38 android.net.wifi.SCAN_RESULTS}
V/AlarmManager(  468): Adding Alarm{416f8308 type 2 com.google.android.location} 100010008
D/WifiService(  468): releaseWifiLockLocked: WifiLock{NetworkLocationLocator type=2 binder=android.os.BinderProxy@4142f6b8}
D/WifiService(  468): updateWifiState(): enable and start wifi
D/PowerManagerService(  468): releaseWakeLock(41651100): PARTIAL_WAKE_LOCK , tag=NetworkLocationLocator, flags=0x1
D/PowerManagerService(  468): acquireWakeLock(415503a8): PARTIAL_WAKE_LOCK , tag=GpsLocationProvider, flags=0x1, pid=468, uid=1000, mUserState=0x3
D/QMI_FW  (  468): QCCI: QMI_CCI_TX: cntl_flag - 00, txn_id - 0039, msg_id - 0039, msg_len - 0021
D/QMI_FW  (  468): QCCI: Sent[247]: 40 bytes to port 2816
D/PowerManagerService(  468): releaseWakeLock(415503a8): PARTIAL_WAKE_LOCK , tag=GpsLocationProvider, flags=0x1
V/LocationManagerService(  468): In handleLocationChangedLocked.For provider: network
D/QMI_FW  (  468): QCCI: reader_thread: Received 14 bytes from 247
D/QMI_FW  (  468): QCCI: QMI_CCI_RX: cntl_flag - 02, txn_id - 0039, msg_id - 0039, msg_len - 0007
V/LocationManagerService(  468): In handleLocationChangedLocked.Iterating through the records. Index0 listener: Receiver{41583d68 Listener android.location.LocationManager$ListenerTransport@41583208}mUpdateRecords: {network=UpdateRecord{415840f0 mProvider: network mUid: 1000}} Criteria: null
D/QMI_FW  (  468): QCCI: reader_thread: Received 14 bytes from 247
D/QMI_FW  (  468): QCCI: QMI_CCI_RX: cntl_flag - 04, txn_id - 0000, msg_id - 0039, msg_len - 0007
D/PowerManagerService(  468): acquireWakeLock(40dee1f8): PARTIAL_WAKE_LOCK , tag=LocationManagerService, flags=0x1, pid=468, uid=1000, mUserState=0x3
D/PowerManagerService(  468): releaseWakeLock(40dee1f8): PARTIAL_WAKE_LOCK , tag=LocationManagerService, flags=0x1
V/LocationManagerService(  468): In handleLocationChangedLocked.Iterating through the records. Index1 listener: Receiver{40dd7848 Listener android.os.BinderProxy@417a0c90}mUpdateRecords: {network=UpdateRecord{417fa500 mProvider: network mUid: 10056}} Criteria: null
D/PowerManagerService(  468): acquireWakeLock(4169d970): PARTIAL_WAKE_LOCK , tag=LocationManagerService, flags=0x1, pid=468, uid=1000, mUserState=0x3
V/LocationManagerService(  468): In handleLocationChangedLocked.For provider: passive
V/LocationManagerService(  468): In handleLocationChangedLocked.Iterating through the records. Index0 listener: Receiver{41586728 Listener android.location.LocationManager$ListenerTransport@41586160}mUpdateRecords: {passive=UpdateRecord{415867d0 mProvider: passive mUid: 1000}} Criteria: null
D/PowerManagerService(  468): releaseWakeLock(4169d970): PARTIAL_WAKE_LOCK , tag=LocationManagerService, flags=0x1
V/LocationManagerService(  468): In handleLocationChangedLocked.Iterating through the records. Index1 listener: Receiver{415da5d8 Listener android.os.BinderProxy@415da070}mUpdateRecords: {passive=UpdateRecord{415da6b8 mProvider: passive mUid: 10104}} Criteria: null
D/PowerManagerService(  468): acquireWakeLock(41853048): PARTIAL_WAKE_LOCK , tag=LocationManagerService, flags=0x1, pid=468, uid=1000, mUserState=0x3
V/LocationManagerService(  468): In handleLocationChangedLocked.Iterating through the records. Index2 listener: Receiver{40da6008 Intent PendingIntent{40dede28: PendingIntentRecord{40e37cc8 com.htc.htclocationservice startService}}}mUpdateRecords: {passive=UpdateRecord{416a2298 mProvider: passive mUid: 10056}} Criteria: null
D/PowerManagerService(  468): releaseWakeLock(41853048): PARTIAL_WAKE_LOCK , tag=LocationManagerService, flags=0x1
W/LocationManagerService(  468): RemoteException calling onLocationChanged on Receiver{40da6008 Intent PendingIntent{40dede28: PendingIntentRecord{40e37cc8 com.htc.htclocationservice startService}}}mUpdateRecords: {passive=UpdateRecord{416a2298 mProvider: passive mUid: 10056}}
V/LocationManagerService(  468): In handleLocationChangedLocked.Iterating through the records. Index3 listener: Receiver{41596058 Intent PendingIntent{41737d00: PendingIntentRecord{417e5e18 com.htc.htclocationservice startService}}}mUpdateRecords: {passive=UpdateRecord{415960b8 mProvider: passive mUid: 10056}} Criteria: null
W/LocationManagerService(  468): RemoteException calling onLocationChanged on Receiver{41596058 Intent PendingIntent{41737d00: PendingIntentRecord{417e5e18 com.htc.htclocationservice startService}}}mUpdateRecords: {passive=UpdateRecord{415960b8 mProvider: passive mUid: 10056}}
V/LocationManagerService(  468): In handleLocationChangedLocked.Iterating through the records. Index4 listener: Receiver{411b8f20 Intent PendingIntent{412438e0: PendingIntentRecord{413805e0 com.htc.htclocationservice startService}}}mUpdateRecords: {passive=UpdateRecord{41180910 mProvider: passive mUid: 10056}} Criteria: null
D/PowerManagerService(  468): acquireWakeLock(41758490): PARTIAL_WAKE_LOCK , tag=LocationManagerService, flags=0x1, pid=468, uid=1000, mUserState=0x3
V/LocationManagerService(  468): _removeUpdates: listener = Receiver{41596058 Intent PendingIntent{41737d00: PendingIntentRecord{417e5e18 com.htc.htclocationservice startService}}}mUpdateRecords: {passive=UpdateRecord{415960b8 mProvider: passive mUid: 10056}}
V/LocationManagerService(  468): _removeUpdates: listener = Receiver{40da6008 Intent PendingIntent{40dede28: PendingIntentRecord{40e37cc8 com.htc.htclocationservice startService}}}mUpdateRecords: {passive=UpdateRecord{416a2298 mProvider: passive mUid: 10056}}
D/PowerManagerService(  468): releaseWakeLock(41758490): PARTIAL_WAKE_LOCK , tag=LocationManagerService, flags=0x1
W/CpuWake (  468): >>releaseCpuPerfWakeLock
W/CpuWake (  468): <<releaseCpuPerfWakeLock
V/ActivityManager(  468): Delivering to component ComponentInfo{com.htc.sync.provider.weather/com.htc.sync.provider.weather.Receiver}: BroadcastRecord{41708638 com.htc.htclocationservice.currentlocation.updated}
D/Socket_Alarm(29475): registerHTCSocketMonitorCallBack
D/Socket_Alarm(29475): set mSocketMonitor
D/Socket_Alarm(29475): HTCSocketMonitorImpl::HTCSocketMonitorImpl
I/ActivityManager(  468): Process com.lookout:ConnectivityReceiver (pid 29756) has died.
D/PowerManagerService(  468): setTimeoutLocked: now=46435195, timeoutOverride=-1, nextState=0x1, when=46482195 (mKeylightDelay=6000, mDimDelay=47000, mScreenOffDelay=7000)
D/ConnectivityService(  468): sendStickyBroadcast: action=android.net.conn.CONNECTIVITY_CHANGE
V/ActivityManager(  468): Delivering non-ordered to registered BroadcastFilter{413a4c70 ReceiverList{413a4bf8 468 system/1000 local:413a4a48}}: BroadcastRecord{416aa658 android.net.conn.CONNECTIVITY_CHANGE}
I/ActivityManager(  468): Delivering to BroadcastFilter{413a4c70 ReceiverList{413a4bf8 468 system/1000 local:413a4a48}}
V/ActivityManager(  468): Delivering non-ordered to registered BroadcastFilter{40fc0810 ReceiverList{40fc77e8 468 system/1000 local:40fe8678}}: BroadcastRecord{416aa658 android.net.conn.CONNECTIVITY_CHANGE}
I/ActivityManager(  468): Delivering to BroadcastFilter{40fc0810 ReceiverList{40fc77e8 468 system/1000 local:40fe8678}}
V/ActivityManager(  468): Delivering non-ordered to registered BroadcastFilter{412cdcc0 ReceiverList{412cdc48 468 system/1000 local:412cda98}}: BroadcastRecord{416aa658 android.net.conn.CONNECTIVITY_CHANGE}
I/ActivityManager(  468): Delivering to BroadcastFilter{412cdcc0 ReceiverList{412cdc48 468 system/1000 local:412cda98}}
V/ActivityManager(  468): Delivering non-ordered to registered BroadcastFilter{4153ecd0 ReceiverList{4153ec58 468 system/1000 local:4153ea78}}: BroadcastRecord{416aa658 android.net.conn.CONNECTIVITY_CHANGE}
I/ActivityManager(  468): Delivering to BroadcastFilter{4153ecd0 ReceiverList{4153ec58 468 system/1000 local:4153ea78}}
V/ActivityManager(  468): Delivering non-ordered to registered BroadcastFilter{41434a68 ReceiverList{414349f0 468 system/1000 local:41434860}}: BroadcastRecord{416aa658 android.net.conn.CONNECTIVITY_CHANGE}
I/ActivityManager(  468): Delivering to BroadcastFilter{41434a68 ReceiverList{414349f0 468 system/1000 local:41434860}}
V/ActivityManager(  468): Delivering non-ordered to registered BroadcastFilter{4116f630 ReceiverList{4116f5b8 468 system/1000 local:415195e0}}: BroadcastRecord{416aa658 android.net.conn.CONNECTIVITY_CHANGE}
I/ActivityManager(  468): Delivering to BroadcastFilter{4116f630 ReceiverList{4116f5b8 468 system/1000 local:415195e0}}
V/ActivityManager(  468): Delivering non-ordered to registered BroadcastFilter{415b3950 ReceiverList{415b38d8 653 com.android.systemui/1000 remote:415af360}}: BroadcastRecord{416aa658 android.net.conn.CONNECTIVITY_CHANGE}
I/ActivityManager(  468): Delivering to BroadcastFilter{415b3950 ReceiverList{415b38d8 653 com.android.systemui/1000 remote:415af360}}
D/PowerManagerService(  468): acquireWakeLock(41643988): PARTIAL_WAKE_LOCK , tag=SyncLoopWakeLock, flags=0x1, pid=468, uid=1000, mUserState=0x3
D/PhoneStatusBarPolicy(  653): onReceive , action=android.net.conn.CONNECTIVITY_CHANGE
D/PhoneStatusBarPolicy(  653): updateConnectivity , info.getType()=18 , connectionStatus=100
V/ActivityManager(  468): Delivering non-ordered to registered BroadcastFilter{41414210 ReceiverList{41414170 1180 com.movial.ipservice/10103 remote:412dab10}}: BroadcastRecord{416aa658 android.net.conn.CONNECTIVITY_CHANGE}
I/ActivityManager(  468): Delivering to BroadcastFilter{41414210 ReceiverList{41414170 1180 com.movial.ipservice/10103 remote:412dab10}}
V/ActivityManager(  468): Delivering non-ordered to registered BroadcastFilter{41641918 ReceiverList{41641848 774 sys.Manager/10104 remote:416414c8}}: BroadcastRecord{416aa658 android.net.conn.CONNECTIVITY_CHANGE}
I/ActivityManager(  468): Delivering to BroadcastFilter{41641918 ReceiverList{41641848 774 sys.Manager/10104 remote:416414c8}}
V/ActivityManager(  468): Delivering non-ordered to registered BroadcastFilter{4161b360 ReceiverList{415b3018 841 com.google.process.gapps/10017 remote:4142d530}}: BroadcastRecord{416aa658 android.net.conn.CONNECTIVITY_CHANGE}
I/ActivityManager(  468): Delivering to BroadcastFilter{4161b360 ReceiverList{415b3018 841 com.google.process.gapps/10017 remote:4142d530}}
V/ActivityManager(  468): Delivering non-ordered to registered BroadcastFilter{4126bd68 ReceiverList{412c2318 17046 javax.microedition.ims:ims_stack/10189 remote:41375718}}: BroadcastRecord{416aa658 android.net.conn.CONNECTIVITY_CHANGE}
D/ConnectivityService(  468): sendStickyBroadcast: action=android.net.conn.CONNECTIVITY_CHANGE
I/ActivityManager(  468): Delivering to BroadcastFilter{4126bd68 ReceiverList{412c2318 17046 javax.microedition.ims:ims_stack/10189 remote:41375718}}
D/LocationManagerService(  468): ConnectivityChange for USBNET:DISCONNECTED
V/ActivityManager(  468): Start app com.htc.notes for broadcast BroadcastRecord{416aa718 android.net.conn.CONNECTIVITY_CHANGE}
I/ActivityManager(  468): Start proc com.htc.notes for broadcast com.htc.notes/.collection.NotesReceiver: pid=29891 uid=9996 gids={3003, 1015, 1006, 2001}
V/ActivityManager(  468): App com.htc.notes started
V/ActivityManager(  468): Check provider process: com.movial.ipprovider for client process: com.movial.ipservice
D/ActivityManager(  468): isProcessAlive /proc/dying_processes found
V/ActivityManager(  468): Check provider process: com.android.phone for client process: sys.Manager
D/ActivityManager(  468): isProcessAlive /proc/dying_processes found
V/AlarmManager(  468): Adding Alarm{41855e50 type 2 com.carrieriq.tmobile} 103558343
D/ConnectivityService(  468): reportInetCondition for net 1, percentage: 100 by 841/10017
D/ConnectivityService(  468): handleInetConditionChange: net=1, condition=100,mActiveDefaultNetwork=1
D/ConnectivityService(  468): handleInetConditionChange: starting a change hold
D/PowerManagerService(  468): releaseWakeLock(41643988): PARTIAL_WAKE_LOCK , tag=SyncLoopWakeLock, flags=0x1
V/ActivityManager(  468): Delivering to component ComponentInfo{com.htc.notes/com.htc.notes.collection.NotesReceiver}: BroadcastRecord{416aa718 android.net.conn.CONNECTIVITY_CHANGE}
V/ActivityManager(  468): Delivering non-ordered to registered BroadcastFilter{413a4c70 ReceiverList{413a4bf8 468 system/1000 local:413a4a48}}: BroadcastRecord{41a8e6a8 android.net.conn.CONNECTIVITY_CHANGE}
I/ActivityManager(  468): Delivering to BroadcastFilter{413a4c70 ReceiverList{413a4bf8 468 system/1000 local:413a4a48}}
V/ActivityManager(  468): Delivering non-ordered to registered BroadcastFilter{40fc0810 ReceiverList{40fc77e8 468 system/1000 local:40fe8678}}: BroadcastRecord{41a8e6a8 android.net.conn.CONNECTIVITY_CHANGE}
I/ActivityManager(  468): Delivering to BroadcastFilter{40fc0810 ReceiverList{40fc77e8 468 system/1000 local:40fe8678}}
D/PowerManagerService(  468): acquireWakeLock(416fb958): PARTIAL_WAKE_LOCK , tag=GpsLocationProvider, flags=0x1, pid=468, uid=1000, mUserState=0x3
V/ActivityManager(  468): Delivering non-ordered to registered BroadcastFilter{412cdcc0 ReceiverList{412cdc48 468 system/1000 local:412cda98}}: BroadcastRecord{41a8e6a8 android.net.conn.CONNECTIVITY_CHANGE}
I/ActivityManager(  468): Delivering to BroadcastFilter{412cdcc0 ReceiverList{412cdc48 468 system/1000 local:412cda98}}
V/ActivityManager(  468): Delivering non-ordered to registered BroadcastFilter{4153ecd0 ReceiverList{4153ec58 468 system/1000 local:4153ea78}}: BroadcastRecord{41a8e6a8 android.net.conn.CONNECTIVITY_CHANGE}
I/ActivityManager(  468): Delivering to BroadcastFilter{4153ecd0 ReceiverList{4153ec58 468 system/1000 local:4153ea78}}
V/ActivityManager(  468): Delivering non-ordered to registered BroadcastFilter{41434a68 ReceiverList{414349f0 468 system/1000 local:41434860}}: BroadcastRecord{41a8e6a8 android.net.conn.CONNECTIVITY_CHANGE}
I/ActivityManager(  468): Delivering to BroadcastFilter{41434a68 ReceiverList{414349f0 468 system/1000 local:41434860}}
D/WifiService(  468): forceUpdateRSSI when title bar UI already can get RSSI change intent
V/ActivityManager(  468): Delivering non-ordered to registered BroadcastFilter{4116f630 ReceiverList{4116f5b8 468 system/1000 local:415195e0}}: BroadcastRecord{41a8e6a8 android.net.conn.CONNECTIVITY_CHANGE}
I/ActivityManager(  468): Delivering to BroadcastFilter{4116f630 ReceiverList{4116f5b8 468 system/1000 local:415195e0}}
V/ActivityManager(  468): Delivering non-ordered to registered BroadcastFilter{415b3950 ReceiverList{415b38d8 653 com.android.systemui/1000 remote:415af360}}: BroadcastRecord{41a8e6a8 android.net.conn.CONNECTIVITY_CHANGE}
I/ActivityManager(  468): Delivering to BroadcastFilter{415b3950 ReceiverList{415b38d8 653 com.android.systemui/1000 remote:415af360}}
D/WifiStateMachine(  468): fetchRssiAndLinkSpeedNative send RSSIChange intent, newSignalLevel =3mLastSignalLevel = -1
D/PhoneStatusBarPolicy(  653): onReceive , action=android.net.conn.CONNECTIVITY_CHANGE
D/PhoneStatusBarPolicy(  653): updateConnectivity , info.getType()=1 , connectionStatus=100
D/PhoneStatusBarPolicy(  653): silentresetvalue = 0, mTimerEnabled = false
D/PhoneStatusBarPolicy(  653): updateSignalStrength(), no service
D/PhoneStatusBar(  653): updateIcon slot=wifi index=17 viewIndex=10 old=StatusBarIcon(pkg=com.android.systemui id=0x7f02026e level=0 visible=true num=0 ) icon=StatusBarIcon(pkg=com.android.systemui id=0x7f02026e level=0 visible=true num=0 )
D/PhoneStatusBar(  653): updateIcon slot=phone_signal index=24 viewIndex=13 old=StatusBarIcon(pkg=com.android.systemui id=0x7f02012e level=0 visible=true num=0 ) icon=StatusBarIcon(pkg=com.android.systemui id=0x7f02012e level=0 visible=true num=0 )
V/ActivityManager(  468): Delivering non-ordered to registered BroadcastFilter{41414210 ReceiverList{41414170 1180 com.movial.ipservice/10103 remote:412dab10}}: BroadcastRecord{41a8e6a8 android.net.conn.CONNECTIVITY_CHANGE}
I/ActivityManager(  468): Delivering to BroadcastFilter{41414210 ReceiverList{41414170 1180 com.movial.ipservice/10103 remote:412dab10}}
V/ActivityManager(  468): Delivering non-ordered to registered BroadcastFilter{41641918 ReceiverList{41641848 774 sys.Manager/10104 remote:416414c8}}: BroadcastRecord{41a8e6a8 android.net.conn.CONNECTIVITY_CHANGE}
I/ActivityManager(  468): Delivering to BroadcastFilter{41641918 ReceiverList{41641848 774 sys.Manager/10104 remote:416414c8}}
V/ActivityManager(  468): Delivering non-ordered to registered BroadcastFilter{4161b360 ReceiverList{415b3018 841 com.google.process.gapps/10017 remote:4142d530}}: BroadcastRecord{41a8e6a8 android.net.conn.CONNECTIVITY_CHANGE}
I/ActivityManager(  468): Delivering to BroadcastFilter{4161b360 ReceiverList{415b3018 841 com.google.process.gapps/10017 remote:4142d530}}
V/ActivityManager(  468): Delivering non-ordered to registered BroadcastFilter{4126bd68 ReceiverList{412c2318 17046 javax.microedition.ims:ims_stack/10189 remote:41375718}}: BroadcastRecord{41a8e6a8 android.net.conn.CONNECTIVITY_CHANGE}
I/ActivityManager(  468): Delivering to BroadcastFilter{4126bd68 ReceiverList{412c2318 17046 javax.microedition.ims:ims_stack/10189 remote:41375718}}
V/ActivityManager(  468): Check provider process: com.movial.ipprovider for client process: com.movial.ipservice
D/ActivityManager(  468): isProcessAlive /proc/dying_processes found
D/ConnectivityService(  468): reportInetCondition for net 1, percentage: 100 by 841/10017
D/ConnectivityService(  468): handleInetConditionChange: net=1, condition=100,mActiveDefaultNetwork=1
D/ConnectivityService(  468): handleInetConditionChange: currently in hold - not setting new end evt
D/PowerManagerService(  468): acquireWakeLock(41669000): PARTIAL_WAKE_LOCK , tag=SyncLoopWakeLock, flags=0x1, pid=468, uid=1000, mUserState=0x3
D/PowerManagerService(  468): releaseWakeLock(41669000): PARTIAL_WAKE_LOCK , tag=SyncLoopWakeLock, flags=0x1
V/ActivityManager(  468): Delivering non-ordered to registered BroadcastFilter{415b3950 ReceiverList{415b38d8 653 com.android.systemui/1000 remote:415af360}}: BroadcastRecord{41843c28 android.net.wifi.RSSI_CHANGED}
I/ActivityManager(  468): Delivering to BroadcastFilter{415b3950 ReceiverList{415b38d8 653 com.android.systemui/1000 remote:415af360}}
V/ActivityManager(  468): Delivering non-ordered to registered BroadcastFilter{41414210 ReceiverList{41414170 1180 com.movial.ipservice/10103 remote:412dab10}}: BroadcastRecord{41843c28 android.net.wifi.RSSI_CHANGED}
I/ActivityManager(  468): Delivering to BroadcastFilter{41414210 ReceiverList{41414170 1180 com.movial.ipservice/10103 remote:412dab10}}
D/PhoneStatusBarPolicy(  653): onReceive , action=android.net.wifi.RSSI_CHANGED
V/ActivityManager(  468): Check provider process: com.android.phone for client process: sys.Manager
D/ActivityManager(  468): isProcessAlive /proc/dying_processes found
V/ActivityManager(  468): Check provider process: com.android.phone for client process: system
D/LocationManagerService(  468): ConnectivityChange for WIFI:CONNECTED
D/ActivityManager(  468): isProcessAlive /proc/dying_processes found
V/ActivityManager(  468): Start app com.cequint.ecid for broadcast BroadcastRecord{416aa718 android.net.conn.CONNECTIVITY_CHANGE}
V/AlarmManager(  468): Adding Alarm{414050d0 type 0 com.android.providers.htcCheckin} 1337131098930
I/ActivityManager(  468): Start proc com.cequint.ecid for broadcast com.cequint.ecid/.WarmSocketReceiver: pid=29909 uid=10026 gids={3003, 1015, 1007}
V/ActivityManager(  468): App com.cequint.ecid started
V/ActivityManager(  468): Check provider process: com.android.phone for client process: system
D/ActivityManager(  468): isProcessAlive /proc/dying_processes found
V/ActivityManager(  468): Delivering to component ComponentInfo{com.cequint.ecid/com.cequint.ecid.WarmSocketReceiver}: BroadcastRecord{416aa718 android.net.conn.CONNECTIVITY_CHANGE}
D/ConnectivityService(  468): ignoring stopUsingNetworkFeature - not a live request: 0/enableHIPRI by 29909/10026
D/Socket_Alarm(29909): registerHTCSocketMonitorCallBack
D/Socket_Alarm(29909): set mSocketMonitor
D/Socket_Alarm(29909): HTCSocketMonitorImpl::HTCSocketMonitorImpl
V/AlarmManager(  468): Adding Alarm{4129bf58 type 2 com.cequint.ecid} 143100000
V/ActivityManager(  468): Delivering to component ComponentInfo{com.android.providers.downloads/com.android.providers.downloads.DownloadReceiver}: BroadcastRecord{416aa718 android.net.conn.CONNECTIVITY_CHANGE}
D/PowerManagerService(  468): releaseWakeLock(416fb958): PARTIAL_WAKE_LOCK , tag=GpsLocationProvider, flags=0x1
V/ActivityManager(  468): Start app com.facebook.katana for broadcast BroadcastRecord{416aa718 android.net.conn.CONNECTIVITY_CHANGE}
I/ActivityManager(  468): Start proc com.facebook.katana for broadcast com.facebook.katana/.binding.UploadManagerConnectivity: pid=29922 uid=10030 gids={3003, 1015}
V/ActivityManager(  468): App com.facebook.katana started
I/ActivityManager(  468): No longer want com.htc.flexnet (pid 29302): hidden #16, adj=15
V/ActivityManager(  468): Delivering to component ComponentInfo{com.facebook.katana/com.facebook.katana.binding.UploadManagerConnectivity}: BroadcastRecord{416aa718 android.net.conn.CONNECTIVITY_CHANGE}
V/ActivityManager(  468): Start app com.htc.flexnet for broadcast BroadcastRecord{416aa718 android.net.conn.CONNECTIVITY_CHANGE}
I/ActivityManager(  468): Start proc com.htc.flexnet for broadcast com.htc.flexnet/.SystemIntentReceiver: pid=29939 uid=10032 gids={3003}
V/ActivityManager(  468): App com.htc.flexnet started
V/ActivityManager(  468): Delivering to component ComponentInfo{com.htc.flexnet/com.htc.flexnet.SystemIntentReceiver}: BroadcastRecord{416aa718 android.net.conn.CONNECTIVITY_CHANGE}
V/ActivityManager(  468): Delivering to component ComponentInfo{com.google.android.gsf/com.google.android.gsf.checkin.CheckinService$Receiver}: BroadcastRecord{416aa718 android.net.conn.CONNECTIVITY_CHANGE}
D/PowerManagerService(  468): acquireWakeLock(41681348): PARTIAL_WAKE_LOCK , tag=Checkin Handoff, flags=0x1, pid=841, uid=10017, mUserState=0x3
V/ActivityManager(  468): Delivering to component ComponentInfo{com.google.android.gsf/com.google.android.gsf.gtalkservice.ServiceAutoStarter}: BroadcastRecord{416aa718 android.net.conn.CONNECTIVITY_CHANGE}
D/PowerManagerService(  468): acquireWakeLock(413f1ec8): PARTIAL_WAKE_LOCK , tag=Checkin Service, flags=0x1, pid=841, uid=10017, mUserState=0x3
D/PowerManagerService(  468): releaseWakeLock(41681348): PARTIAL_WAKE_LOCK , tag=Checkin Handoff, flags=0x1
V/ActivityManager(  468): Delivering to component ComponentInfo{com.google.android.gsf/com.google.android.gsf.usagestats.StatsUploadService$Receiver}: BroadcastRecord{416aa718 android.net.conn.CONNECTIVITY_CHANGE}
V/AlarmManager(  468): Adding Alarm{40fbded0 type 0 com.google.android.gsf} 1337216191961
I/ActivityManager(  468): No longer want com.htc.htcMessageUploader (pid 29659): hidden #16, adj=15
V/ActivityManager(  468): Delivering to component ComponentInfo{com.htc.htclocationservice/com.htc.htclocationservice.AutoSettingReceiver}: BroadcastRecord{416aa718 android.net.conn.CONNECTIVITY_CHANGE}
V/ActivityManager(  468): Delivering to component ComponentInfo{com.htc.providers.uploads/com.htc.providers.uploads.UploadReceiver}: BroadcastRecord{416aa718 android.net.conn.CONNECTIVITY_CHANGE}
D/PowerManagerService(  468): releaseWakeLock(413f1ec8): PARTIAL_WAKE_LOCK , tag=Checkin Service, flags=0x1
V/ActivityManager(  468): Delivering to component ComponentInfo{com.htc.htcMessageUploader/com.htc.htcMessageUploader.UploadMessageReceiver}: BroadcastRecord{416aa718 android.net.conn.CONNECTIVITY_CHANGE}
V/ActivityManager(  468): Delivering to component ComponentInfo{com.htc.notes/com.htc.notes.provider.notes.NotesReceiver}: BroadcastRecord{416aa718 android.net.conn.CONNECTIVITY_CHANGE}
V/ActivityManager(  468): Delivering to component ComponentInfo{com.tmobile.apppack/com.silentcom.framework.os.impl.OSReceivers}: BroadcastRecord{416aa718 android.net.conn.CONNECTIVITY_CHANGE}
V/ActivityManager(  468): Delivering to component ComponentInfo{com.google.android.apps.uploader/com.google.android.apps.uploader.ConnectivityBroadcastReceiver}: BroadcastRecord{416aa718 android.net.conn.CONNECTIVITY_CHANGE}
D/ConnectivityService(  468): handleInetConditionHoldEnd: net=1, condition=100, published condition=100
D/ConnectivityService(  468): sendStickyBroadcast: action=android.net.conn.INET_CONDITION_ACTION
V/ActivityManager(  468): Delivering to component ComponentInfo{com.htc.cs/com.htc.cs.receiver.PoweronReceiver}: BroadcastRecord{416aa718 android.net.conn.CONNECTIVITY_CHANGE}
V/ActivityManager(  468): Delivering non-ordered to registered BroadcastFilter{415b3950 ReceiverList{415b38d8 653 com.android.systemui/1000 remote:415af360}}: BroadcastRecord{4157cf50 android.net.conn.INET_CONDITION_ACTION}
I/ActivityManager(  468): Delivering to BroadcastFilter{415b3950 ReceiverList{415b38d8 653 com.android.systemui/1000 remote:415af360}}
D/PhoneStatusBarPolicy(  653): onReceive , action=android.net.conn.INET_CONDITION_ACTION
D/PhoneStatusBarPolicy(  653): updateConnectivity , info.getType()=1 , connectionStatus=100
D/PhoneStatusBarPolicy(  653): silentresetvalue = 0, mTimerEnabled = false
D/PhoneStatusBarPolicy(  653): updateSignalStrength(), no service
D/PhoneStatusBar(  653): updateIcon slot=wifi index=17 viewIndex=10 old=StatusBarIcon(pkg=com.android.systemui id=0x7f02026e level=0 visible=true num=0 ) icon=StatusBarIcon(pkg=com.android.systemui id=0x7f02026e level=0 visible=true num=0 )
D/PhoneStatusBar(  653): updateIcon slot=phone_signal index=24 viewIndex=13 old=StatusBarIcon(pkg=com.android.systemui id=0x7f02012e level=0 visible=true num=0 ) icon=StatusBarIcon(pkg=com.android.systemui id=0x7f02012e level=0 visible=true num=0 )
V/ActivityManager(  468): Delivering to component ComponentInfo{com.htc.reportagent/com.htc.reportagent.receiver.ReportAgentReceiver}: BroadcastRecord{416aa718 android.net.conn.CONNECTIVITY_CHANGE}
V/ActivityManager(  468): Delivering to component ComponentInfo{com.google.android.apps.plus/com.google.android.picasasync.ConnectivityReceiver}: BroadcastRecord{416aa718 android.net.conn.CONNECTIVITY_CHANGE}
V/ActivityManager(  468): Start app com.lookout:ConnectivityReceiver for broadcast BroadcastRecord{416aa718 android.net.conn.CONNECTIVITY_CHANGE}
I/ActivityManager(  468): Start proc com.lookout:ConnectivityReceiver for broadcast com.lookout/.ConnectivityReceiver: pid=29955 uid=10192 gids={3003, 1007, 1015}
V/ActivityManager(  468): App com.lookout:ConnectivityReceiver started
V/ActivityManager(  468): Delivering to component ComponentInfo{com.lookout/com.lookout.ConnectivityReceiver}: BroadcastRecord{416aa718 android.net.conn.CONNECTIVITY_CHANGE}
I/ActivityManager(  468): No longer want com.tmobile.highlight (pid 29792): hidden #16, adj=15
V/ActivityManager(  468): Delivering to component ComponentInfo{com.htc.notes/com.htc.notes.collection.NotesReceiver}: BroadcastRecord{41a86e48 android.net.conn.CONNECTIVITY_CHANGE}
V/ActivityManager(  468): Delivering to component ComponentInfo{com.cequint.ecid/com.cequint.ecid.WarmSocketReceiver}: BroadcastRecord{41a86e48 android.net.conn.CONNECTIVITY_CHANGE}
V/ActivityManager(  468): Delivering to component ComponentInfo{com.android.providers.downloads/com.android.providers.downloads.DownloadReceiver}: BroadcastRecord{41a86e48 android.net.conn.CONNECTIVITY_CHANGE}
D/NotificationService(  468): cancelAllNotificationsInt
V/ActivityManager(  468): Delivering to component ComponentInfo{com.facebook.katana/com.facebook.katana.binding.UploadManagerConnectivity}: BroadcastRecord{41a86e48 android.net.conn.CONNECTIVITY_CHANGE}
V/ActivityManager(  468): Delivering to component ComponentInfo{com.htc.flexnet/com.htc.flexnet.SystemIntentReceiver}: BroadcastRecord{41a86e48 android.net.conn.CONNECTIVITY_CHANGE}
V/ActivityManager(  468): Delivering to component ComponentInfo{com.google.android.gsf/com.google.android.gsf.checkin.CheckinService$Receiver}: BroadcastRecord{41a86e48 android.net.conn.CONNECTIVITY_CHANGE}
D/PowerManagerService(  468): acquireWakeLock(4138a968): PARTIAL_WAKE_LOCK , tag=Checkin Handoff, flags=0x1, pid=841, uid=10017, mUserState=0x3
D/PowerManagerService(  468): acquireWakeLock(41626cb8): PARTIAL_WAKE_LOCK , tag=Checkin Service, flags=0x1, pid=841, uid=10017, mUserState=0x3
D/PowerManagerService(  468): releaseWakeLock(4138a968): PARTIAL_WAKE_LOCK , tag=Checkin Handoff, flags=0x1
V/ActivityManager(  468): Delivering to component ComponentInfo{com.google.android.gsf/com.google.android.gsf.gtalkservice.ServiceAutoStarter}: BroadcastRecord{41a86e48 android.net.conn.CONNECTIVITY_CHANGE}
V/AlarmManager(  468): Adding Alarm{415b6c10 type 0 com.google.android.gsf} 1337216191961
V/ActivityManager(  468): Delivering to component ComponentInfo{com.google.android.gsf/com.google.android.gsf.usagestats.StatsUploadService$Receiver}: BroadcastRecord{41a86e48 android.net.conn.CONNECTIVITY_CHANGE}
D/PowerManagerService(  468): releaseWakeLock(41626cb8): PARTIAL_WAKE_LOCK , tag=Checkin Service, flags=0x1
V/ActivityManager(  468): Delivering to component ComponentInfo{com.htc.htclocationservice/com.htc.htclocationservice.AutoSettingReceiver}: BroadcastRecord{41a86e48 android.net.conn.CONNECTIVITY_CHANGE}
V/ActivityManager(  468): Delivering to component ComponentInfo{com.htc.providers.uploads/com.htc.providers.uploads.UploadReceiver}: BroadcastRecord{41a86e48 android.net.conn.CONNECTIVITY_CHANGE}
V/ActivityManager(  468): Start app com.htc.htcMessageUploader for broadcast BroadcastRecord{41a86e48 android.net.conn.CONNECTIVITY_CHANGE}
I/ActivityManager(  468): Start proc com.htc.htcMessageUploader for broadcast com.htc.htcMessageUploader/.UploadMessageReceiver: pid=29973 uid=10060 gids={3003}
V/ActivityManager(  468): App com.htc.htcMessageUploader started
V/ActivityManager(  468): Delivering to component ComponentInfo{com.htc.htcMessageUploader/com.htc.htcMessageUploader.UploadMessageReceiver}: BroadcastRecord{41a86e48 android.net.conn.CONNECTIVITY_CHANGE}
V/ActivityManager(  468): Delivering to component ComponentInfo{com.htc.notes/com.htc.notes.provider.notes.NotesReceiver}: BroadcastRecord{41a86e48 android.net.conn.CONNECTIVITY_CHANGE}
D/Socket_Alarm(29973): registerHTCSocketMonitorCallBack
D/Socket_Alarm(29973): set mSocketMonitor
D/Socket_Alarm(29973): HTCSocketMonitorImpl::HTCSocketMonitorImpl
V/ActivityManager(  468): Delivering to component ComponentInfo{com.tmobile.apppack/com.silentcom.framework.os.impl.OSReceivers}: BroadcastRecord{41a86e48 android.net.conn.CONNECTIVITY_CHANGE}
V/ActivityManager(  468): Delivering to component ComponentInfo{com.google.android.apps.uploader/com.google.android.apps.uploader.ConnectivityBroadcastReceiver}: BroadcastRecord{41a86e48 android.net.conn.CONNECTIVITY_CHANGE}
V/ActivityManager(  468): Delivering to component ComponentInfo{com.htc.cs/com.htc.cs.receiver.PoweronReceiver}: BroadcastRecord{41a86e48 android.net.conn.CONNECTIVITY_CHANGE}
V/ActivityManager(  468): Delivering to component ComponentInfo{com.htc.reportagent/com.htc.reportagent.receiver.ReportAgentReceiver}: BroadcastRecord{41a86e48 android.net.conn.CONNECTIVITY_CHANGE}
V/ActivityManager(  468): Delivering to component ComponentInfo{com.google.android.apps.plus/com.google.android.picasasync.ConnectivityReceiver}: BroadcastRecord{41a86e48 android.net.conn.CONNECTIVITY_CHANGE}
V/ActivityManager(  468): Delivering to component ComponentInfo{com.lookout/com.lookout.ConnectivityReceiver}: BroadcastRecord{41a86e48 android.net.conn.CONNECTIVITY_CHANGE}
D/WifiStateMachine(  468): fetchRssiAndLinkSpeedNative send RSSIChange intent, SameSignalLevelCount =1
V/ActivityManager(  468): Delivering non-ordered to registered BroadcastFilter{415b3950 ReceiverList{415b38d8 653 com.android.systemui/1000 remote:415af360}}: BroadcastRecord{41758a60 android.net.wifi.RSSI_CHANGED}
I/ActivityManager(  468): Delivering to BroadcastFilter{415b3950 ReceiverList{415b38d8 653 com.android.systemui/1000 remote:415af360}}
V/ActivityManager(  468): Delivering non-ordered to registered BroadcastFilter{41414210 ReceiverList{41414170 1180 com.movial.ipservice/10103 remote:412dab10}}: BroadcastRecord{41758a60 android.net.wifi.RSSI_CHANGED}
I/ActivityManager(  468): Delivering to BroadcastFilter{41414210 ReceiverList{41414170 1180 com.movial.ipservice/10103 remote:412dab10}}
D/PhoneStatusBarPolicy(  653): onReceive , action=android.net.wifi.RSSI_CHANGED
I/ActivityManager(  468): No longer want com.htc.calendar (pid 29845): hidden #16, adj=15
I/ActivityManager(  468): No longer want com.android.settings (pid 29817): hidden #16, adj=15
V/UsbDeviceManager(  468): [USBNET] USB UEVENT: {USB_STATE=DISCONNECTED, SUBSYSTEM=android_usb, DEVPATH=/devices/virtual/android_usb/android0, SEQNUM=58319, ACTION=change}
I/Vold    (  201): un-mount CDROM, USB_STATE=DISCONNECTED
V/UsbDeviceManager(  468): [USBNET] USB UEVENT: {SUBSYSTEM=switch, SWITCH_STATE=0, DEVPATH=/devices/virtual/switch/usb_connect2pc, SEQNUM=58320, ACTION=change, SWITCH_NAME=usb_connect2pc}
D/UsbDeviceManager(  468): [USBNET] update2: 5,0
W/Vold    (  201): USB disconnected
W/Vold    (  201): Share method ums now unavailable
D/VoldConnector(  468): listenToSocket read--: (37,0)
D/VoldConnector(  468): RCV <- {620 Share method ums now unavailable}
I/MountService(  468): onEvent:: raw= 620 Share method ums now unavailable cooked =  620 Share method ums now unavailable
D/BatteryService(  468): UEvent updateBatteryStats
D/PowerManagerService(  468): acquireWakeLock(412d9ad8): PARTIAL_WAKE_LOCK , tag=BatteryServiceUpdateStats, flags=0x1, pid=468, uid=1000, mUserState=0x3
D/BatteryService(  468): Battery test is enabled: false
D/BatteryService(  468): sendIntent: level=99, scale=100, status=4, health=2, present=true, voltage=4123, temperature=261, technology=Li-ion, AC powered=false, USB powered=false, Wireless powered=false, Overload=false, icon=17302774, invalid charger=0
D/MountService(  468): sharing = 0 
D/BatteryService(  468): sendIntentForSmartSync: Intent { act=com.htc.system.battery.PLUG_CHANGED (has extras) }
I/StorageNotification(  653): UMS connection changed to false (media state mounted)
V/ActivityManager(  468): Delivering non-ordered to registered BroadcastFilter{412c7d58 ReceiverList{413b00c0 468 system/1000 local:412ed978}}: BroadcastRecord{418608e0 android.intent.action.BATTERY_CHANGED}
I/ActivityManager(  468): Delivering to BroadcastFilter{412c7d58 ReceiverList{413b00c0 468 system/1000 local:412ed978}}
V/ActivityManager(  468): Delivering non-ordered to registered BroadcastFilter{40f9d648 ReceiverList{40f9d5f0 468 system/1000 local:40f0ed30}}: BroadcastRecord{418608e0 android.intent.action.BATTERY_CHANGED}
I/ActivityManager(  468): Delivering to BroadcastFilter{40f9d648 ReceiverList{40f9d5f0 468 system/1000 local:40f0ed30}}
V/ActivityManager(  468): Delivering non-ordered to registered BroadcastFilter{40f13b80 ReceiverList{40f351d8 468 system/1000 local:40f3bff8}}: BroadcastRecord{418608e0 android.intent.action.BATTERY_CHANGED}
I/ActivityManager(  468): Delivering to BroadcastFilter{40f13b80 ReceiverList{40f351d8 468 system/1000 local:40f3bff8}}
V/ActivityManager(  468): Delivering non-ordered to registered BroadcastFilter{40fc0810 ReceiverList{40fc77e8 468 system/1000 local:40fe8678}}: BroadcastRecord{418608e0 android.intent.action.BATTERY_CHANGED}
I/ActivityManager(  468): Delivering to BroadcastFilter{40fc0810 ReceiverList{40fc77e8 468 system/1000 local:40fe8678}}
V/ActivityManager(  468): Delivering non-ordered to registered BroadcastFilter{40d8d708 ReceiverList{40d91a00 468 system/1000 local:40e95748}}: BroadcastRecord{418608e0 android.intent.action.BATTERY_CHANGED}
I/ActivityManager(  468): Delivering to BroadcastFilter{40d8d708 ReceiverList{40d91a00 468 system/1000 local:40e95748}}
V/ActivityManager(  468): Delivering non-ordered to registered BroadcastFilter{412010b0 ReceiverList{41208878 468 system/1000 local:40f7d378}}: BroadcastRecord{418608e0 android.intent.action.BATTERY_CHANGED}
I/ActivityManager(  468): Delivering to BroadcastFilter{412010b0 ReceiverList{41208878 468 system/1000 local:40f7d378}}
V/ActivityManager(  468): Delivering non-ordered to registered BroadcastFilter{41347018 ReceiverList{4134b680 653 com.android.systemui/1000 remote:41536e80}}: BroadcastRecord{418608e0 android.intent.action.BATTERY_CHANGED}
I/ActivityManager(  468): Delivering to BroadcastFilter{41347018 ReceiverList{4134b680 653 com.android.systemui/1000 remote:41536e80}}
V/ActivityManager(  468): Delivering non-ordered to registered BroadcastFilter{41445798 ReceiverList{41445720 468 system/1000 local:41445500}}: BroadcastRecord{418608e0 android.intent.action.BATTERY_CHANGED}
I/ActivityManager(  468): Delivering to BroadcastFilter{41445798 ReceiverList{41445720 468 system/1000 local:41445500}}
V/ActivityManager(  468): Delivering non-ordered to registered BroadcastFilter{41239960 ReceiverList{4123aa40 653 com.android.systemui/1000 remote:4129ee38}}: BroadcastRecord{418608e0 android.intent.action.BATTERY_CHANGED}
I/ActivityManager(  468): Delivering to BroadcastFilter{41239960 ReceiverList{4123aa40 653 com.android.systemui/1000 remote:4129ee38}}
V/ActivityManager(  468): Delivering non-ordered to registered BroadcastFilter{41316380 ReceiverList{4131a8a0 744 com.android.phone/1001 remote:412478e0}}: BroadcastRecord{418608e0 android.intent.action.BATTERY_CHANGED}
I/ActivityManager(  468): Delivering to BroadcastFilter{41316380 ReceiverList{4131a8a0 744 com.android.phone/1001 remote:412478e0}}
D/PowerManagerService(  468): releaseWakeLock(4163a760): SCREEN_DIM_WAKE_LOCK , tag=StayOnWhilePluggedIn Screen Dim, flags=0x6
D/PowerManagerService(  468): releaseWakeLock(414ed880): PARTIAL_WAKE_LOCK , tag=StayOnWhilePluggedIn Partial, flags=0x1
D/UsbDeviceManager(  468): [USBNET] handleMessage: 5; mConnected=true, mConfiguration=true
D/PowerManagerService(  468): setPowerState: mPowerState=0x3, newState=0x3, noChangeLights=false, reason=3, force=false, mProximitySensorActive=false, mBootCompleted=true, mUseSoftwareAutoBrightness=true (repeat:2)
D/PowerManagerService(  468): setPowerState: mPowerState=0x3, newState=0x3, noChangeLights=false, reason=2, force=false, mProximitySensorActive=false, mBootCompleted=true, mUseSoftwareAutoBrightness=true
D/PowerManagerService(  468): setTimeoutLocked: now=46437644, timeoutOverride=-1, nextState=0x3, when=46443644 (mKeylightDelay=6000, mDimDelay=47000, mScreenOffDelay=7000)
D/StatusBar.BatteryController(  653): updateBattery level=99 icon=17302774 status=4
D/PowerUI (  653): onReceive , action=android.intent.action.BATTERY_CHANGED
D/PowerUI (  653): level          100 --> 99
D/PowerUI (  653): status         5 --> 4
D/PowerUI (  653): plugType       2 --> 0
D/PowerUI (  653): invalidCharger 0 --> 0
D/PowerUI (  653): bucket         1 --> 1
D/PowerUI (  653): plugged        true --> false
D/PowerUI (  653): health         2
D/PowerUI (  653): plugged = false, health = 2, mBatteryLevel = 99, mPluggedBatteryLevel = 100, mLowBatteryWarningLevel2 = 25, mshowLowChargingWarning2 = true
D/WifiService(  468): ACTION_BATTERY_CHANGED pluggedType: 0
D/NotificationService(  468): mIntentReceiver() Intent.ACTION_BATTERY_CHANGED
D/NotificationService(  468): batteryCharging=false, level=99, status=4, health=2
V/NotificationService(  468): dual Led off
V/ActivityManager(  468): Delivering non-ordered to registered BroadcastFilter{4125dcb0 ReceiverList{41261fe8 774 sys.Manager/10104 remote:41171df8}}: BroadcastRecord{418608e0 android.intent.action.BATTERY_CHANGED}
I/ActivityManager(  468): Delivering to BroadcastFilter{4125dcb0 ReceiverList{41261fe8 774 sys.Manager/10104 remote:41171df8}}
V/ActivityManager(  468): Delivering non-ordered to registered BroadcastFilter{41564cf0 ReceiverList{41564c50 1313 com.htc.CruiserPwrExpert/10019 remote:41564a60}}: BroadcastRecord{418608e0 android.intent.action.BATTERY_CHANGED}
I/ActivityManager(  468): Delivering to BroadcastFilter{41564cf0 ReceiverList{41564c50 1313 com.htc.CruiserPwrExpert/10019 remote:41564a60}}
V/ActivityManager(  468): Delivering to component ComponentInfo{com.carrieriq.tmobile/com.carrieriq.tmobile.service.receivers.BootCompletedReceiver}: BroadcastRecord{417ec1d0 android.intent.action.UMS_DISCONNECTED}
D/PowerManagerService(  468): runHtcPowerSaverCheck ======================================
V/ActivityManager(  468): Start app com.htc.android.mail for broadcast BroadcastRecord{414fff80 com.htc.system.battery.PLUG_CHANGED}
I/ActivityManager(  468): Start proc com.htc.android.mail for broadcast com.htc.android.mail/.mailservice.UsbStateReceiver: pid=30002 uid=10118 gids={3003, 1015}
V/ActivityManager(  468): App com.htc.android.mail started
D/PowerManagerService(  468): releaseWakeLock(412d9ad8): PARTIAL_WAKE_LOCK , tag=BatteryServiceUpdateStats, flags=0x1
V/ActivityManager(  468): Delivering non-ordered to registered BroadcastFilter{40fecab0 ReceiverList{4109b628 759 android.process.acore/10018 remote:4121f2b0}}: BroadcastRecord{41757f90 android.intent.action.ACTION_POWER_DISCONNECTED}
I/ActivityManager(  468): Delivering to BroadcastFilter{40fecab0 ReceiverList{4109b628 759 android.process.acore/10018 remote:4121f2b0}}
V/ActivityManager(  468): Delivering non-ordered to registered BroadcastFilter{4125dcb0 ReceiverList{41261fe8 774 sys.Manager/10104 remote:41171df8}}: BroadcastRecord{41757f90 android.intent.action.ACTION_POWER_DISCONNECTED}
I/ActivityManager(  468): Delivering to BroadcastFilter{4125dcb0 ReceiverList{41261fe8 774 sys.Manager/10104 remote:41171df8}}
D/BatteryService(  468): UEvent updateBatteryStats
D/PowerManagerService(  468): acquireWakeLock(416e70b0): PARTIAL_WAKE_LOCK , tag=BatteryServiceUpdateStats, flags=0x1, pid=468, uid=1000, mUserState=0x3
D/BatteryService(  468): Battery test is enabled: false
D/PowerManagerService(  468): releaseWakeLock(416e70b0): PARTIAL_WAKE_LOCK , tag=BatteryServiceUpdateStats, flags=0x1
D/UsbDeviceManager(  468): [USBNET] sendStickyBroadcast ACTION_USB_CONNECT2PC: 0
V/ActivityManager(  468): Delivering to component ComponentInfo{com.htc.android.mail/com.htc.android.mail.mailservice.UsbStateReceiver}: BroadcastRecord{414fff80 com.htc.system.battery.PLUG_CHANGED}
D/BatteryStatsImpl(  468): Histroy sync to disk at 05f56db9 (00000000+05f56db9)
I/ActivityManager(  468): Start proc com.htc.android.mail:sync for content provider com.htc.android.mail/.MailProvider: pid=30015 uid=10118 gids={3003, 1015}
I/ActivityManager(  468): No longer want com.htc.notes (pid 29891): hidden #16, adj=15
I/ActivityManager(  468): No longer want com.movial.ipprovider (pid 29864): hidden #17, adj=15
V/ActivityManager(  468): Delivering to component ComponentInfo{com.htc.CruiserPwrExpert/com.htc.CruiserPwrExpert.CruiserPwrExpertReceiver}: BroadcastRecord{41758050 android.intent.action.ACTION_POWER_DISCONNECTED}
V/ActivityManager(  468): Delivering to component ComponentInfo{com.htc.flexnet/com.htc.flexnet.SystemIntentReceiver}: BroadcastRecord{41758050 android.intent.action.ACTION_POWER_DISCONNECTED}
V/ActivityManager(  468): Start app com.htc.autobot.cargps.provider for broadcast BroadcastRecord{41758050 android.intent.action.ACTION_POWER_DISCONNECTED}
I/ActivityManager(  468): Start proc com.htc.autobot.cargps.provider for broadcast com.htc.autobot.cargps.provider/.UsbReceiver: pid=30033 uid=1000 gids={1015, 3002, 3001, 3003, 5001, 5004, -1, 3007, 3006, 1006, 1023, 1007, 2001}
V/ActivityManager(  468): App com.htc.autobot.cargps.provider started
V/ActivityManager(  468): Delivering to component ComponentInfo{com.htc.autobot.cargps.provider/com.htc.autobot.cargps.provider.UsbReceiver}: BroadcastRecord{41758050 android.intent.action.ACTION_POWER_DISCONNECTED}
I/ActivityManager(  468): No longer want com.cequint.ecid (pid 29909): hidden #16, adj=15
V/ActivityManager(  468): Delivering to component ComponentInfo{com.htc.autobot/com.htc.autobot.UsbReceiver}: BroadcastRecord{41758050 android.intent.action.ACTION_POWER_DISCONNECTED}
V/ActivityManager(  468): Delivering to component ComponentInfo{com.htc.reportagent/com.htc.reportagent.receiver.ReportAgentReceiver}: BroadcastRecord{41758050 android.intent.action.ACTION_POWER_DISCONNECTED}
V/ActivityManager(  468): Delivering to component ComponentInfo{com.google.android.apps.plus/com.google.android.picasasync.BatteryReceiver}: BroadcastRecord{41758050 android.intent.action.ACTION_POWER_DISCONNECTED}
V/ActivityManager(  468): Delivering to component ComponentInfo{com.htc.android.psclient/com.htc.android.psclient.UsbConnectedReceiver}: BroadcastRecord{416ed8b8 android.hardware.usb.action.USB_CONNECT2PC}
V/ActivityManager(  468): Start app com.android.settings for broadcast BroadcastRecord{416efef8 com.htc.usb.change}
I/ActivityManager(  468): Start proc com.android.settings for broadcast com.android.settings/.MLReceiver: pid=30048 uid=1000 gids={1015, 3002, 3001, 3003, 5001, 5004, -1, 3007, 3006, 1006, 1023, 1007, 2001}
V/ActivityManager(  468): App com.android.settings started
V/ActivityManager(  468): Delivering non-ordered to registered BroadcastFilter{416ed3b0 ReceiverList{416f3978 29770 com.htc.bgp/10014 remote:40e02fc0}}: BroadcastRecord{412a78f0 INTENT_CLOSE_BY_USB_DISCONNECT}
I/ActivityManager(  468): Delivering to BroadcastFilter{416ed3b0 ReceiverList{416f3978 29770 com.htc.bgp/10014 remote:40e02fc0}}
D/WindowManager(  468): RecentApps, w=270, h=480, appToken=Token{41073350 ActivityRecord{40db6520 com.htc.android.psclient/.UsbConnectionSettings}}
D/WindowManager(  468): RecentApps, w=270, h=480, rot=0, scale=0.5
D/PowerManagerService(  468): acquireWakeLock(416bd360): PARTIAL_WAKE_LOCK , tag=ActivityManager-Launch, flags=0x1, pid=468, uid=1000, mUserState=0x3
V/ActivityManager(  468): Delivering to component ComponentInfo{com.android.settings/com.android.settings.MLReceiver}: BroadcastRecord{416efef8 com.htc.usb.change}
